ARM Linker, 5.03 [Build 76] [MDK-ARM Lite]

==============================================================================

Section Cross References

    main.o(.text) refers to _printf_percent.o(.ARM.Collect$$_printf_percent$$00000000) for _printf_percent
    main.o(.text) refers to _printf_f.o(.ARM.Collect$$_printf_percent$$00000003) for _printf_f
    main.o(.text) refers to printf1.o(x$fpl$printf1) for _printf_fp_dec
    main.o(.text) refers to pwmout_api.o(i.pwmout_period) for pwmout_period
    main.o(.text) refers to main.o(i._ZN4mbed6PwmOut5writeEf) for mbed::PwmOut::write(float)
    main.o(.text) refers to grove_lcd_rgb_backlight.o(.text) for Grove_LCD_RGB_Backlight::clear()
    main.o(.text) refers to cmsis_nvic.o(i.NVIC_SetVector) for NVIC_SetVector
    main.o(.text) refers to dflt_clz.o(x$fpl$dflt) for __aeabi_i2d
    main.o(.text) refers to dmul.o(x$fpl$dmul) for __aeabi_dmul
    main.o(.text) refers to drleqf.o(x$fpl$drleqf) for __aeabi_cdrcmple
    main.o(.text) refers to fflt_clz.o(x$fpl$fflt) for __aeabi_i2f
    main.o(.text) refers to fdiv.o(x$fpl$fdiv) for __aeabi_fdiv
    main.o(.text) refers to f2d.o(x$fpl$f2d) for __aeabi_f2d
    main.o(.text) refers to __2sprintf.o(.text) for __2sprintf
    main.o(.text) refers to analogin_api.o(i.analogin_read) for analogin_read
    main.o(.text) refers to pwmout_api.o(i.pwmout_init) for pwmout_init
    main.o(.text) refers to analogin_api.o(i.analogin_init) for analogin_init
    main.o(.text) refers to main.o(.data) for E1
    main.o(.text) refers to main.o(.constdata) for .constdata
    main.o(.ARM.exidx) refers to main.o(.text) for .text
    main.o(.init_array) refers to main.o(.text) for __sti___8_main_cpp
    main.o(.init_array) refers to init_aeabi.o(.text) for __cpp_initialize__aeabi_
    grove_lcd_rgb_backlight.o(.text) refers to I2C.o(i._ZN4mbed3I2C5writeEiPKcib) for mbed::I2C::write(int, const char*, int, bool)
    grove_lcd_rgb_backlight.o(.text) refers to wait_api.o(i.wait_us) for wait_us
    grove_lcd_rgb_backlight.o(.text) refers to wait_api.o(i.wait_ms) for wait_ms
    grove_lcd_rgb_backlight.o(.text) refers to I2C.o(i._ZN4mbed3I2CC1E7PinNameS1_) for mbed::I2C::I2C(PinName, PinName)
    grove_lcd_rgb_backlight.o(.text) refers to grove_lcd_rgb_backlight.o(.data) for _displaycontrol
    grove_lcd_rgb_backlight.o(.ARM.exidx) refers to grove_lcd_rgb_backlight.o(.text) for .text
    cmsis_nvic.o(i.NVIC_SetVector) refers to rt_memmove_w.o(.text) for __aeabi_memmove4
    system_LPC17xx.o(i.SystemCoreClockUpdate) refers to lludivv7m.o(.text) for __aeabi_uldivmod
    system_LPC17xx.o(i.SystemCoreClockUpdate) refers to system_LPC17xx.o(.data) for .data
    sys.o(.ARM.exidx) refers to sys.o(i.__user_setup_stackheap) for i.__user_setup_stackheap
    board.o(i.mbed_die) refers to gpio.o(i.gpio_init_out) for gpio_init_out
    board.o(i.mbed_die) refers to assert.o(i.mbed_assert_internal) for mbed_assert_internal
    board.o(i.mbed_die) refers to wait_api.o(i.wait_ms) for wait_ms
    board.o(i.mbed_die) refers to board.o(.constdata) for .constdata
    retarget.o(i.$Sub$$main) refers to retarget.o(i.mbed_sdk_init) for mbed_sdk_init
    retarget.o(i.$Sub$$main) refers to retarget.o(i.mbed_main) for mbed_main
    retarget.o(i.$Sub$$main) refers to main.o(.text) for $Super$$main
    retarget.o(i._ZN4mbed10FileHandleD0Ev) refers to delete.o(i._ZdlPv) for operator delete (void*)
    retarget.o(i._ZN4mbed10FileHandleD0Ev) refers to retarget.o(.constdata__ZTVN4mbed10FileHandleE) for vtable for mbed::FileHandle
    retarget.o(i._ZN4mbed10FileHandleD0Ev) refers to retarget.o(.bss) for .bss
    retarget.o(i._ZN4mbed10FileHandleD2Ev) refers to retarget.o(.constdata__ZTVN4mbed10FileHandleE) for vtable for mbed::FileHandle
    retarget.o(i._ZN4mbed10FileHandleD2Ev) refers to retarget.o(.bss) for .bss
    retarget.o(i._sys_close) refers to retarget.o(.bss) for .bss
    retarget.o(i._sys_ensure) refers to retarget.o(.bss) for .bss
    retarget.o(i._sys_flen) refers to retarget.o(.bss) for .bss
    retarget.o(i._sys_istty) refers to retarget.o(.bss) for .bss
    retarget.o(i._sys_open) refers to _scanf_int.o(.text) for _scanf_int
    retarget.o(i._sys_open) refers to strcmpv7m.o(.text) for strcmp
    retarget.o(i._sys_open) refers to serial_api.o(i.serial_init) for serial_init
    retarget.o(i._sys_open) refers to FilePath.o(i._ZN4mbed8FilePathC1EPKc) for mbed::FilePath::FilePath(const char*)
    retarget.o(i._sys_open) refers to FilePath.o(i._ZN4mbed8FilePath6existsEv) for mbed::FilePath::exists()
    retarget.o(i._sys_open) refers to FilePath.o(i._ZN4mbed8FilePath6isFileEv) for mbed::FilePath::isFile()
    retarget.o(i._sys_open) refers to FilePath.o(i._ZN4mbed8FilePath4fileEv) for mbed::FilePath::file()
    retarget.o(i._sys_open) refers to __0sscanf.o(.text) for __0sscanf
    retarget.o(i._sys_open) refers to FilePath.o(i._ZN4mbed8FilePath10fileSystemEv) for mbed::FilePath::fileSystem()
[...]
    PinMap_UART_RX                           0x00005204   Data         108  serial_api.o(.constdata)
    PinMap_UART_RTS                          0x00005270   Data          36  serial_api.o(.constdata)
    PinMap_UART_CTS                          0x00005294   Data          36  serial_api.o(.constdata)
    .constdata                               0x00005450   Section      103  gpio.o(.constdata)
    .constdata                               0x000054b8   Section      104  gpio_api.o(.constdata)
    .constdata                               0x00005520   Section      235  i2c_api.o(.constdata)
    PinMap_I2C_SDA                           0x00005520   Data          60  i2c_api.o(.constdata)
    PinMap_I2C_SCL                           0x0000555c   Data          60  i2c_api.o(.constdata)
    I2C_addr_offset                          0x00005598   Data          32  i2c_api.o(.constdata)
    .constdata                               0x0000560c   Section       84  pinmap.o(.constdata)
    .constdata                               0x00005660   Section       17  __printf_flags_ss_wp.o(.constdata)
    maptable                                 0x00005660   Data          17  __printf_flags_ss_wp.o(.constdata)
    .constdata                               0x00005674   Section        8  _printf_wctomb.o(.constdata)
    initial_mbstate                          0x00005674   Data           8  _printf_wctomb.o(.constdata)
    .constdata                               0x0000567c   Section       40  _printf_hex_int_ll_ptr.o(.constdata)
    uc_hextab                                0x0000567c   Data          20  _printf_hex_int_ll_ptr.o(.constdata)
    lc_hextab                                0x00005690   Data          20  _printf_hex_int_ll_ptr.o(.constdata)
    .constdata                               0x000056a4   Section       38  _printf_fp_hex.o(.constdata)
    lc_hextab                                0x000056a4   Data          19  _printf_fp_hex.o(.constdata)
    uc_hextab                                0x000056b7   Data          19  _printf_fp_hex.o(.constdata)
    .constdata                               0x000056cc   Section      148  bigflt0.o(.constdata)
    tenpwrs_x                                0x000056cc   Data          60  bigflt0.o(.constdata)
    tenpwrs_i                                0x00005708   Data          64  bigflt0.o(.constdata)
    locale$$data                             0x00005780   Section       28  lc_numeric_c.o(locale$$data)
    __lcnum_c_name                           0x00005784   Data           2  lc_numeric_c.o(locale$$data)
    __lcnum_c_start                          0x0000578c   Data           0  lc_numeric_c.o(locale$$data)
    __lcnum_c_point                          0x00005798   Data           0  lc_numeric_c.o(locale$$data)
    __lcnum_c_thousands                      0x0000579a   Data           0  lc_numeric_c.o(locale$$data)
    __lcnum_c_grouping                       0x0000579b   Data           0  lc_numeric_c.o(locale$$data)
    locale$$data                             0x0000579c   Section      272  lc_ctype_c.o(locale$$data)
    __lcnum_c_end                            0x0000579c   Data           0  lc_numeric_c.o(locale$$data)
    __lcctype_c_name                         0x000057a0   Data           2  lc_ctype_c.o(locale$$data)
    __lcctype_c_start                        0x000057a8   Data           0  lc_ctype_c.o(locale$$data)
    .init_array                              0x000058ac   Section        4  main.o(.init_array)
    __lcctype_c_end                          0x000058ac   Data           0  lc_ctype_c.o(locale$$data)
    .data                                    0x100000c8   Section       32  main.o(.data)
    .data                                    0x100000e8   Section        2  grove_lcd_rgb_backlight.o(.data)
    .data                                    0x100000ec   Section        4  system_LPC17xx.o(.data)
    .data                                    0x100000f0   Section       32  pwmout_api.o(.data)
    pwm_clock_mhz                            0x100000f0   Data           4  pwmout_api.o(.data)
    .data                                    0x10000110   Section       16  serial_api.o(.data)
    irq_handler                              0x10000114   Data           4  serial_api.o(.data)
    .data                                    0x10000120   Section        4  I2C.o(.data)
    .data                                    0x10000124   Section        4  us_ticker.o(.data)
    .data                                    0x10000128   Section        4  FileBase.o(.data)
    .data                                    0x1000012c   Section        8  us_ticker_api.o(.data)
    head                                     0x1000012c   Data           4  us_ticker_api.o(.data)
    event_handler                            0x10000130   Data           4  us_ticker_api.o(.data)
    .data                                    0x10000134   Section        4  stdio_streams.o(.data)
    .data                                    0x10000138   Section        4  stdio_streams.o(.data)
    .data                                    0x1000013c   Section        4  stdio_streams.o(.data)
    .data                                    0x10000140   Section        4  heapauxa.o(.data)
    __rt_heap_escrow_base                    0x10000140   Data           4  heapauxa.o(.data)
    .bss                                     0x10000144   Section       64  retarget.o(.bss)
    filehandles                              0x10000144   Data          64  retarget.o(.bss)
    .bss                                     0x10000184   Section      224  serial_api.o(.bss)
    uart_data                                0x10000184   Data         224  serial_api.o(.bss)
    .bss                                     0x10000264   Section       84  stdio_streams.o(.bss)
    .bss                                     0x100002b8   Section       84  stdio_streams.o(.bss)
    .bss                                     0x1000030c   Section       84  stdio_streams.o(.bss)
    .bss                                     0x10000360   Section        4  rt_heap_descriptor.o(.bss)
    __rt_heap_descriptor_data                0x10000360   Data           4  rt_heap_descriptor.o(.bss)
    .bss                                     0x10000364   Section       20  rt_locale.o(.bss)
    __rt_locale_data                         0x10000364   Data          20  rt_locale.o(.bss)
    .bss                                     0x10000378   Section        4  rt_errno_addr.o(.bss)
    __aeabi_errno_addr_data                  0x10000378   Data           4  rt_errno_addr.o(.bss)

    Global Symbols

    Symbol Name                              Value     Ov Type        Size  Object(Section)

    BuildAttributes$$THM_ISAv4$P$D$K$B$S$PE$A:L22UL41UL21$X:L11$S22US41US21$IEEE1$IW$USESV6$~STKCKD$USESV7$~SHL$OTIME$ROPI$IEEEJ$EBA8$UX$STANDARDLIB$REQ8$PRES8$EABIv2 0x00000000   Number         0  anon$$obj.o ABSOLUTE
    __ARM_use_no_argv                        0x00000000   Number         0  main.o ABSOLUTE
    __Vectors                                0x00000000   Data           4  startup_LPC17xx.o(RESET)
    _printf_flags                            0x00000000   Number         0  printf_stubs.o ABSOLUTE
    _printf_return_value                     0x00000000   Number         0  printf_stubs.o ABSOLUTE
    _printf_sizespec                         0x00000000   Number         0  printf_stubs.o ABSOLUTE
    _printf_widthprec                        0x00000000   Number         0  printf_stubs.o ABSOLUTE
    SHT$$ARM_EXIDX$$Base                      - Undefined Reference
    SHT$$ARM_EXIDX$$Limit                     - Undefined Reference
    __ARM::default_unexpected_handler()       - Undefined Weak Reference
    __ARM_exceptions_buffer_required          - Undefined Weak Reference
    __ARM_exceptions_init                     - Undefined Weak Reference
    __aeabi_unwind_cpp_pr1                    - Undefined Weak Reference
    __aeabi_unwind_cpp_pr2                    - Undefined Weak Reference
    __alloca_initialize                       - Undefined Weak Reference
    __cxa_begin_cleanup                       - Undefined Weak Reference
    __cxa_finalize                            - Undefined Weak Reference
    __cxa_type_match                          - Undefined Weak Reference
    __rt_lib_shutdown                         - Undefined Weak Reference
    __sigvec_lookup                           - Undefined Weak Reference
    __user_heap_extent                        - Undefined Weak Reference
    _atexit_init                              - Undefined Weak Reference
    _clock_init                               - Undefined Weak Reference
    _fp_trap_init                             - Undefined Weak Reference
    _fp_trap_shutdown                         - Undefined Weak Reference
    _get_lc_collate                           - Undefined Weak Reference
    _get_lc_monetary                          - Undefined Weak Reference
    _get_lc_time                              - Undefined Weak Reference
    _getenv_init                              - Undefined Weak Reference
    _handle_redirection                       - Undefined Weak Reference
    _mutex_acquire                            - Undefined Weak Reference
    _mutex_free                               - Undefined Weak Reference
    _mutex_release                            - Undefined Weak Reference
    _printf_mbtowc                            - Undefined Weak Reference
    _printf_wc                                - Undefined Weak Reference
    _rand_init                                - Undefined Weak Reference
    _scanf_longlong                           - Undefined Weak Reference
    _scanf_mbtowc                             - Undefined Weak Reference
    _scanf_real                               - Undefined Weak Reference
    _scanf_string                             - Undefined Weak Reference
    _scanf_wctomb                             - Undefined Weak Reference
    _scanf_wstring                            - Undefined Weak Reference
    _signal_finish                            - Undefined Weak Reference
    _signal_init                              - Undefined Weak Reference
    __main                                   0x000000c5   Thumb Code     8  __main.o(!!!main)
    __scatterload                            0x000000cd   Thumb Code     0  __scatter.o(!!!scatter)
    __scatterload_rt2                        0x000000cd   Thumb Code    44  __scatter.o(!!!scatter)
    __scatterload_rt2_thumb_only             0x000000cd   Thumb Code     0  __scatter.o(!!!scatter)
    __scatterload_null                       0x000000db   Thumb Code     0  __scatter.o(!!!scatter)
    __scatterload_copy                       0x00000101   Thumb Code    26  __scatter_copy.o(!!handler_copy)
    __scatterload_zeroinit                   0x0000011d   Thumb Code    28  __scatter_zi.o(!!handler_zi)
    _printf_n                                0x00000139   Thumb Code     0  _printf_n.o(.ARM.Collect$$_printf_percent$$00000001)
    _printf_percent                          0x00000139   Thumb Code     0  _printf_percent.o(.ARM.Collect$$_printf_percent$$00000000)
    _printf_p                                0x0000013f   Thumb Code     0  _printf_p.o(.ARM.Collect$$_printf_percent$$00000002)
    _printf_f                                0x00000145   Thumb Code     0  _printf_f.o(.ARM.Collect$$_printf_percent$$00000003)
    _printf_e                                0x0000014b   Thumb Code     0  _printf_e.o(.ARM.Collect$$_printf_percent$$00000004)
    _printf_g                                0x00000151   Thumb Code     0  _printf_g.o(.ARM.Collect$$_printf_percent$$00000005)
    _printf_a                                0x00000157   Thumb Code     0  _printf_a.o(.ARM.Collect$$_printf_percent$$00000006)
    _printf_ll                               0x0000015d   Thumb Code     0  _printf_ll.o(.ARM.Collect$$_printf_percent$$00000007)
    _printf_i                                0x00000167   Thumb Code     0  _printf_i.o(.ARM.Collect$$_printf_percent$$00000008)
    _printf_d                                0x0000016d   Thumb Code     0  _printf_d.o(.ARM.Collect$$_printf_percent$$00000009)
    _printf_u                                0x00000173   Thumb Code     0  _printf_u.o(.ARM.Collect$$_printf_percent$$0000000A)
    _printf_o                                0x00000179   Thumb Code     0  _printf_o.o(.ARM.Collect$$_printf_percent$$0000000B)
    _printf_x                                0x0000017f   Thumb Code     0  _printf_x.o(.ARM.Collect$$_printf_percent$$0000000C)
    _printf_lli                              0x00000185   Thumb Code     0  _printf_lli.o(.ARM.Collect$$_printf_percent$$0000000D)
    _printf_lld                              0x0000018b   Thumb Code     0  _printf_lld.o(.ARM.Collect$$_printf_percent$$0000000E)
    _printf_llu                              0x00000191   Thumb Code     0  _printf_llu.o(.ARM.Collect$$_printf_percent$$0000000F)
    _printf_llo                              0x00000197   Thumb Code     0  _printf_llo.o(.ARM.Collect$$_printf_percent$$00000010)
    _printf_llx                              0x0000019d   Thumb Code     0  _printf_llx.o(.ARM.Collect$$_printf_percent$$00000011)
    _printf_l                                0x000001a3   Thumb Code     0  _printf_l.o(.ARM.Collect$$_printf_percent$$00000012)
    _printf_c                                0x000001ad   Thumb Code     0  _printf_c.o(.ARM.Collect$$_printf_percent$$00000013)
    _printf_s                                0x000001b3   Thumb Code     0  _printf_s.o(.ARM.Collect$$_printf_percent$$00000014)
    _printf_lc                               0x000001b9   Thumb Code     0  _printf_lc.o(.ARM.Collect$$_printf_percent$$00000015)
    _printf_ls                               0x000001bf   Thumb Code     0  _printf_ls.o(.ARM.Collect$$_printf_percent$$00000016)
    _printf_percent_end                      0x000001c5   Thumb Code     0  _printf_percent_end.o(.ARM.Collect$$_printf_percent$$00000017)
    __rt_lib_init                            0x000001c9   Thumb Code     0  libinit.o(.ARM.Collect$$libinit$$00000000)
    __rt_lib_init_fp_1                       0x000001cb   Thumb Code     0  libinit2.o(.ARM.Collect$$libinit$$00000002)
    __rt_lib_init_heap_2                     0x000001cb   Thumb Code     0  libinit2.o(.ARM.Collect$$libinit$$00000003)
    __rt_lib_init_heap_1                     0x000001d3   Thumb Code     0  libinit2.o(.ARM.Collect$$libinit$$00000008)
    __rt_lib_init_lc_common                  0x000001d3   Thumb Code     0  libinit2.o(.ARM.Collect$$libinit$$0000000D)
    __rt_lib_init_rand_1                     0x000001d3   Thumb Code     0  libinit2.o(.ARM.Collect$$libinit$$0000000C)
    __rt_lib_init_user_alloc_1               0x000001d3   Thumb Code     0  libinit2.o(.ARM.Collect$$libinit$$0000000A)
    __rt_lib_init_lc_collate_1               0x000001d9   Thumb Code     0  libinit2.o(.ARM.Collect$$libinit$$0000000F)
    __rt_lib_init_lc_ctype_2                 0x000001d9   Thumb Code     0  libinit2.o(.ARM.Collect$$libinit$$00000010)
    __rt_lib_init_lc_ctype_1                 0x000001e5   Thumb Code     0  libinit2.o(.ARM.Collect$$libinit$$00000011)
    __rt_lib_init_lc_monetary_1              0x000001e5   Thumb Code     0  libinit2.o(.ARM.Collect$$libinit$$00000013)
    __rt_lib_init_lc_numeric_2               0x000001e5   Thumb Code     0  libinit2.o(.ARM.Collect$$libinit$$00000014)
    __rt_lib_init_atexit_1                   0x000001ef   Thumb Code     0  libinit2.o(.ARM.Collect$$libinit$$00000019)
    __rt_lib_init_clock_1                    0x000001ef   Thumb Code     0  libinit2.o(.ARM.Collect$$libinit$$0000001F)
    __rt_lib_init_fp_trap_1                  0x000001ef   Thumb Code     0  libinit2.o(.ARM.Collect$$libinit$$0000001D)
    __rt_lib_init_getenv_1                   0x000001ef   Thumb Code     0  libinit2.o(.ARM.Collect$$libinit$$00000021)
    __rt_lib_init_lc_numeric_1               0x000001ef   Thumb Code     0  libinit2.o(.ARM.Collect$$libinit$$00000015)
    __rt_lib_init_lc_time_1                  0x000001ef   Thumb Code     0  libinit2.o(.ARM.Collect$$libinit$$00000017)
    __rt_lib_init_signal_1                   0x000001ef   Thumb Code     0  libinit2.o(.ARM.Collect$$libinit$$0000001B)
    __rt_lib_init_stdio_2                    0x000001ef   Thumb Code     0  libinit2.o(.ARM.Collect$$libinit$$00000022)
    __rt_lib_init_alloca_1                   0x000001f3   Thumb Code     0  libinit2.o(.ARM.Collect$$libinit$$0000002C)
    __rt_lib_init_argv_1                     0x000001f3   Thumb Code     0  libinit2.o(.ARM.Collect$$libinit$$0000002A)
    __rt_lib_init_cpp_2                      0x000001f3   Thumb Code     0  libinit2.o(.ARM.Collect$$libinit$$0000002F)
    __rt_lib_init_exceptions_1               0x000001f3   Thumb Code     0  libinit2.o(.ARM.Collect$$libinit$$0000002E)
    __rt_lib_init_stdio_1                    0x000001f3   Thumb Code     0  libinit2.o(.ARM.Collect$$libinit$$00000023)
    __rt_lib_init_cpp_1                      0x000001f7   Thumb Code     0  libinit2.o(.ARM.Collect$$libinit$$00000030)
    __rt_lib_init_return                     0x000001f7   Thumb Code     0  libinit2.o(.ARM.Collect$$libinit$$00000031)
    __rt_entry                               0x000001f9   Thumb Code     0  rtentry.o(.ARM.Collect$$rtentry$$00000000)
    __rt_entry_presh_1                       0x000001f9   Thumb Code     0  rtentry2.o(.ARM.Collect$$rtentry$$00000002)
    __rt_entry_sh                            0x000001f9   Thumb Code     0  rtentry4.o(.ARM.Collect$$rtentry$$00000004)
    __rt_lib_shutdown_stdio_2                0x000001f9   Thumb Code     0  libshutdown2.o(.ARM.Collect$$libshutdown$$00000003)
    __rt_entry_li                            0x000001ff   Thumb Code     0  rtentry2.o(.ARM.Collect$$rtentry$$0000000A)
    __rt_entry_postsh_1                      0x000001ff   Thumb Code     0  rtentry2.o(.ARM.Collect$$rtentry$$00000009)
    __rt_entry_main                          0x00000203   Thumb Code     0  rtentry2.o(.ARM.Collect$$rtentry$$0000000D)
    __rt_entry_postli_1                      0x00000203   Thumb Code     0  rtentry2.o(.ARM.Collect$$rtentry$$0000000C)
    Reset_Handler                            0x0000020d   Thumb Code     8  startup_LPC17xx.o(.text)
    _maybe_terminate_alloc                   0x0000020d   Thumb Code     0  maybetermalloc1.o(.emb_text)
    NMI_Handler                              0x00000215   Thumb Code     2  startup_LPC17xx.o(.text)
    HardFault_Handler                        0x00000217   Thumb Code     2  startup_LPC17xx.o(.text)
    MemManage_Handler                        0x00000219   Thumb Code     2  startup_LPC17xx.o(.text)
    BusFault_Handler                         0x0000021b   Thumb Code     2  startup_LPC17xx.o(.text)
    UsageFault_Handler                       0x0000021d   Thumb Code     2  startup_LPC17xx.o(.text)
    SVC_Handler                              0x0000021f   Thumb Code     2  startup_LPC17xx.o(.text)
    DebugMon_Handler                         0x00000221   Thumb Code     2  startup_LPC17xx.o(.text)
    PendSV_Handler                           0x00000223   Thumb Code     2  startup_LPC17xx.o(.text)
    SysTick_Handler                          0x00000225   Thumb Code     2  startup_LPC17xx.o(.text)
    ADC_IRQHandler                           0x00000227   Thumb Code     0  startup_LPC17xx.o(.text)
    BOD_IRQHandler                           0x00000227   Thumb Code     0  startup_LPC17xx.o(.text)
    CAN_IRQHandler                           0x00000227   Thumb Code     0  startup_LPC17xx.o(.text)
    DMA_IRQHandler                           0x00000227   Thumb Code     0  startup_LPC17xx.o(.text)
    EINT0_IRQHandler                         0x00000227   Thumb Code     0  startup_LPC17xx.o(.text)
    EINT1_IRQHandler                         0x00000227   Thumb Code     0  startup_LPC17xx.o(.text)
    EINT2_IRQHandler                         0x00000227   Thumb Code     0  startup_LPC17xx.o(.text)
    EINT3_IRQHandler                         0x00000227   Thumb Code     0  startup_LPC17xx.o(.text)
    ENET_IRQHandler                          0x00000227   Thumb Code     0  startup_LPC17xx.o(.text)
    I2C0_IRQHandler                          0x00000227   Thumb Code     0  startup_LPC17xx.o(.text)
    I2C1_IRQHandler                          0x00000227   Thumb Code     0  startup_LPC17xx.o(.text)
    I2C2_IRQHandler                          0x00000227   Thumb Code     0  startup_LPC17xx.o(.text)
    I2S_IRQHandler                           0x00000227   Thumb Code     0  startup_LPC17xx.o(.text)
    MCPWM_IRQHandler                         0x00000227   Thumb Code     0  startup_LPC17xx.o(.text)
    PLL0_IRQHandler                          0x00000227   Thumb Code     0  startup_LPC17xx.o(.text)
    PLL1_IRQHandler                          0x00000227   Thumb Code     0  startup_LPC17xx.o(.text)
    PWM1_IRQHandler                          0x00000227   Thumb Code     0  startup_LPC17xx.o(.text)
    QEI_IRQHandler                           0x00000227   Thumb Code     0  startup_LPC17xx.o(.text)
    RIT_IRQHandler                           0x00000227   Thumb Code     0  startup_LPC17xx.o(.text)
    RTC_IRQHandler                           0x00000227   Thumb Code     0  startup_LPC17xx.o(.text)
    SPI_IRQHandler                           0x00000227   Thumb Code     0  startup_LPC17xx.o(.text)
    SSP0_IRQHandler                          0x00000227   Thumb Code     0  startup_LPC17xx.o(.text)
    SSP1_IRQHandler                          0x00000227   Thumb Code     0  startup_LPC17xx.o(.text)
    TIMER0_IRQHandler                        0x00000227   Thumb Code     0  startup_LPC17xx.o(.text)
    TIMER1_IRQHandler                        0x00000227   Thumb Code     0  startup_LPC17xx.o(.text)
    TIMER2_IRQHandler                        0x00000227   Thumb Code     0  startup_LPC17xx.o(.text)
    TIMER3_IRQHandler                        0x00000227   Thumb Code     0  startup_LPC17xx.o(.text)
    UART0_IRQHandler                         0x00000227   Thumb Code     0  startup_LPC17xx.o(.text)
    UART1_IRQHandler                         0x00000227   Thumb Code     0  startup_LPC17xx.o(.text)
    UART2_IRQHandler                         0x00000227   Thumb Code     0  startup_LPC17xx.o(.text)
    UART3_IRQHandler                         0x00000227   Thumb Code     0  startup_LPC17xx.o(.text)
    USB_IRQHandler                           0x00000227   Thumb Code     0  startup_LPC17xx.o(.text)
    WDT_IRQHandler                           0x00000227   Thumb Code     0  startup_LPC17xx.o(.text)
    vfprintf                                 0x00000231   Thumb Code    10  vfprintf.o(.text)
    __2fprintf                               0x0000023b   Thumb Code    20  __2fprintf.o(.text)
    __2sprintf                               0x00000251   Thumb Code    38  __2sprintf.o(.text)
    _printf_str                              0x0000027d   Thumb Code    82  _printf_str.o(.text)
    __cpp_initialize__aeabi_                 0x000002d1   Thumb Code    26  init_aeabi.o(.text)
    __rt_heap_descriptor                     0x000002f5   Thumb Code     8  rt_heap_descriptor.o(.text)
    init_GPIO()                              0x00000301   Thumb Code    18  main.o(.text)
    init_E1()                                0x00000313   Thumb Code    28  main.o(.text)
    Tim0IrqHandler                           0x0000032f   Thumb Code    18  main.o(.text)
    Tim2IrqHandler                           0x00000341   Thumb Code    44  main.o(.text)
    init_timer()                             0x0000036d   Thumb Code   112  main.o(.text)
    $Super$$main                             0x000003dd   Thumb Code   186  main.o(.text)
    Grove_LCD_RGB_Backlight::setReg(char, char) 0x00000521   Thumb Code    34  grove_lcd_rgb_backlight.o(.text)
    Grove_LCD_RGB_Backlight::sendCommand(char) 0x00000543   Thumb Code    34  grove_lcd_rgb_backlight.o(.text)
    Grove_LCD_RGB_Backlight::clear()         0x00000565   Thumb Code    22  grove_lcd_rgb_backlight.o(.text)
    Grove_LCD_RGB_Backlight::displayOn()     0x0000057b   Thumb Code    32  grove_lcd_rgb_backlight.o(.text)
    Grove_LCD_RGB_Backlight::init()          0x0000059b   Thumb Code    96  grove_lcd_rgb_backlight.o(.text)
    Grove_LCD_RGB_Backlight::Grove_LCD_RGB_Backlight(PinName, PinName) 0x000005fb   Thumb Code    30  grove_lcd_rgb_backlight.o(.text)
    Grove_LCD_RGB_Backlight::Grove_LCD_RGB_Backlight__sub_object(PinName, PinName) 0x000005fb   Thumb Code     0  grove_lcd_rgb_backlight.o(.text)
    Grove_LCD_RGB_Backlight::setRGB(char, char, char) 0x00000619   Thumb Code    46  grove_lcd_rgb_backlight.o(.text)
    Grove_LCD_RGB_Backlight::print(char*)    0x00000647   Thumb Code    46  grove_lcd_rgb_backlight.o(.text)
    Grove_LCD_RGB_Backlight::locate(char, char) 0x00000675   Thumb Code    48  grove_lcd_rgb_backlight.o(.text)
    _printf_int_dec                          0x000006b1   Thumb Code   102  _printf_dec.o(.text)
    __printf                                 0x00000729   Thumb Code   390  __printf_flags_ss_wp.o(.text)
    __0sscanf                                0x000008b5   Thumb Code    52  __0sscanf.o(.text)
    _scanf_int                               0x000008f1   Thumb Code   336  _scanf_int.o(.text)
    _do_fflush                               0x00000a41   Thumb Code    54  fflush.o(.text)
    fflush                                   0x00000a77   Thumb Code    42  fflush.o(.text)
    strlen                                   0x00000aa5   Thumb Code    62  strlen.o(.text)
    strncmp                                  0x00000ae3   Thumb Code   150  strncmp.o(.text)
    __aeabi_memmove4                         0x00000b79   Thumb Code     0  rt_memmove_w.o(.text)
    __aeabi_memmove8                         0x00000b79   Thumb Code     0  rt_memmove_w.o(.text)
    __rt_memmove_w                           0x00000b79   Thumb Code   122  rt_memmove_w.o(.text)
    __memmove_aligned                        0x00000b9f   Thumb Code     0  rt_memmove_w.o(.text)
    __memmove_lastfew_aligned                0x00000bd7   Thumb Code     0  rt_memmove_w.o(.text)
    __aeabi_memclr4                          0x00000bf3   Thumb Code     0  rt_memclr_w.o(.text)
    __aeabi_memclr8                          0x00000bf3   Thumb Code     0  rt_memclr_w.o(.text)
    __rt_memclr_w                            0x00000bf3   Thumb Code    78  rt_memclr_w.o(.text)
    _memset_w                                0x00000bf7   Thumb Code     0  rt_memclr_w.o(.text)
    strcmp                                   0x00000c41   Thumb Code   128  strcmpv7m.o(.text)
    malloc                                   0x00000cc1   Thumb Code    94  h1_alloc.o(.text)
    free                                     0x00000d1f   Thumb Code    78  h1_free.o(.text)
    _printf_pre_padding                      0x00000d6d   Thumb Code    46  _printf_pad.o(.text)
    _printf_post_padding                     0x00000d9b   Thumb Code    36  _printf_pad.o(.text)
    _printf_truncate_signed                  0x00000dbf   Thumb Code    18  _printf_truncate.o(.text)
    _printf_truncate_unsigned                0x00000dd1   Thumb Code    18  _printf_truncate.o(.text)
    _printf_int_common                       0x00000de3   Thumb Code   184  _printf_intcommon.o(.text)
    _printf_charcount                        0x00000e9b   Thumb Code    42  _printf_charcount.o(.text)
    __lib_sel_fp_printf                      0x00000ec5   Thumb Code     2  _printf_fp_dec.o(.text)
    _printf_fp_dec_real                      0x00001071   Thumb Code   628  _printf_fp_dec.o(.text)
    _printf_char_common                      0x000012ef   Thumb Code    32  _printf_char_common.o(.text)
    _sputc                                   0x00001315   Thumb Code    10  _sputc.o(.text)
    _printf_cs_common                        0x0000131f   Thumb Code    20  _printf_char.o(.text)
    _printf_char                             0x00001333   Thumb Code    16  _printf_char.o(.text)
    _printf_string                           0x00001343   Thumb Code     8  _printf_char.o(.text)
    _printf_char_file                        0x0000134d   Thumb Code    32  _printf_char_file.o(.text)
    _printf_wctomb                           0x00001371   Thumb Code   182  _printf_wctomb.o(.text)
    _printf_longlong_dec                     0x0000142d   Thumb Code   104  _printf_longlong_dec.o(.text)
    _printf_longlong_oct                     0x000014a5   Thumb Code    76  _printf_oct_int_ll.o(.text)
    _printf_int_oct                          0x000014f1   Thumb Code    24  _printf_oct_int_ll.o(.text)
    _printf_ll_oct                           0x00001509   Thumb Code    12  _printf_oct_int_ll.o(.text)
    _printf_longlong_hex                     0x0000151d   Thumb Code    92  _printf_hex_int_ll_ptr.o(.text)
    _printf_int_hex                          0x00001579   Thumb Code    28  _printf_hex_int_ll_ptr.o(.text)
    _printf_ll_hex                           0x00001595   Thumb Code    12  _printf_hex_int_ll_ptr.o(.text)
    _printf_hex_ptr                          0x000015a1   Thumb Code    18  _printf_hex_int_ll_ptr.o(.text)
    _chval                                   0x000015b9   Thumb Code    28  _chval.o(.text)
    __vfscanf_char                           0x000015e1   Thumb Code    24  scanf_char.o(.text)
    _sgetc                                   0x00001601   Thumb Code    30  _sgetc.o(.text)
    _sbackspace                              0x0000161f   Thumb Code    34  _sgetc.o(.text)
    _fseek                                   0x00001641   Thumb Code   242  fseek.o(.text)
    fseek                                    0x00001641   Thumb Code     0  fseek.o(.text)
    _seterr                                  0x00001739   Thumb Code    20  stdio.o(.text)
    _writebuf                                0x0000174d   Thumb Code    84  stdio.o(.text)
    _fflush                                  0x000017a1   Thumb Code    70  stdio.o(.text)
    _deferredlazyseek                        0x000017e7   Thumb Code    60  stdio.o(.text)
    _initio                                  0x00001829   Thumb Code   210  initio.o(.text)
    _terminateio                             0x000018fb   Thumb Code    56  initio.o(.text)
    __aeabi_memcpy4                          0x00001961   Thumb Code     0  rt_memcpy_w.o(.text)
    __aeabi_memcpy8                          0x00001961   Thumb Code     0  rt_memcpy_w.o(.text)
    __rt_memcpy_w                            0x00001961   Thumb Code   100  rt_memcpy_w.o(.text)
    _memcpy_lastbytes_aligned                0x000019a9   Thumb Code     0  rt_memcpy_w.o(.text)
    __rt_locale                              0x000019c5   Thumb Code     8  rt_locale.o(.text)
    __use_no_heap                            0x000019cd   Thumb Code     2  hguard.o(.text)
    __heap$guard                             0x000019cf   Thumb Code     2  hguard.o(.text)
    _terminate_user_alloc                    0x000019d1   Thumb Code     2  init_alloc.o(.text)
    _init_user_alloc                         0x000019d3   Thumb Code     2  init_alloc.o(.text)
    __Heap_Full                              0x000019d5   Thumb Code    34  init_alloc.o(.text)
    __Heap_Broken                            0x000019f7   Thumb Code     6  init_alloc.o(.text)
    _init_alloc                              0x000019fd   Thumb Code    94  init_alloc.o(.text)
    __Heap_Initialize                        0x00001a5b   Thumb Code    10  h1_init.o(.text)
    __Heap_DescSize                          0x00001a65   Thumb Code     4  h1_init.o(.text)
    _ll_udiv10                               0x00001a69   Thumb Code   138  lludiv10.o(.text)
    isspace                                  0x00001af3   Thumb Code    18  isspace.o(.text)
    _printf_fp_hex_real                      0x00001b05   Thumb Code   760  _printf_fp_hex.o(.text)
    _printf_fp_infnan                        0x00001e05   Thumb Code   112  _printf_fp_infnan.o(.text)
    _printf_lcs_common                       0x00001e85   Thumb Code    20  _printf_wchar.o(.text)
    _printf_wchar                            0x00001e99   Thumb Code    16  _printf_wchar.o(.text)
    _printf_wstring                          0x00001ea9   Thumb Code     8  _printf_wchar.o(.text)
    __vfscanf                                0x00001eb1   Thumb Code   876  _scanf.o(.text)
    _btod_etento                             0x00002221   Thumb Code   222  bigflt0.o(.text)
    ferror                                   0x00002305   Thumb Code     8  ferror.o(.text)
    _ftell_internal                          0x0000230d   Thumb Code    70  ftell.o(.text)
    ftell                                    0x0000230d   Thumb Code     0  ftell.o(.text)
    setvbuf                                  0x00002353   Thumb Code    70  setvbuf.o(.text)
    freopen                                  0x00002399   Thumb Code   158  fopen.o(.text)
    fopen                                    0x00002437   Thumb Code    74  fopen.o(.text)
    _fclose_internal                         0x00002485   Thumb Code    76  fclose.o(.text)
    fclose                                   0x00002485   Thumb Code     0  fclose.o(.text)
    _wcrtomb                                 0x000024d1   Thumb Code    64  _wcrtomb.o(.text)
    __sig_exit                               0x00002511   Thumb Code    10  defsig_exit.o(.text)
    __rt_SIGRTRED                            0x0000251b   Thumb Code    14  defsig_rtred_outer.o(.text)
    _sys_exit                                0x00002529   Thumb Code     8  sys_exit.o(.text)
    __rt_ctype_table                         0x00002535   Thumb Code    16  rt_ctype_table.o(.text)
    __aeabi_errno_addr                       0x00002545   Thumb Code     8  rt_errno_addr.o(.text)
    __errno                                  0x00002545   Thumb Code     0  rt_errno_addr.o(.text)
    __rt_errno_addr                          0x00002545   Thumb Code     0  rt_errno_addr.o(.text)
    __Heap_ProvideMemory                     0x0000254d   Thumb Code    52  h1_extend.o(.text)
    __flsbuf                                 0x00002581   Thumb Code   478  flsbuf.o(.text)
    __flsbuf_byte                            0x00002581   Thumb Code     0  flsbuf.o(.text)
    __flsbuf_wide                            0x00002581   Thumb Code     0  flsbuf.o(.text)
    __default_signal_display                 0x0000275f   Thumb Code    50  defsig_general.o(.text)
    __rt_SIGRTRED_inner                      0x00002791   Thumb Code    14  defsig_rtred_inner.o(.text)
    __rt_SIGRTMEM                            0x000027c5   Thumb Code    14  defsig_rtmem_outer.o(.text)
    __rt_heap_escrow                         0x000027d5   Thumb Code    22  heapauxa.o(.text)
    __rt_heap_expand                         0x000027eb   Thumb Code    52  heapauxa.o(.text)
    _ttywrch                                 0x00002825   Thumb Code    14  sys_wrch.o(.text)
    __I$use$semihosting                      0x00002833   Thumb Code     0  use_no_semi.o(.text)
    __use_no_semihosting_swi                 0x00002833   Thumb Code     2  use_no_semi.o(.text)
    __rt_SIGRTMEM_inner                      0x00002835   Thumb Code    22  defsig_rtmem_inner.o(.text)
    __semihosting_library_function           0x00002835   Thumb Code     0  indicate_semi.o(.text)
    _btod_d2e                                0x00002885   Thumb Code    62  btod.o(CL$$btod_d2e)
    _d2e_denorm_low                          0x000028c3   Thumb Code    70  btod.o(CL$$btod_d2e_denorm_low)
    _d2e_norm_op1                            0x00002909   Thumb Code    96  btod.o(CL$$btod_d2e_norm_op1)
    __btod_div_common                        0x00002969   Thumb Code   696  btod.o(CL$$btod_div_common)
    _e2e                                     0x00002ca1   Thumb Code   198  btod.o(CL$$btod_e2e)
    _btod_ediv                               0x00002d67   Thumb Code    40  btod.o(CL$$btod_ediv)
    _btod_emul                               0x00002d8f   Thumb Code    40  btod.o(CL$$btod_emul)
    __btod_mult_common                       0x00002db7   Thumb Code   580  btod.o(CL$$btod_mult_common)
    main                                     0x00002ffb   Thumb Code    18  retarget.o(i.$Sub$$main)
    NVIC_SetVector                           0x0000300d   Thumb Code   102  cmsis_nvic.o(i.NVIC_SetVector)
    SystemInit                               0x00003079   Thumb Code   150  system_LPC17xx.o(i.SystemInit)
    mbed::I2C::write(int, const char*, int, bool) 0x00003119   Thumb Code    68  I2C.o(i._ZN4mbed3I2C5writeEiPKcib)
    mbed::I2C::I2C(PinName, PinName)         0x00003161   Thumb Code    26  I2C.o(i._ZN4mbed3I2CC1E7PinNameS1_)
    mbed::I2C::I2C__sub_object(PinName, PinName) 0x00003161   Thumb Code     0  I2C.o(i._ZN4mbed3I2CC1E7PinNameS1_)
    mbed::PwmOut::write(float)               0x00003185   Thumb Code    16  main.o(i._ZN4mbed6PwmOut5writeEf)
    mbed::FileBase::getPathType()            0x00003195   Thumb Code     4  FileBase.o(i._ZN4mbed8FileBase11getPathTypeEv)
    mbed::FileBase::lookup(const char*, unsigned) 0x00003199   Thumb Code    50  FileBase.o(i._ZN4mbed8FileBase6lookupEPKcj)
    mbed::FilePath::fileSystem()             0x000031d1   Thumb Code    24  FilePath.o(i._ZN4mbed8FilePath10fileSystemEv)
    mbed::FilePath::file()                   0x000031e9   Thumb Code    28  FilePath.o(i._ZN4mbed8FilePath4fileEv)
    mbed::FilePath::exists()                 0x00003205   Thumb Code    10  FilePath.o(i._ZN4mbed8FilePath6existsEv)
    mbed::FilePath::isFile()                 0x0000320f   Thumb Code    24  FilePath.o(i._ZN4mbed8FilePath6isFileEv)
    mbed::FilePath::fileName()               0x00003227   Thumb Code     4  FilePath.o(i._ZN4mbed8FilePath8fileNameEv)
    mbed::FilePath::FilePath(const char*)    0x0000322b   Thumb Code    64  FilePath.o(i._ZN4mbed8FilePathC1EPKc)
    mbed::FilePath::FilePath__sub_object(const char*) 0x0000322b   Thumb Code     0  FilePath.o(i._ZN4mbed8FilePathC1EPKc)
    __ARM_fpclassify                         0x0000326b   Thumb Code    40  fpclassify.o(i.__ARM_fpclassify)
    __user_setup_stackheap                   0x00003295   Thumb Code    10  sys.o(i.__user_setup_stackheap)
    _is_digit                                0x000032a5   Thumb Code    14  __printf_wp.o(i._is_digit)
    _sys_close                               0x000032b5   Thumb Code    40  retarget.o(i._sys_close)
    _sys_flen                                0x000032e1   Thumb Code    34  retarget.o(i._sys_flen)
    _sys_istty                               0x00003309   Thumb Code    34  retarget.o(i._sys_istty)
    _sys_open                                0x00003331   Thumb Code   300  retarget.o(i._sys_open)
    _sys_seek                                0x0000347d   Thumb Code    36  retarget.o(i._sys_seek)
    _sys_write                               0x000034a5   Thumb Code    82  retarget.o(i._sys_write)
    analogin_init                            0x00003509   Thumb Code   102  analogin_api.o(i.analogin_init)
    analogin_read                            0x000035a1   Thumb Code   200  analogin_api.o(i.analogin_read)
    error                                    0x00003671   Thumb Code    20  error.o(i.error)
    exit                                     0x00003689   Thumb Code    36  exit.o(i.exit)
    fputc                                    0x000036b5   Thumb Code    26  fputc.o(i.fputc)
    gpio_dir                                 0x000036d1   Thumb Code    52  gpio_api.o(i.gpio_dir)
    gpio_init                                0x00003721   Thumb Code    56  gpio_api.o(i.gpio_init)
    gpio_init_in                             0x00003759   Thumb Code    38  gpio.o(i.gpio_init_in)
    gpio_init_out                            0x00003781   Thumb Code    62  gpio.o(i.gpio_init_out)
    gpio_init_out_ex                         0x000037c5   Thumb Code    74  gpio.o(i.gpio_init_out_ex)
    gpio_mode                                0x00003815   Thumb Code     6  gpio_api.o(i.gpio_mode)
    i2c_frequency                            0x0000381d   Thumb Code    22  i2c_api.o(i.i2c_frequency)
    i2c_init                                 0x00003839   Thumb Code   170  i2c_api.o(i.i2c_init)
    i2c_stop                                 0x00003911   Thumb Code    52  i2c_api.o(i.i2c_stop)
    i2c_write                                0x00003949   Thumb Code   296  i2c_api.o(i.i2c_write)
    mbed_assert_internal                     0x00003a75   Thumb Code    24  assert.o(i.mbed_assert_internal)
    mbed_die                                 0x00003ac5   Thumb Code   242  board.o(i.mbed_die)
    mbed_interface_connected                 0x00003bcd   Thumb Code     4  mbed_interface.o(i.mbed_interface_connected)
    mbed_main                                0x00003bd1   Thumb Code     2  retarget.o(i.mbed_main)
    mbed_sdk_init                            0x00003bd3   Thumb Code     2  retarget.o(i.mbed_sdk_init)
    pin_function                             0x00003bd5   Thumb Code    62  pinmap.o(i.pin_function)
    pin_mode                                 0x00003c31   Thumb Code   104  pinmap.o(i.pin_mode)
    pinmap_find_peripheral                   0x00003cb5   Thumb Code    30  pinmap_common.o(i.pinmap_find_peripheral)
    pinmap_merge                             0x00003cd5   Thumb Code    34  pinmap_common.o(i.pinmap_merge)
    pinmap_peripheral                        0x00003d0d   Thumb Code    54  pinmap_common.o(i.pinmap_peripheral)
    pinmap_pinout                            0x00003d65   Thumb Code    60  pinmap_common.o(i.pinmap_pinout)
    pwmout_init                              0x00003db5   Thumb Code   200  pwmout_api.o(i.pwmout_init)
    pwmout_period                            0x00003eb1   Thumb Code    64  pwmout_api.o(i.pwmout_period)
    pwmout_write                             0x00003efd   Thumb Code    72  pwmout_api.o(i.pwmout_write)
    semihost_connected                       0x00003f49   Thumb Code    10  semihost_api.o(i.semihost_connected)
    semihost_exit                            0x00003f59   Thumb Code    12  semihost_api.o(i.semihost_exit)
    serial_baud                              0x00003f65   Thumb Code   408  serial_api.o(i.serial_baud)
    serial_format                            0x00004129   Thumb Code   154  serial_api.o(i.serial_format)
    serial_init                              0x000041c9   Thumb Code   318  serial_api.o(i.serial_init)
    serial_putc                              0x00004405   Thumb Code   100  serial_api.o(i.serial_putc)
    serial_set_flow_control                  0x0000446d   Thumb Code   252  serial_api.o(i.serial_set_flow_control)
    uart0_irq                                0x00004579   Thumb Code    14  serial_api.o(i.uart0_irq)
    uart1_irq                                0x0000458d   Thumb Code    14  serial_api.o(i.uart1_irq)
    uart2_irq                                0x000045a1   Thumb Code    14  serial_api.o(i.uart2_irq)
    uart3_irq                                0x000045b5   Thumb Code    14  serial_api.o(i.uart3_irq)
    us_ticker_clear_interrupt                0x0000462d   Thumb Code     8  us_ticker.o(i.us_ticker_clear_interrupt)
    us_ticker_disable_interrupt              0x00004639   Thumb Code    12  us_ticker.o(i.us_ticker_disable_interrupt)
    us_ticker_irq_handler                    0x00004649   Thumb Code    62  us_ticker_api.o(i.us_ticker_irq_handler)
    us_ticker_read                           0x0000468d   Thumb Code    72  us_ticker.o(i.us_ticker_read)
    us_ticker_set_interrupt                  0x000046ed   Thumb Code    14  us_ticker.o(i.us_ticker_set_interrupt)
    wait_ms                                  0x00004701   Thumb Code    28  wait_api.o(i.wait_ms)
    wait_us                                  0x0000471d   Thumb Code    24  wait_api.o(i.wait_us)
    _get_lc_numeric                          0x00004735   Thumb Code    44  lc_numeric_c.o(locale$$code)
    _get_lc_ctype                            0x00004761   Thumb Code    44  lc_ctype_c.o(locale$$code)
    __fpl_dcmp_Inf                           0x0000478d   Thumb Code    24  dcmpi.o(x$fpl$dcmpinf)
    __aeabi_i2d                              0x000047a5   Thumb Code     0  dflt_clz.o(x$fpl$dflt)
    _dflt                                    0x000047a5   Thumb Code    46  dflt_clz.o(x$fpl$dflt)
    __aeabi_cdcmple                          0x000047d5   Thumb Code     0  dleqf.o(x$fpl$dleqf)
    _dcmple                                  0x000047d5   Thumb Code   120  dleqf.o(x$fpl$dleqf)
    __fpl_dcmple_InfNaN                      0x00004837   Thumb Code     0  dleqf.o(x$fpl$dleqf)
    __aeabi_dmul                             0x0000484d   Thumb Code     0  dmul.o(x$fpl$dmul)
    _dmul                                    0x0000484d   Thumb Code   332  dmul.o(x$fpl$dmul)
    __fpl_dnaninf                            0x000049a1   Thumb Code   156  dnaninf.o(x$fpl$dnaninf)
    __fpl_dretinf                            0x00004a3d   Thumb Code    12  dretinf.o(x$fpl$dretinf)
    __aeabi_cdrcmple                         0x00004a49   Thumb Code     0  drleqf.o(x$fpl$drleqf)
    _drcmple                                 0x00004a49   Thumb Code   108  drleqf.o(x$fpl$drleqf)
    __aeabi_f2d                              0x00004ab5   Thumb Code     0  f2d.o(x$fpl$f2d)
    _f2d                                     0x00004ab5   Thumb Code    86  f2d.o(x$fpl$f2d)
    __aeabi_fdiv                             0x00004b0d   Thumb Code     0  fdiv.o(x$fpl$fdiv)
    _fdiv                                    0x00004b0d   Thumb Code   384  fdiv.o(x$fpl$fdiv)
    __aeabi_f2iz                             0x00004c91   Thumb Code     0  ffix.o(x$fpl$ffix)
    _ffix                                    0x00004c91   Thumb Code    54  ffix.o(x$fpl$ffix)
    __aeabi_f2uiz                            0x00004cc9   Thumb Code     0  ffixu.o(x$fpl$ffixu)
    _ffixu                                   0x00004cc9   Thumb Code    62  ffixu.o(x$fpl$ffixu)
    __aeabi_i2f                              0x00004d09   Thumb Code     0  fflt_clz.o(x$fpl$fflt)
    _fflt                                    0x00004d09   Thumb Code    48  fflt_clz.o(x$fpl$fflt)
    __aeabi_ui2f                             0x00004d39   Thumb Code     0  fflt_clz.o(x$fpl$ffltu)
    _ffltu                                   0x00004d39   Thumb Code    38  fflt_clz.o(x$fpl$ffltu)
    __aeabi_fmul                             0x00004d61   Thumb Code     0  fmul.o(x$fpl$fmul)
    _fmul                                    0x00004d61   Thumb Code   258  fmul.o(x$fpl$fmul)
    __fpl_fnaninf                            0x00004e63   Thumb Code   140  fnaninf.o(x$fpl$fnaninf)
    __fpl_fretinf                            0x00004eef   Thumb Code    10  fretinf.o(x$fpl$fretinf)
    _printf_fp_dec                           0x00004ef9   Thumb Code     4  printf1.o(x$fpl$printf1)
    _printf_fp_hex                           0x00004efd   Thumb Code     4  printf2.o(x$fpl$printf2)
    __I$use$fp                               0x00004f00   Number         0  usenofp.o(x$fpl$usenofp)
    __stdin_name                             0x00004faf   Data           7  retarget.o(.constdata)
    __stdout_name                            0x00004fb6   Data           8  retarget.o(.constdata)
    __stderr_name                            0x00004fbe   Data           8  retarget.o(.constdata)
    Region$$Table$$Base                      0x00005760   Number         0  anon$$obj.o(Region$$Table)
    Region$$Table$$Limit                     0x00005780   Number         0  anon$$obj.o(Region$$Table)
    __ctype                                  0x000057a9   Data           0  lc_ctype_c.o(locale$$data)
    SHT$$INIT_ARRAY$$Base                    0x000058ac   Number         0  main.o(.init_array)
    SHT$$INIT_ARRAY$$Limit                   0x000058b0   Number         0  main.o(.init_array)
    lastTick                                 0x100000c8   Data           4  main.o(.data)
    deltaTick                                0x100000cc   Data           4  main.o(.data)
    lastDisplayTick                          0x100000d0   Data           4  main.o(.data)
    E1                                       0x100000d4   Data           8  main.o(.data)
    potar                                    0x100000dc   Data           1  main.o(.data)
    screen                                   0x100000e0   Data           8  main.o(.data)
    _displayfunction                         0x100000e8   Data           1  grove_lcd_rgb_backlight.o(.data)
    _displaycontrol                          0x100000e9   Data           1  grove_lcd_rgb_backlight.o(.data)
    SystemCoreClock                          0x100000ec   Data           4  system_LPC17xx.o(.data)
    PWM_MATCH                                0x100000f4   Data          28  pwmout_api.o(.data)
    stdio_uart_inited                        0x10000110   Data           4  serial_api.o(.data)
    stdio_uart                               0x10000118   Data           8  serial_api.o(.data)
    mbed::I2C::_owner                        0x10000120   Data           4  I2C.o(.data)
    us_ticker_inited                         0x10000124   Data           4  us_ticker.o(.data)
    mbed::FileBase::_head                    0x10000128   Data           4  FileBase.o(.data)
    __aeabi_stdin                            0x10000134   Data           4  stdio_streams.o(.data)
    __aeabi_stdout                           0x10000138   Data           4  stdio_streams.o(.data)
    __aeabi_stderr                           0x1000013c   Data           4  stdio_streams.o(.data)
    __stdin                                  0x10000264   Data          84  stdio_streams.o(.bss)
    __stdout                                 0x100002b8   Data          84  stdio_streams.o(.bss)
    __stderr                                 0x1000030c   Data          84  stdio_streams.o(.bss)
    Image$$RW_IRAM1$$ZI$$Limit               0x1000037c   Number         0  rt_errno_addr.o(.bss)



==============================================================================

Memory Map of the image

  Image Entry point : 0x000000c5

  Load Region LR_IROM1 (Base: 0x00000000, Size: 0x0000592c, Max: 0x00080000, ABSOLUTE)

    Execution Region ER_IROM1 (Base: 0x00000000, Size: 0x000058b0, Max: 0x00080000, ABSOLUTE)

    Base Addr    Size         Type   Attr      Idx    E Section Name        Object

    0x00000000   0x000000c4   Data   RO          487    RESET               startup_LPC17xx.o
    0x000000c4   0x00000008   Code   RO          986  * !!!main             c_w.l(__main.o)
    0x000000cc   0x00000034   Code   RO         1689    !!!scatter          c_w.l(__scatter.o)
    0x00000100   0x0000001a   Code   RO         1691    !!handler_copy      c_w.l(__scatter_copy.o)
    0x0000011a   0x00000002   PAD
    0x0000011c   0x0000001c   Code   RO         1693    !!handler_zi        c_w.l(__scatter_zi.o)
    0x00000138   0x00000000   Code   RO          959    .ARM.Collect$$_printf_percent$$00000000  c_w.l(_printf_percent.o)
    0x00000138   0x00000006   Code   RO         1261    .ARM.Collect$$_printf_percent$$00000001  c_w.l(_printf_n.o)
    0x0000013e   0x00000006   Code   RO         1263    .ARM.Collect$$_printf_percent$$00000002  c_w.l(_printf_p.o)
    0x00000144   0x00000006   Code   RO          958    .ARM.Collect$$_printf_percent$$00000003  c_w.l(_printf_f.o)
    0x0000014a   0x00000006   Code   RO         1267    .ARM.Collect$$_printf_percent$$00000004  c_w.l(_printf_e.o)
    0x00000150   0x00000006   Code   RO         1268    .ARM.Collect$$_printf_percent$$00000005  c_w.l(_printf_g.o)
    0x00000156   0x00000006   Code   RO         1269    .ARM.Collect$$_printf_percent$$00000006  c_w.l(_printf_a.o)
    0x0000015c   0x0000000a   Code   RO         1274    .ARM.Collect$$_printf_percent$$00000007  c_w.l(_printf_ll.o)
    0x00000166   0x00000006   Code   RO         1265    .ARM.Collect$$_printf_percent$$00000008  c_w.l(_printf_i.o)
    0x0000016c   0x00000006   Code   RO          957    .ARM.Collect$$_printf_percent$$00000009  c_w.l(_printf_d.o)
    0x00000172   0x00000006   Code   RO         1266    .ARM.Collect$$_printf_percent$$0000000A  c_w.l(_printf_u.o)
    0x00000178   0x00000006   Code   RO         1264    .ARM.Collect$$_printf_percent$$0000000B  c_w.l(_printf_o.o)
    0x0000017e   0x00000006   Code   RO         1262    .ARM.Collect$$_printf_percent$$0000000C  c_w.l(_printf_x.o)
    0x00000184   0x00000006   Code   RO         1271    .ARM.Collect$$_printf_percent$$0000000D  c_w.l(_printf_lli.o)
    0x0000018a   0x00000006   Code   RO         1272    .ARM.Collect$$_printf_percent$$0000000E  c_w.l(_printf_lld.o)
    0x00000190   0x00000006   Code   RO         1273    .ARM.Collect$$_printf_percent$$0000000F  c_w.l(_printf_llu.o)
    0x00000196   0x00000006   Code   RO         1278    .ARM.Collect$$_printf_percent$$00000010  c_w.l(_printf_llo.o)
    0x0000019c   0x00000006   Code   RO         1279    .ARM.Collect$$_printf_percent$$00000011  c_w.l(_printf_llx.o)
    0x000001a2   0x0000000a   Code   RO         1275    .ARM.Collect$$_printf_percent$$00000012  c_w.l(_printf_l.o)
    0x000001ac   0x00000006   Code   RO         1260    .ARM.Collect$$_printf_percent$$00000013  c_w.l(_printf_c.o)
    0x000001b2   0x00000006   Code   RO          956    .ARM.Collect$$_printf_percent$$00000014  c_w.l(_printf_s.o)
    0x000001b8   0x00000006   Code   RO         1276    .ARM.Collect$$_printf_percent$$00000015  c_w.l(_printf_lc.o)
    0x000001be   0x00000006   Code   RO         1277    .ARM.Collect$$_printf_percent$$00000016  c_w.l(_printf_ls.o)
    0x000001c4   0x00000004   Code   RO         1270    .ARM.Collect$$_printf_percent$$00000017  c_w.l(_printf_percent_end.o)
    0x000001c8   0x00000002   Code   RO         1614    .ARM.Collect$$libinit$$00000000  c_w.l(libinit.o)
    0x000001ca   0x00000000   Code   RO         1304    .ARM.Collect$$libinit$$00000002  c_w.l(libinit2.o)
    0x000001ca   0x00000008   Code   RO         1305    .ARM.Collect$$libinit$$00000003  c_w.l(libinit2.o)
    0x000001d2   0x00000000   Code   RO         1307    .ARM.Collect$$libinit$$00000008  c_w.l(libinit2.o)
    0x000001d2   0x00000000   Code   RO         1309    .ARM.Collect$$libinit$$0000000A  c_w.l(libinit2.o)
    0x000001d2   0x00000000   Code   RO         1311    .ARM.Collect$$libinit$$0000000C  c_w.l(libinit2.o)
    0x000001d2   0x00000006   Code   RO         1312    .ARM.Collect$$libinit$$0000000D  c_w.l(libinit2.o)
    0x000001d8   0x00000000   Code   RO         1314    .ARM.Collect$$libinit$$0000000F  c_w.l(libinit2.o)
    0x000001d8   0x0000000c   Code   RO         1315    .ARM.Collect$$libinit$$00000010  c_w.l(libinit2.o)
    0x000001e4   0x00000000   Code   RO         1316    .ARM.Collect$$libinit$$00000011  c_w.l(libinit2.o)
    0x000001e4   0x00000000   Code   RO         1318    .ARM.Collect$$libinit$$00000013  c_w.l(libinit2.o)
    0x000001e4   0x0000000a   Code   RO         1319    .ARM.Collect$$libinit$$00000014  c_w.l(libinit2.o)
    0x000001ee   0x00000000   Code   RO         1320    .ARM.Collect$$libinit$$00000015  c_w.l(libinit2.o)
    0x000001ee   0x00000000   Code   RO         1322    .ARM.Collect$$libinit$$00000017  c_w.l(libinit2.o)
    0x000001ee   0x00000000   Code   RO         1324    .ARM.Collect$$libinit$$00000019  c_w.l(libinit2.o)
    0x000001ee   0x00000000   Code   RO         1326    .ARM.Collect$$libinit$$0000001B  c_w.l(libinit2.o)
    0x000001ee   0x00000000   Code   RO         1328    .ARM.Collect$$libinit$$0000001D  c_w.l(libinit2.o)
    0x000001ee   0x00000000   Code   RO         1330    .ARM.Collect$$libinit$$0000001F  c_w.l(libinit2.o)
    0x000001ee   0x00000000   Code   RO         1332    .ARM.Collect$$libinit$$00000021  c_w.l(libinit2.o)
    0x000001ee   0x00000004   Code   RO         1333    .ARM.Collect$$libinit$$00000022  c_w.l(libinit2.o)
    0x000001f2   0x00000000   Code   RO         1334    .ARM.Collect$$libinit$$00000023  c_w.l(libinit2.o)
    0x000001f2   0x00000000   Code   RO         1338    .ARM.Collect$$libinit$$0000002A  c_w.l(libinit2.o)
    0x000001f2   0x00000000   Code   RO         1340    .ARM.Collect$$libinit$$0000002C  c_w.l(libinit2.o)
    0x000001f2   0x00000000   Code   RO         1342    .ARM.Collect$$libinit$$0000002E  c_w.l(libinit2.o)
    0x000001f2   0x00000004   Code   RO         1343    .ARM.Collect$$libinit$$0000002F  c_w.l(libinit2.o)
    0x000001f6   0x00000000   Code   RO         1344    .ARM.Collect$$libinit$$00000030  c_w.l(libinit2.o)
    0x000001f6   0x00000002   Code   RO         1345    .ARM.Collect$$libinit$$00000031  c_w.l(libinit2.o)
    0x000001f8   0x00000000   Code   RO         1526    .ARM.Collect$$libshutdown$$00000003  c_w.l(libshutdown2.o)
    0x000001f8   0x00000000   Code   RO         1138    .ARM.Collect$$rtentry$$00000000  c_w.l(rtentry.o)
    0x000001f8   0x00000000   Code   RO         1397    .ARM.Collect$$rtentry$$00000002  c_w.l(rtentry2.o)
    0x000001f8   0x00000006   Code   RO         1409    .ARM.Collect$$rtentry$$00000004  c_w.l(rtentry4.o)
    0x000001fe   0x00000000   Code   RO         1399    .ARM.Collect$$rtentry$$00000009  c_w.l(rtentry2.o)
    0x000001fe   0x00000004   Code   RO         1400    .ARM.Collect$$rtentry$$0000000A  c_w.l(rtentry2.o)
    0x00000202   0x00000000   Code   RO         1402    .ARM.Collect$$rtentry$$0000000C  c_w.l(rtentry2.o)
    0x00000202   0x00000008   Code   RO         1403    .ARM.Collect$$rtentry$$0000000D  c_w.l(rtentry2.o)
    0x0000020a   0x00000002   PAD
    0x0000020c   0x00000000   Code   RO         1576    .emb_text           c_w.l(maybetermalloc1.o)
    0x0000020c   0x00000024   Code   RO          489    .text               startup_LPC17xx.o
    0x00000230   0x0000000a   Code   RO          920    .text               c_w.l(vfprintf.o)
    0x0000023a   0x00000014   Code   RO          922    .text               c_w.l(__2fprintf.o)
    0x0000024e   0x00000002   PAD
    0x00000250   0x0000002c   Code   RO          924    .text               c_w.l(__2sprintf.o)
    0x0000027c   0x00000052   Code   RO          932    .text               c_w.l(_printf_str.o)
    0x000002ce   0x00000002   PAD
    0x000002d0   0x00000024   Code   RO          991    .text               c_w.l(init_aeabi.o)
    0x000002f4   0x00000008   Code   RO         1415    .text               c_w.l(rt_heap_descriptor.o)
    0x000002fc   0x00000004   Code   RO          488    .ARM.__at_0x02FC    startup_LPC17xx.o
    0x00000300   0x00000220   Code   RO            3    .text               main.o
    0x00000520   0x00000190   Code   RO          289    .text               grove_lcd_rgb_backlight.o
    0x000006b0   0x00000078   Code   RO          934    .text               c_w.l(_printf_dec.o)
    0x00000728   0x0000018c   Code   RO          953    .text               c_w.l(__printf_flags_ss_wp.o)
    0x000008b4   0x0000003c   Code   RO          960    .text               c_w.l(__0sscanf.o)
    0x000008f0   0x00000150   Code   RO          962    .text               c_w.l(_scanf_int.o)
    0x00000a40   0x00000064   Code   RO          964    .text               c_w.l(fflush.o)
    0x00000aa4   0x0000003e   Code   RO          974    .text               c_w.l(strlen.o)
    0x00000ae2   0x00000096   Code   RO          976    .text               c_w.l(strncmp.o)
    0x00000b78   0x0000007a   Code   RO          978    .text               c_w.l(rt_memmove_w.o)
    0x00000bf2   0x0000004e   Code   RO          980    .text               c_w.l(rt_memclr_w.o)
    0x00000c40   0x00000080   Code   RO          984    .text               c_w.l(strcmpv7m.o)
    0x00000cc0   0x0000005e   Code   RO         1152    .text               c_w.l(h1_alloc.o)
    0x00000d1e   0x0000004e   Code   RO         1154    .text               c_w.l(h1_free.o)
    0x00000d6c   0x00000052   Code   RO         1210    .text               c_w.l(_printf_pad.o)
    0x00000dbe   0x00000024   Code   RO         1212    .text               c_w.l(_printf_truncate.o)
    0x00000de2   0x000000b8   Code   RO         1214    .text               c_w.l(_printf_intcommon.o)
    0x00000e9a   0x0000002a   Code   RO         1216    .text               c_w.l(_printf_charcount.o)
    0x00000ec4   0x00000420   Code   RO         1218    .text               c_w.l(_printf_fp_dec.o)
    0x000012e4   0x00000030   Code   RO         1220    .text               c_w.l(_printf_char_common.o)
    0x00001314   0x0000000a   Code   RO         1222    .text               c_w.l(_sputc.o)
    0x0000131e   0x0000002c   Code   RO         1224    .text               c_w.l(_printf_char.o)
    0x0000134a   0x00000002   PAD
    0x0000134c   0x00000024   Code   RO         1226    .text               c_w.l(_printf_char_file.o)
    0x00001370   0x000000bc   Code   RO         1228    .text               c_w.l(_printf_wctomb.o)
    0x0000142c   0x00000078   Code   RO         1231    .text               c_w.l(_printf_longlong_dec.o)
    0x000014a4   0x00000078   Code   RO         1237    .text               c_w.l(_printf_oct_int_ll.o)
    0x0000151c   0x0000009c   Code   RO         1257    .text               c_w.l(_printf_hex_int_ll_ptr.o)
    0x000015b8   0x0000001c   Code   RO         1280    .text               c_w.l(_chval.o)
    0x000015d4   0x0000002c   Code   RO         1282    .text               c_w.l(scanf_char.o)
    0x00001600   0x00000040   Code   RO         1284    .text               c_w.l(_sgetc.o)
    0x00001640   0x000000f8   Code   RO         1286    .text               c_w.l(fseek.o)
    0x00001738   0x000000f0   Code   RO         1288    .text               c_w.l(stdio.o)
    0x00001828   0x00000138   Code   RO         1291    .text               c_w.l(initio.o)
    0x00001960   0x00000064   Code   RO         1299    .text               c_w.l(rt_memcpy_w.o)
    0x000019c4   0x00000008   Code   RO         1420    .text               c_w.l(rt_locale.o)
    0x000019cc   0x00000004   Code   RO         1425    .text               c_w.l(hguard.o)
    0x000019d0   0x0000008a   Code   RO         1427    .text               c_w.l(init_alloc.o)
    0x00001a5a   0x0000000e   Code   RO         1431    .text               c_w.l(h1_init.o)
    0x00001a68   0x0000008a   Code   RO         1445    .text               c_w.l(lludiv10.o)
    0x00001af2   0x00000012   Code   RO         1447    .text               c_w.l(isspace.o)
    0x00001b04   0x00000300   Code   RO         1449    .text               c_w.l(_printf_fp_hex.o)
    0x00001e04   0x00000080   Code   RO         1452    .text               c_w.l(_printf_fp_infnan.o)
    0x00001e84   0x0000002c   Code   RO         1456    .text               c_w.l(_printf_wchar.o)
    0x00001eb0   0x00000370   Code   RO         1458    .text               c_w.l(_scanf.o)
    0x00002220   0x000000e4   Code   RO         1460    .text               c_w.l(bigflt0.o)
    0x00002304   0x00000008   Code   RO         1485    .text               c_w.l(ferror.o)
    0x0000230c   0x00000046   Code   RO         1491    .text               c_w.l(ftell.o)
    0x00002352   0x00000046   Code   RO         1493    .text               c_w.l(setvbuf.o)
    0x00002398   0x000000ec   Code   RO         1495    .text               c_w.l(fopen.o)
    0x00002484   0x0000004c   Code   RO         1497    .text               c_w.l(fclose.o)
    0x000024d0   0x00000040   Code   RO         1507    .text               c_w.l(_wcrtomb.o)
    0x00002510   0x0000000a   Code   RO         1512    .text               c_w.l(defsig_exit.o)
    0x0000251a   0x0000000e   Code   RO         1514    .text               c_w.l(defsig_rtred_outer.o)
    0x00002528   0x0000000c   Code   RO         1565    .text               c_w.l(sys_exit.o)
    0x00002534   0x00000010   Code   RO         1567    .text               c_w.l(rt_ctype_table.o)
    0x00002544   0x00000008   Code   RO         1569    .text               c_w.l(rt_errno_addr.o)
    0x0000254c   0x00000034   Code   RO         1578    .text               c_w.l(h1_extend.o)
    0x00002580   0x000001de   Code   RO         1582    .text               c_w.l(flsbuf.o)
    0x0000275e   0x00000032   Code   RO         1588    .text               c_w.l(defsig_general.o)
    0x00002790   0x00000034   Code   RO         1594    .text               c_w.l(defsig_rtred_inner.o)
    0x000027c4   0x0000000e   Code   RO         1596    .text               c_w.l(defsig_rtmem_outer.o)
    0x000027d2   0x00000002   PAD
    0x000027d4   0x00000050   Code   RO         1600    .text               c_w.l(heapauxa.o)
    0x00002824   0x0000000e   Code   RO         1629    .text               c_w.l(sys_wrch.o)
    0x00002832   0x00000002   Code   RO         1631    .text               c_w.l(use_no_semi.o)
    0x00002834   0x00000000   Code   RO         1633    .text               c_w.l(indicate_semi.o)
    0x00002834   0x00000050   Code   RO         1658    .text               c_w.l(defsig_rtmem_inner.o)
    0x00002884   0x0000003e   Code   RO         1463    CL$$btod_d2e        c_w.l(btod.o)
    0x000028c2   0x00000046   Code   RO         1465    CL$$btod_d2e_denorm_low  c_w.l(btod.o)
    0x00002908   0x00000060   Code   RO         1464    CL$$btod_d2e_norm_op1  c_w.l(btod.o)
    0x00002968   0x00000338   Code   RO         1473    CL$$btod_div_common  c_w.l(btod.o)
    0x00002ca0   0x000000c6   Code   RO         1470    CL$$btod_e2e        c_w.l(btod.o)
    0x00002d66   0x00000028   Code   RO         1467    CL$$btod_ediv       c_w.l(btod.o)
    0x00002d8e   0x00000028   Code   RO         1466    CL$$btod_emul       c_w.l(btod.o)
    0x00002db6   0x00000244   Code   RO         1472    CL$$btod_mult_common  c_w.l(btod.o)
    0x00002ffa   0x00000012   Code   RO          383    i.$Sub$$main        retarget.o
    0x0000300c   0x0000006c   Code   RO          357    i.NVIC_SetVector    cmsis_nvic.o
    0x00003078   0x000000a0   Code   RO          365    i.SystemInit        system_LPC17xx.o
    0x00003118   0x00000048   Code   RO          669    i._ZN4mbed3I2C5writeEiPKcib  mbed.ar(I2C.o)
    0x00003160   0x00000024   Code   RO          672    i._ZN4mbed3I2CC1E7PinNameS1_  mbed.ar(I2C.o)
    0x00003184   0x00000010   Code   RO           25    i._ZN4mbed6PwmOut5writeEf  main.o
    0x00003194   0x00000004   Code   RO          793    i._ZN4mbed8FileBase11getPathTypeEv  mbed.ar(FileBase.o)
    0x00003198   0x00000038   Code   RO          795    i._ZN4mbed8FileBase6lookupEPKcj  mbed.ar(FileBase.o)
    0x000031d0   0x00000018   Code   RO          579    i._ZN4mbed8FilePath10fileSystemEv  mbed.ar(FilePath.o)
    0x000031e8   0x0000001c   Code   RO          581    i._ZN4mbed8FilePath4fileEv  mbed.ar(FilePath.o)
    0x00003204   0x0000000a   Code   RO          582    i._ZN4mbed8FilePath6existsEv  mbed.ar(FilePath.o)
    0x0000320e   0x00000018   Code   RO          583    i._ZN4mbed8FilePath6isFileEv  mbed.ar(FilePath.o)
    0x00003226   0x00000004   Code   RO          584    i._ZN4mbed8FilePath8fileNameEv  mbed.ar(FilePath.o)
    0x0000322a   0x00000040   Code   RO          585    i._ZN4mbed8FilePathC1EPKc  mbed.ar(FilePath.o)
    0x0000326a   0x00000028   Code   RO         1563    i.__ARM_fpclassify  m_ws.l(fpclassify.o)
    0x00003292   0x00000002   PAD
    0x00003294   0x00000010   Code   RO          371    i.__user_setup_stackheap  sys.o
    0x000032a4   0x0000000e   Code   RO          946    i._is_digit         c_w.l(__printf_wp.o)
    0x000032b2   0x00000002   PAD
    0x000032b4   0x0000002c   Code   RO          386    i._sys_close        retarget.o
    0x000032e0   0x00000028   Code   RO          389    i._sys_flen         retarget.o
    0x00003308   0x00000028   Code   RO          390    i._sys_istty        retarget.o
    0x00003330   0x0000014c   Code   RO          391    i._sys_open         retarget.o
    0x0000347c   0x00000028   Code   RO          393    i._sys_seek         retarget.o
    0x000034a4   0x00000064   Code   RO          394    i._sys_write        retarget.o
    0x00003508   0x00000098   Code   RO          493    i.analogin_init     mbed.ar(analogin_api.o)
    0x000035a0   0x000000d0   Code   RO          494    i.analogin_read     mbed.ar(analogin_api.o)
    0x00003670   0x00000018   Code   RO          835    i.error             mbed.ar(error.o)
    0x00003688   0x0000002c   Code   RO          854    i.exit              mbed.ar(exit.o)
    0x000036b4   0x0000001a   Code   RO         1488    i.fputc             c_w.l(fputc.o)
    0x000036ce   0x00000002   PAD
    0x000036d0   0x00000050   Code   RO          723    i.gpio_dir          mbed.ar(gpio_api.o)
    0x00003720   0x00000038   Code   RO          724    i.gpio_init         mbed.ar(gpio_api.o)
    0x00003758   0x00000026   Code   RO          702    i.gpio_init_in      mbed.ar(gpio.o)
    0x0000377e   0x00000002   PAD
    0x00003780   0x00000044   Code   RO          705    i.gpio_init_out     mbed.ar(gpio.o)
    0x000037c4   0x00000050   Code   RO          706    i.gpio_init_out_ex  mbed.ar(gpio.o)
    0x00003814   0x00000006   Code   RO          725    i.gpio_mode         mbed.ar(gpio_api.o)
    0x0000381a   0x00000002   PAD
    0x0000381c   0x0000001c   Code   RO          738    i.i2c_frequency     mbed.ar(i2c_api.o)
    0x00003838   0x000000d8   Code   RO          739    i.i2c_init          mbed.ar(i2c_api.o)
    0x00003910   0x00000038   Code   RO          748    i.i2c_stop          mbed.ar(i2c_api.o)
    0x00003948   0x0000012c   Code   RO          749    i.i2c_write         mbed.ar(i2c_api.o)
    0x00003a74   0x00000050   Code   RO          696    i.mbed_assert_internal  mbed.ar(assert.o)
    0x00003ac4   0x00000108   Code   RO          376    i.mbed_die          board.o
    0x00003bcc   0x00000004   Code   RO          860    i.mbed_interface_connected  mbed.ar(mbed_interface.o)
    0x00003bd0   0x00000002   Code   RO          396    i.mbed_main         retarget.o
    0x00003bd2   0x00000002   Code   RO          397    i.mbed_sdk_init     retarget.o
    0x00003bd4   0x0000005c   Code   RO          769    i.pin_function      mbed.ar(pinmap.o)
    0x00003c30   0x00000084   Code   RO          770    i.pin_mode          mbed.ar(pinmap.o)
    0x00003cb4   0x0000001e   Code   RO          823    i.pinmap_find_peripheral  mbed.ar(pinmap_common.o)
    0x00003cd2   0x00000002   PAD
    0x00003cd4   0x00000038   Code   RO          824    i.pinmap_merge      mbed.ar(pinmap_common.o)
    0x00003d0c   0x00000058   Code   RO          825    i.pinmap_peripheral  mbed.ar(pinmap_common.o)
    0x00003d64   0x00000050   Code   RO          826    i.pinmap_pinout     mbed.ar(pinmap_common.o)
    0x00003db4   0x000000fc   Code   RO          505    i.pwmout_init       mbed.ar(pwmout_api.o)
    0x00003eb0   0x0000004c   Code   RO          506    i.pwmout_period     mbed.ar(pwmout_api.o)
    0x00003efc   0x0000004c   Code   RO          513    i.pwmout_write      mbed.ar(pwmout_api.o)
    0x00003f48   0x00000010   Code   RO          881    i.semihost_connected  mbed.ar(semihost_api.o)
    0x00003f58   0x0000000c   Code   RO          884    i.semihost_exit     mbed.ar(semihost_api.o)
    0x00003f64   0x000001c4   Code   RO          530    i.serial_baud       mbed.ar(serial_api.o)
    0x00004128   0x000000a0   Code   RO          534    i.serial_format     mbed.ar(serial_api.o)
    0x000041c8   0x00000168   Code   RO          537    i.serial_init       mbed.ar(serial_api.o)
    0x00004330   0x000000d4   Code   RO          540    i.serial_irq_set_internal  mbed.ar(serial_api.o)
    0x00004404   0x00000068   Code   RO          542    i.serial_putc       mbed.ar(serial_api.o)
    0x0000446c   0x0000010c   Code   RO          544    i.serial_set_flow_control  mbed.ar(serial_api.o)
    0x00004578   0x00000014   Code   RO          546    i.uart0_irq         mbed.ar(serial_api.o)
    0x0000458c   0x00000014   Code   RO          547    i.uart1_irq         mbed.ar(serial_api.o)
    0x000045a0   0x00000014   Code   RO          548    i.uart2_irq         mbed.ar(serial_api.o)
    0x000045b4   0x00000014   Code   RO          549    i.uart3_irq         mbed.ar(serial_api.o)
    0x000045c8   0x00000064   Code   RO          550    i.uart_irq          mbed.ar(serial_api.o)
    0x0000462c   0x0000000c   Code   RO          778    i.us_ticker_clear_interrupt  mbed.ar(us_ticker.o)
    0x00004638   0x00000010   Code   RO          779    i.us_ticker_disable_interrupt  mbed.ar(us_ticker.o)
    0x00004648   0x00000044   Code   RO          842    i.us_ticker_irq_handler  mbed.ar(us_ticker_api.o)
    0x0000468c   0x00000060   Code   RO          781    i.us_ticker_read    mbed.ar(us_ticker.o)
    0x000046ec   0x00000014   Code   RO          782    i.us_ticker_set_interrupt  mbed.ar(us_ticker.o)
    0x00004700   0x0000001c   Code   RO          716    i.wait_ms           mbed.ar(wait_api.o)
    0x0000471c   0x00000018   Code   RO          717    i.wait_us           mbed.ar(wait_api.o)
    0x00004734   0x0000002c   Code   RO         1510    locale$$code        c_w.l(lc_numeric_c.o)
    0x00004760   0x0000002c   Code   RO         1648    locale$$code        c_w.l(lc_ctype_c.o)
    0x0000478c   0x00000018   Code   RO         1557    x$fpl$dcmpinf       fz_ws.l(dcmpi.o)
    0x000047a4   0x0000002e   Code   RO         1105    x$fpl$dflt          fz_ws.l(dflt_clz.o)
    0x000047d2   0x00000002   PAD
    0x000047d4   0x00000078   Code   RO         1374    x$fpl$dleqf         fz_ws.l(dleqf.o)
    0x0000484c   0x00000154   Code   RO         1110    x$fpl$dmul          fz_ws.l(dmul.o)
    0x000049a0   0x0000009c   Code   RO         1376    x$fpl$dnaninf       fz_ws.l(dnaninf.o)
    0x00004a3c   0x0000000c   Code   RO         1378    x$fpl$dretinf       fz_ws.l(dretinf.o)
    0x00004a48   0x0000006c   Code   RO         1112    x$fpl$drleqf        fz_ws.l(drleqf.o)
    0x00004ab4   0x00000056   Code   RO         1114    x$fpl$f2d           fz_ws.l(f2d.o)
    0x00004b0a   0x00000002   PAD
    0x00004b0c   0x00000184   Code   RO         1117    x$fpl$fdiv          fz_ws.l(fdiv.o)
    0x00004c90   0x00000036   Code   RO         1120    x$fpl$ffix          fz_ws.l(ffix.o)
    0x00004cc6   0x00000002   PAD
    0x00004cc8   0x0000003e   Code   RO         1124    x$fpl$ffixu         fz_ws.l(ffixu.o)
    0x00004d06   0x00000002   PAD
    0x00004d08   0x00000030   Code   RO         1129    x$fpl$fflt          fz_ws.l(fflt_clz.o)
    0x00004d38   0x00000026   Code   RO         1128    x$fpl$ffltu         fz_ws.l(fflt_clz.o)
    0x00004d5e   0x00000002   PAD
    0x00004d60   0x00000102   Code   RO         1134    x$fpl$fmul          fz_ws.l(fmul.o)
    0x00004e62   0x0000008c   Code   RO         1380    x$fpl$fnaninf       fz_ws.l(fnaninf.o)
    0x00004eee   0x0000000a   Code   RO         1382    x$fpl$fretinf       fz_ws.l(fretinf.o)
    0x00004ef8   0x00000004   Code   RO         1136    x$fpl$printf1       fz_ws.l(printf1.o)
    0x00004efc   0x00000004   Code   RO         1384    x$fpl$printf2       fz_ws.l(printf2.o)
    0x00004f00   0x00000000   Code   RO         1390    x$fpl$usenofp       fz_ws.l(usenofp.o)
    0x00004f00   0x00000047   Data   RO            5    .constdata          main.o
    0x00004f47   0x00000001   PAD
    0x00004f48   0x00000067   Data   RO          377    .constdata          board.o
    0x00004faf   0x00000017   Data   RO          434    .constdata          retarget.o
    0x00004fc6   0x00000002   PAD
    0x00004fc8   0x000000c4   Data   RO          496    .constdata          mbed.ar(analogin_api.o)
    0x0000508c   0x0000010a   Data   RO          514    .constdata          mbed.ar(pwmout_api.o)
    0x00005196   0x00000002   PAD
    0x00005198   0x000002b8   Data   RO          552    .constdata          mbed.ar(serial_api.o)
    0x00005450   0x00000067   Data   RO          707    .constdata          mbed.ar(gpio.o)
    0x000054b7   0x00000001   PAD
    0x000054b8   0x00000068   Data   RO          727    .constdata          mbed.ar(gpio_api.o)
    0x00005520   0x000000eb   Data   RO          750    .constdata          mbed.ar(i2c_api.o)
    0x0000560b   0x00000001   PAD
    0x0000560c   0x00000054   Data   RO          771    .constdata          mbed.ar(pinmap.o)
    0x00005660   0x00000011   Data   RO          954    .constdata          c_w.l(__printf_flags_ss_wp.o)
    0x00005671   0x00000003   PAD
    0x00005674   0x00000008   Data   RO         1229    .constdata          c_w.l(_printf_wctomb.o)
    0x0000567c   0x00000028   Data   RO         1258    .constdata          c_w.l(_printf_hex_int_ll_ptr.o)
    0x000056a4   0x00000026   Data   RO         1450    .constdata          c_w.l(_printf_fp_hex.o)
    0x000056ca   0x00000002   PAD
    0x000056cc   0x00000094   Data   RO         1461    .constdata          c_w.l(bigflt0.o)
    0x00005760   0x00000020   Data   RO         1687    Region$$Table       anon$$obj.o
    0x00005780   0x0000001c   Data   RO         1509    locale$$data        c_w.l(lc_numeric_c.o)
    0x0000579c   0x00000110   Data   RO         1647    locale$$data        c_w.l(lc_ctype_c.o)
    0x000058ac   0x00000004   Data   RO            7    .init_array         main.o


    Execution Region RW_IRAM1 (Base: 0x100000c8, Size: 0x000002b4, Max: 0x00007f38, ABSOLUTE)

    Base Addr    Size         Type   Attr      Idx    E Section Name        Object

    0x100000c8   0x00000020   Data   RW            6    .data               main.o
    0x100000e8   0x00000002   Data   RW          291    .data               grove_lcd_rgb_backlight.o
    0x100000ea   0x00000002   PAD
    0x100000ec   0x00000004   Data   RW          366    .data               system_LPC17xx.o
    0x100000f0   0x00000020   Data   RW          515    .data               mbed.ar(pwmout_api.o)
    0x10000110   0x00000010   Data   RW          553    .data               mbed.ar(serial_api.o)
    0x10000120   0x00000004   Data   RW          682    .data               mbed.ar(I2C.o)
    0x10000124   0x00000004   Data   RW          783    .data               mbed.ar(us_ticker.o)
    0x10000128   0x00000004   Data   RW          807    .data               mbed.ar(FileBase.o)
    0x1000012c   0x00000008   Data   RW          845    .data               mbed.ar(us_ticker_api.o)
    0x10000134   0x00000004   Data   RW          969    .data               c_w.l(stdio_streams.o)
    0x10000138   0x00000004   Data   RW          970    .data               c_w.l(stdio_streams.o)
    0x1000013c   0x00000004   Data   RW          971    .data               c_w.l(stdio_streams.o)
    0x10000140   0x00000004   Data   RW         1601    .data               c_w.l(heapauxa.o)
    0x10000144   0x00000040   Zero   RW          433    .bss                retarget.o
    0x10000184   0x000000e0   Zero   RW          551    .bss                mbed.ar(serial_api.o)
    0x10000264   0x00000054   Zero   RW          966    .bss                c_w.l(stdio_streams.o)
    0x100002b8   0x00000054   Zero   RW          967    .bss                c_w.l(stdio_streams.o)
    0x1000030c   0x00000054   Zero   RW          968    .bss                c_w.l(stdio_streams.o)
    0x10000360   0x00000004   Zero   RW         1416    .bss                c_w.l(rt_heap_descriptor.o)
    0x10000364   0x00000014   Zero   RW         1421    .bss                c_w.l(rt_locale.o)
    0x10000378   0x00000004   Zero   RW         1570    .bss                c_w.l(rt_errno_addr.o)


    Execution Region RW_IRAM2 (Base: 0x2007c000, Size: 0x00000000, Max: 0x00004000, ABSOLUTE)

    **** No section assigned to this execution region ****


    Execution Region RW_IRAM3 (Base: 0x20080000, Size: 0x00000000, Max: 0x00004000, ABSOLUTE)

    **** No section assigned to this execution region ****


    Execution Region RW_IRAM4 (Base: 0x40038000, Size: 0x00000000, Max: 0x00000800, ABSOLUTE)

    **** No section assigned to this execution region ****


==============================================================================

Image component sizes


      Code (inc. data)   RO Data    RW Data    ZI Data      Debug   Object Name

       264         22        103          0          0         76   board.o
       108          6          0          0          0         84   cmsis_nvic.o
       400         12          0          2          0       2419   grove_lcd_rgb_backlight.o
       560         68         75         32          0      57990   main.o
       618         70         23          0         64        688   retarget.o
        40         12        196          0          0        228   startup_LPC17xx.o
        16          6          0          0          0         68   sys.o
       160         10          0          4          0         68   system_LPC17xx.o

    ----------------------------------------------------------------------
      2166        206        432         40         64      61621   Object Totals
         0          0         32          0          0          0   (incl. Generated)
         0          0          3          2          0          0   (incl. Padding)

    ----------------------------------------------------------------------

      Code (inc. data)   RO Data    RW Data    ZI Data      Debug   Library Member Name

        60          8          0          0          0         84   __0sscanf.o
        20          0          0          0          0         84   __2fprintf.o
        44          6          0          0          0         84   __2sprintf.o
         8          0          0          0          0         68   __main.o
       396          6         17          0          0         92   __printf_flags_ss_wp.o
        14          0          0          0          0         68   __printf_wp.o
        52          8          0          0          0          0   __scatter.o
        26          0          0          0          0          0   __scatter_copy.o
        28          0          0          0          0          0   __scatter_zi.o
        28          0          0          0          0         68   _chval.o
         6          0          0          0          0          0   _printf_a.o
         6          0          0          0          0          0   _printf_c.o
        44          0          0          0          0        108   _printf_char.o
        48          6          0          0          0         96   _printf_char_common.o
        36          4          0          0          0         80   _printf_char_file.o
        42          0          0          0          0         68   _printf_charcount.o
         6          0          0          0          0          0   _printf_d.o
       120         18          0          0          0         92   _printf_dec.o
         6          0          0          0          0          0   _printf_e.o
         6          0          0          0          0          0   _printf_f.o
      1056          0          0          0          0        216   _printf_fp_dec.o
       768          8         38          0          0        100   _printf_fp_hex.o
       128         16          0          0          0         84   _printf_fp_infnan.o
         6          0          0          0          0          0   _printf_g.o
       156          6         40          0          0        160   _printf_hex_int_ll_ptr.o
         6          0          0          0          0          0   _printf_i.o
       184          0          0          0          0         88   _printf_intcommon.o
        10          0          0          0          0          0   _printf_l.o
         6          0          0          0          0          0   _printf_lc.o
        10          0          0          0          0          0   _printf_ll.o
         6          0          0          0          0          0   _printf_lld.o
         6          0          0          0          0          0   _printf_lli.o
         6          0          0          0          0          0   _printf_llo.o
         6          0          0          0          0          0   _printf_llu.o
         6          0          0          0          0          0   _printf_llx.o
       120         16          0          0          0         92   _printf_longlong_dec.o
         6          0          0          0          0          0   _printf_ls.o
         6          0          0          0          0          0   _printf_n.o
         6          0          0          0          0          0   _printf_o.o
       120          8          0          0          0        124   _printf_oct_int_ll.o
         6          0          0          0          0          0   _printf_p.o
        82          0          0          0          0        108   _printf_pad.o
         0          0          0          0          0          0   _printf_percent.o
         4          0          0          0          0          0   _printf_percent_end.o
         6          0          0          0          0          0   _printf_s.o
        82          0          0          0          0         80   _printf_str.o
        36          0          0          0          0         84   _printf_truncate.o
         6          0          0          0          0          0   _printf_u.o
        44          0          0          0          0        108   _printf_wchar.o
       188          6          8          0          0         92   _printf_wctomb.o
         6          0          0          0          0          0   _printf_x.o
       880          4          0          0          0        100   _scanf.o
       336          0          0          0          0         96   _scanf_int.o
        64          0          0          0          0         84   _sgetc.o
        10          0          0          0          0         68   _sputc.o
        64          0          0          0          0         92   _wcrtomb.o
       228          6        148          0          0         96   bigflt0.o
      1910        128          0          0          0        672   btod.o
        10          0          0          0          0         68   defsig_exit.o
        50          0          0          0          0         88   defsig_general.o
        80         58          0          0          0         76   defsig_rtmem_inner.o
        14          0          0          0          0         80   defsig_rtmem_outer.o
        52         38          0          0          0         76   defsig_rtred_inner.o
        14          0          0          0          0         80   defsig_rtred_outer.o
        76          0          0          0          0         88   fclose.o
         8          0          0          0          0         68   ferror.o
       100          4          0          0          0        120   fflush.o
       478          0          0          0          0         88   flsbuf.o
       236          4          0          0          0        128   fopen.o
        26          0          0          0          0         68   fputc.o
       248          6          0          0          0         84   fseek.o
        70          0          0          0          0         76   ftell.o
        94          0          0          0          0         80   h1_alloc.o
        52          0          0          0          0         68   h1_extend.o
        78          0          0          0          0         80   h1_free.o
        14          0          0          0          0         84   h1_init.o
        80          6          0          4          0         96   heapauxa.o
         4          0          0          0          0        136   hguard.o
         0          0          0          0          0          0   indicate_semi.o
        36         10          0          0          0         80   init_aeabi.o
       138          0          0          0          0        168   init_alloc.o
       312         46          0          0          0        112   initio.o
        18          0          0          0          0         76   isspace.o
        44         10        272          0          0         76   lc_ctype_c.o
        44         10         28          0          0         76   lc_numeric_c.o
         2          0          0          0          0          0   libinit.o
        46          0          0          0          0          0   libinit2.o
         0          0          0          0          0          0   libshutdown2.o
       138          0          0          0          0         80   lludiv10.o
         0          0          0          0          0          0   maybetermalloc1.o
        16          4          0          0          0         76   rt_ctype_table.o
         8          4          0          0          4         68   rt_errno_addr.o
         8          4          0          0          4         68   rt_heap_descriptor.o
         8          4          0          0         20         68   rt_locale.o
        78          0          0          0          0         80   rt_memclr_w.o
       100          0          0          0          0         80   rt_memcpy_w.o
       122          0          0          0          0         80   rt_memmove_w.o
         0          0          0          0          0          0   rtentry.o
        12          0          0          0          0          0   rtentry2.o
         6          0          0          0          0          0   rtentry4.o
        44          8          0          0          0         84   scanf_char.o
        70          0          0          0          0         80   setvbuf.o
       240          6          0          0          0        156   stdio.o
         0          0          0         12        252          0   stdio_streams.o
       128          0          0          0          0         68   strcmpv7m.o
        62          0          0          0          0         76   strlen.o
       150          0          0          0          0         80   strncmp.o
        12          4          0          0          0         68   sys_exit.o
        14          0          0          0          0         76   sys_wrch.o
         2          0          0          0          0         68   use_no_semi.o
        10          0          0          0          0         68   vfprintf.o
        24          0          0          0          0         68   dcmpi.o
        46          0          0          0          0         68   dflt_clz.o
       120          4          0          0          0         92   dleqf.o
       340         12          0          0          0        104   dmul.o
       156          4          0          0          0         92   dnaninf.o
        12          0          0          0          0         68   dretinf.o
       108          0          0          0          0         80   drleqf.o
        86          4          0          0          0         84   f2d.o
       388         76          0          0          0         96   fdiv.o
        54          4          0          0          0         84   ffix.o
        62          4          0          0          0         84   ffixu.o
        86          0          0          0          0        136   fflt_clz.o
       258          4          0          0          0         84   fmul.o
       140          4          0          0          0         84   fnaninf.o
        10          0          0          0          0         68   fretinf.o
         4          0          0          0          0         68   printf1.o
         4          0          0          0          0         68   printf2.o
         0          0          0          0          0          0   usenofp.o
        40          0          0          0          0         68   fpclassify.o
        60          6          0          4          0        148   FileBase.o
       154          0          0          0          0        440   FilePath.o
       108         14          0          4          0        164   I2C.o
       360         58        196          0          0        172   analogin_api.o
        80         56          0          0          0         80   assert.o
        24          4          0          0          0         80   error.o
        44          8          0          0          0         72   exit.o
       186         12        103          0          0        268   gpio.o
       142         28        104          0          0        228   gpio_api.o
       600         60        235          0          0        320   i2c_api.o
         4          0          0          0          0         68   mbed_interface.o
       224         58         84          0          0        160   pinmap.o
       254         76          0          0          0        308   pinmap_common.o
       404         68        266         32          0        252   pwmout_api.o
        28          6          0          0          0        144   semihost_api.o
      1736        170        696         16        224        928   serial_api.o
       144         38          0          4          0        280   us_ticker.o
        68          6          0          8          0         88   us_ticker_api.o
        52          0          0          0          0        160   wait_api.o

    ----------------------------------------------------------------------
     17862       1264       2244         84        504      13136   Library Totals
        34          0          9          0          0          0   (incl. Padding)

    ----------------------------------------------------------------------

      Code (inc. data)   RO Data    RW Data    ZI Data      Debug   Library Name

     11218        480        551         16        280       7280   c_w.l
      1898        116          0          0          0       1428   fz_ws.l
        40          0          0          0          0         68   m_ws.l
      4672        668       1684         68        224       4360   mbed.ar

    ----------------------------------------------------------------------
     17862       1264       2244         84        504      13136   Library Totals

    ----------------------------------------------------------------------

==============================================================================


      Code (inc. data)   RO Data    RW Data    ZI Data      Debug   

     20028       1470       2676        124        568      66021   Grand Totals
     20028       1470       2676        124        568      66021   ELF Image Totals
     20028       1470       2676        124          0          0   ROM Totals

==============================================================================

    Total RO  Size (Code + RO Data)                22704 (  22.17kB)
    Total RW  Size (RW Data + ZI Data)               692 (   0.68kB)
    Total ROM Size (Code + RO Data + RW Data)      22828 (  22.29kB)

==============================================================================

