ARM Linker, 5.03 [Build 76] [MDK-ARM Lite]

==============================================================================

Section Cross References

    main.o(.text) refers to _printf_percent.o(.ARM.Collect$$_printf_percent$$00000000) for _printf_percent
    main.o(.text) refers to _printf_f.o(.ARM.Collect$$_printf_percent$$00000003) for _printf_f
    main.o(.text) refers to printf1.o(x$fpl$printf1) for _printf_fp_dec
    main.o(.text) refers to grove_lcd_rgb_backlight.o(.text) for Grove_LCD_RGB_Backlight::setRGB(char, char, char)
    main.o(.text) refers to FunctionPointer.o(i._ZN4mbed15FunctionPointer6attachEPFvvE) for mbed::FunctionPointer::attach(void(*)())
    main.o(.text) refers to Ticker.o(i._ZN4mbed6Ticker5setupEy) for mbed::Ticker::setup(unsigned long long)
    main.o(.text) refers to analogin_api.o(i.analogin_read) for analogin_read
    main.o(.text) refers to f2d.o(x$fpl$f2d) for __aeabi_f2d
    main.o(.text) refers to __2sprintf.o(.text) for __2sprintf
    main.o(.text) refers to wait_api.o(i.wait) for wait
    main.o(.text) refers to analogin_api.o(i.analogin_init) for analogin_init
    main.o(.text) refers to TimerEvent.o(i._ZN4mbed10TimerEventC2Ev) for mbed::TimerEvent::TimerEvent__sub_object()
    main.o(.text) refers to FunctionPointer.o(i._ZN4mbed15FunctionPointerC1EPFvvE) for mbed::FunctionPointer::FunctionPointer(void(*)())
    main.o(.text) refers to aeabi_atexit.o(i.__aeabi_atexit) for __aeabi_atexit
    main.o(.text) refers to main.o(.data) for screen
    main.o(.text) refers to main.o(.bss) for ticker
    main.o(.text) refers to Ticker.o(.constdata__ZTVN4mbed6TickerE) for vtable for mbed::Ticker
    main.o(.text) refers to Ticker.o(i._ZN4mbed6TickerD1Ev) for mbed::Ticker::~Ticker()
    main.o(.ARM.exidx) refers to main.o(.text) for .text
    main.o(.init_array) refers to main.o(.text) for __sti___8_main_cpp
    main.o(.init_array) refers to init_aeabi.o(.text) for __cpp_initialize__aeabi_
    grove_lcd_rgb_backlight.o(.text) refers to I2C.o(i._ZN4mbed3I2C5writeEiPKcib) for mbed::I2C::write(int, const char*, int, bool)
    grove_lcd_rgb_backlight.o(.text) refers to wait_api.o(i.wait_us) for wait_us
    grove_lcd_rgb_backlight.o(.text) refers to wait_api.o(i.wait_ms) for wait_ms
    grove_lcd_rgb_backlight.o(.text) refers to I2C.o(i._ZN4mbed3I2CC1E7PinNameS1_) for mbed::I2C::I2C(PinName, PinName)
    grove_lcd_rgb_backlight.o(.text) refers to grove_lcd_rgb_backlight.o(.data) for _displaycontrol
    grove_lcd_rgb_backlight.o(.ARM.exidx) refers to grove_lcd_rgb_backlight.o(.text) for .text
    cmsis_nvic.o(i.NVIC_SetVector) refers to rt_memmove_w.o(.text) for __aeabi_memmove4
    system_LPC17xx.o(i.SystemCoreClockUpdate) refers to lludivv7m.o(.text) for __aeabi_uldivmod
    system_LPC17xx.o(i.SystemCoreClockUpdate) refers to system_LPC17xx.o(.data) for .data
    sys.o(.ARM.exidx) refers to sys.o(i.__user_setup_stackheap) for i.__user_setup_stackheap
    board.o(i.mbed_die) refers to gpio.o(i.gpio_init_out) for gpio_init_out
    board.o(i.mbed_die) refers to assert.o(i.mbed_assert_internal) for mbed_assert_internal
    board.o(i.mbed_die) refers to wait_api.o(i.wait_ms) for wait_ms
    board.o(i.mbed_die) refers to board.o(.constdata) for .constdata
    retarget.o(i.$Sub$$main) refers to retarget.o(i.mbed_sdk_init) for mbed_sdk_init
    retarget.o(i.$Sub$$main) refers to retarget.o(i.mbed_main) for mbed_main
    retarget.o(i.$Sub$$main) refers to main.o(.text) for $Super$$main
    retarget.o(i._ZN4mbed10FileHandleD0Ev) refers to delete.o(i._ZdlPv) for operator delete (void*)
    retarget.o(i._ZN4mbed10FileHandleD0Ev) refers to retarget.o(.constdata__ZTVN4mbed10FileHandleE) for vtable for mbed::FileHandle
    retarget.o(i._ZN4mbed10FileHandleD0Ev) refers to retarget.o(.bss) for .bss
    retarget.o(i._ZN4mbed10FileHandleD2Ev) refers to retarget.o(.constdata__ZTVN4mbed10FileHandleE) for vtable for mbed::FileHandle
    retarget.o(i._ZN4mbed10FileHandleD2Ev) refers to retarget.o(.bss) for .bss
    retarget.o(i._sys_close) refers to retarget.o(.bss) for .bss
    retarget.o(i._sys_ensure) refers to retarget.o(.bss) for .bss
    retarget.o(i._sys_flen) refers to retarget.o(.bss) for .bss
    retarget.o(i._sys_istty) refers to retarget.o(.bss) for .bss
    retarget.o(i._sys_open) refers to _scanf_int.o(.text) for _scanf_int
    retarget.o(i._sys_open) refers to strcmpv7m.o(.text) for strcmp
    retarget.o(i._sys_open) refers to serial_api.o(i.serial_init) for serial_init
    retarget.o(i._sys_open) refers to FilePath.o(i._ZN4mbed8FilePathC1EPKc) for mbed::FilePath::FilePath(const char*)
    retarget.o(i._sys_open) refers to FilePath.o(i._ZN4mbed8FilePath6existsEv) for mbed::FilePath::exists()
    retarget.o(i._sys_open) refers to FilePath.o(i._ZN4mbed8FilePath6isFileEv) for mbed::FilePath::isFile()
    retarget.o(i._sys_open) refers to FilePath.o(i._ZN4mbed8FilePath4fileEv) for mbed::FilePath::file()
    retarget.o(i._sys_open) refers to __0sscanf.o(.text) for __0sscanf
[...]
    .constdata__ZTVN4mbed6TickerE            0x00005100   Section       20  Ticker.o(.constdata__ZTVN4mbed6TickerE)
    locale$$data                             0x00005134   Section       28  lc_numeric_c.o(locale$$data)
    __lcnum_c_name                           0x00005138   Data           2  lc_numeric_c.o(locale$$data)
    __lcnum_c_start                          0x00005140   Data           0  lc_numeric_c.o(locale$$data)
    __lcnum_c_point                          0x0000514c   Data           0  lc_numeric_c.o(locale$$data)
    __lcnum_c_thousands                      0x0000514e   Data           0  lc_numeric_c.o(locale$$data)
    __lcnum_c_grouping                       0x0000514f   Data           0  lc_numeric_c.o(locale$$data)
    locale$$data                             0x00005150   Section      272  lc_ctype_c.o(locale$$data)
    __lcnum_c_end                            0x00005150   Data           0  lc_numeric_c.o(locale$$data)
    __lcctype_c_name                         0x00005154   Data           2  lc_ctype_c.o(locale$$data)
    __lcctype_c_start                        0x0000515c   Data           0  lc_ctype_c.o(locale$$data)
    .init_array                              0x00005260   Section        4  main.o(.init_array)
    __lcctype_c_end                          0x00005260   Data           0  lc_ctype_c.o(locale$$data)
    .data                                    0x100000c8   Section       16  main.o(.data)
    tickNumber                               0x100000c8   Data           4  main.o(.data)
    .data                                    0x100000d8   Section        2  grove_lcd_rgb_backlight.o(.data)
    .data                                    0x100000dc   Section        4  system_LPC17xx.o(.data)
    .data                                    0x100000e0   Section       16  serial_api.o(.data)
    irq_handler                              0x100000e4   Data           4  serial_api.o(.data)
    .data                                    0x100000f0   Section        4  I2C.o(.data)
    .data                                    0x100000f4   Section        4  us_ticker.o(.data)
    .data                                    0x100000f8   Section        4  FileBase.o(.data)
    .data                                    0x100000fc   Section        8  us_ticker_api.o(.data)
    head                                     0x100000fc   Data           4  us_ticker_api.o(.data)
    event_handler                            0x10000100   Data           4  us_ticker_api.o(.data)
    .data                                    0x10000104   Section        4  stdio_streams.o(.data)
    .data                                    0x10000108   Section        4  stdio_streams.o(.data)
    .data                                    0x1000010c   Section        4  stdio_streams.o(.data)
    .data                                    0x10000110   Section        4  heapauxa.o(.data)
    __rt_heap_escrow_base                    0x10000110   Data           4  heapauxa.o(.data)
    .bss                                     0x10000118   Section     8256  main.o(.bss)
    .bss                                     0x10002158   Section       64  retarget.o(.bss)
    filehandles                              0x10002158   Data          64  retarget.o(.bss)
    .bss                                     0x10002198   Section      224  serial_api.o(.bss)
    uart_data                                0x10002198   Data         224  serial_api.o(.bss)
    .bss                                     0x10002278   Section       84  stdio_streams.o(.bss)
    .bss                                     0x100022cc   Section       84  stdio_streams.o(.bss)
    .bss                                     0x10002320   Section       84  stdio_streams.o(.bss)
    .bss                                     0x10002374   Section        4  rt_ddtor_pointer_addr.o(.bss)
    __rt_ddtor_pointer_addr_data             0x10002374   Data           4  rt_ddtor_pointer_addr.o(.bss)
    .bss                                     0x10002378   Section        4  rt_heap_descriptor.o(.bss)
    __rt_heap_descriptor_data                0x10002378   Data           4  rt_heap_descriptor.o(.bss)
    .bss                                     0x1000237c   Section       20  rt_locale.o(.bss)
    __rt_locale_data                         0x1000237c   Data          20  rt_locale.o(.bss)
    .bss                                     0x10002390   Section        4  rt_errno_addr.o(.bss)
    __aeabi_errno_addr_data                  0x10002390   Data           4  rt_errno_addr.o(.bss)

    Global Symbols

    Symbol Name                              Value     Ov Type        Size  Object(Section)

    BuildAttributes$$THM_ISAv4$P$D$K$B$S$PE$A:L22UL41UL21$X:L11$S22US41US21$IEEE1$IW$USESV6$~STKCKD$USESV7$~SHL$OTIME$ROPI$IEEEJ$EBA8$UX$STANDARDLIB$REQ8$PRES8$EABIv2 0x00000000   Number         0  anon$$obj.o ABSOLUTE
    __ARM_use_no_argv                        0x00000000   Number         0  main.o ABSOLUTE
    __Vectors                                0x00000000   Data           4  startup_LPC17xx.o(RESET)
    __dso_handle                             0x00000000   Number         0  startup_LPC17xx.o(RESET)
    _printf_flags                            0x00000000   Number         0  printf_stubs.o ABSOLUTE
    _printf_return_value                     0x00000000   Number         0  printf_stubs.o ABSOLUTE
    _printf_sizespec                         0x00000000   Number         0  printf_stubs.o ABSOLUTE
    _printf_widthprec                        0x00000000   Number         0  printf_stubs.o ABSOLUTE
    SHT$$ARM_EXIDX$$Base                      - Undefined Reference
    SHT$$ARM_EXIDX$$Limit                     - Undefined Reference
    __ARM::default_unexpected_handler()       - Undefined Weak Reference
    __ARM_exceptions_buffer_required          - Undefined Weak Reference
    __ARM_exceptions_init                     - Undefined Weak Reference
    __aeabi_unwind_cpp_pr1                    - Undefined Weak Reference
    __aeabi_unwind_cpp_pr2                    - Undefined Weak Reference
    __alloca_initialize                       - Undefined Weak Reference
    __cxa_begin_cleanup                       - Undefined Weak Reference
    __cxa_type_match                          - Undefined Weak Reference
    __rt_lib_shutdown                         - Undefined Weak Reference
    __sigvec_lookup                           - Undefined Weak Reference
    __user_heap_extent                        - Undefined Weak Reference
    _atexit_init                              - Undefined Weak Reference
    _clock_init                               - Undefined Weak Reference
    _fp_trap_init                             - Undefined Weak Reference
    _fp_trap_shutdown                         - Undefined Weak Reference
    _get_lc_collate                           - Undefined Weak Reference
    _get_lc_monetary                          - Undefined Weak Reference
    _get_lc_time                              - Undefined Weak Reference
    _getenv_init                              - Undefined Weak Reference
    _handle_redirection                       - Undefined Weak Reference
    _mutex_acquire                            - Undefined Weak Reference
    _mutex_free                               - Undefined Weak Reference
    _mutex_release                            - Undefined Weak Reference
    _printf_mbtowc                            - Undefined Weak Reference
    _printf_wc                                - Undefined Weak Reference
    _rand_init                                - Undefined Weak Reference
    _scanf_longlong                           - Undefined Weak Reference
    _scanf_mbtowc                             - Undefined Weak Reference
    _scanf_real                               - Undefined Weak Reference
    _scanf_string                             - Undefined Weak Reference
    _scanf_wctomb                             - Undefined Weak Reference
    _scanf_wstring                            - Undefined Weak Reference
    _signal_finish                            - Undefined Weak Reference
    _signal_init                              - Undefined Weak Reference
    __main                                   0x000000c5   Thumb Code     8  __main.o(!!!main)
    __scatterload                            0x000000cd   Thumb Code     0  __scatter.o(!!!scatter)
    __scatterload_rt2                        0x000000cd   Thumb Code    44  __scatter.o(!!!scatter)
    __scatterload_rt2_thumb_only             0x000000cd   Thumb Code     0  __scatter.o(!!!scatter)
    __scatterload_null                       0x000000db   Thumb Code     0  __scatter.o(!!!scatter)
    __scatterload_copy                       0x00000101   Thumb Code    26  __scatter_copy.o(!!handler_copy)
    __scatterload_zeroinit                   0x0000011d   Thumb Code    28  __scatter_zi.o(!!handler_zi)
    _printf_n                                0x00000139   Thumb Code     0  _printf_n.o(.ARM.Collect$$_printf_percent$$00000001)
    _printf_percent                          0x00000139   Thumb Code     0  _printf_percent.o(.ARM.Collect$$_printf_percent$$00000000)
    _printf_p                                0x0000013f   Thumb Code     0  _printf_p.o(.ARM.Collect$$_printf_percent$$00000002)
    _printf_f                                0x00000145   Thumb Code     0  _printf_f.o(.ARM.Collect$$_printf_percent$$00000003)
    _printf_e                                0x0000014b   Thumb Code     0  _printf_e.o(.ARM.Collect$$_printf_percent$$00000004)
    _printf_g                                0x00000151   Thumb Code     0  _printf_g.o(.ARM.Collect$$_printf_percent$$00000005)
    _printf_a                                0x00000157   Thumb Code     0  _printf_a.o(.ARM.Collect$$_printf_percent$$00000006)
    _printf_ll                               0x0000015d   Thumb Code     0  _printf_ll.o(.ARM.Collect$$_printf_percent$$00000007)
    _printf_i                                0x00000167   Thumb Code     0  _printf_i.o(.ARM.Collect$$_printf_percent$$00000008)
    _printf_d                                0x0000016d   Thumb Code     0  _printf_d.o(.ARM.Collect$$_printf_percent$$00000009)
    _printf_u                                0x00000173   Thumb Code     0  _printf_u.o(.ARM.Collect$$_printf_percent$$0000000A)
    _printf_o                                0x00000179   Thumb Code     0  _printf_o.o(.ARM.Collect$$_printf_percent$$0000000B)
    _printf_x                                0x0000017f   Thumb Code     0  _printf_x.o(.ARM.Collect$$_printf_percent$$0000000C)
    _printf_lli                              0x00000185   Thumb Code     0  _printf_lli.o(.ARM.Collect$$_printf_percent$$0000000D)
    _printf_lld                              0x0000018b   Thumb Code     0  _printf_lld.o(.ARM.Collect$$_printf_percent$$0000000E)
    _printf_llu                              0x00000191   Thumb Code     0  _printf_llu.o(.ARM.Collect$$_printf_percent$$0000000F)
    _printf_llo                              0x00000197   Thumb Code     0  _printf_llo.o(.ARM.Collect$$_printf_percent$$00000010)
    _printf_llx                              0x0000019d   Thumb Code     0  _printf_llx.o(.ARM.Collect$$_printf_percent$$00000011)
    _printf_l                                0x000001a3   Thumb Code     0  _printf_l.o(.ARM.Collect$$_printf_percent$$00000012)
    _printf_c                                0x000001ad   Thumb Code     0  _printf_c.o(.ARM.Collect$$_printf_percent$$00000013)
    _printf_s                                0x000001b3   Thumb Code     0  _printf_s.o(.ARM.Collect$$_printf_percent$$00000014)
    _printf_lc                               0x000001b9   Thumb Code     0  _printf_lc.o(.ARM.Collect$$_printf_percent$$00000015)
    _printf_ls                               0x000001bf   Thumb Code     0  _printf_ls.o(.ARM.Collect$$_printf_percent$$00000016)
    _printf_percent_end                      0x000001c5   Thumb Code     0  _printf_percent_end.o(.ARM.Collect$$_printf_percent$$00000017)
    __rt_lib_init                            0x000001c9   Thumb Code     0  libinit.o(.ARM.Collect$$libinit$$00000000)
    __rt_lib_init_fp_1                       0x000001cb   Thumb Code     0  libinit2.o(.ARM.Collect$$libinit$$00000002)
    __rt_lib_init_heap_2                     0x000001cb   Thumb Code     0  libinit2.o(.ARM.Collect$$libinit$$00000003)
    __rt_lib_init_heap_1                     0x000001d3   Thumb Code     0  libinit2.o(.ARM.Collect$$libinit$$00000008)
    __rt_lib_init_lc_common                  0x000001d3   Thumb Code     0  libinit2.o(.ARM.Collect$$libinit$$0000000D)
    __rt_lib_init_rand_1                     0x000001d3   Thumb Code     0  libinit2.o(.ARM.Collect$$libinit$$0000000C)
    __rt_lib_init_user_alloc_1               0x000001d3   Thumb Code     0  libinit2.o(.ARM.Collect$$libinit$$0000000A)
    __rt_lib_init_lc_collate_1               0x000001d9   Thumb Code     0  libinit2.o(.ARM.Collect$$libinit$$0000000F)
    __rt_lib_init_lc_ctype_2                 0x000001d9   Thumb Code     0  libinit2.o(.ARM.Collect$$libinit$$00000010)
    __rt_lib_init_lc_ctype_1                 0x000001e5   Thumb Code     0  libinit2.o(.ARM.Collect$$libinit$$00000011)
    __rt_lib_init_lc_monetary_1              0x000001e5   Thumb Code     0  libinit2.o(.ARM.Collect$$libinit$$00000013)
    __rt_lib_init_lc_numeric_2               0x000001e5   Thumb Code     0  libinit2.o(.ARM.Collect$$libinit$$00000014)
    __rt_lib_init_atexit_1                   0x000001ef   Thumb Code     0  libinit2.o(.ARM.Collect$$libinit$$00000019)
    __rt_lib_init_clock_1                    0x000001ef   Thumb Code     0  libinit2.o(.ARM.Collect$$libinit$$0000001F)
    __rt_lib_init_fp_trap_1                  0x000001ef   Thumb Code     0  libinit2.o(.ARM.Collect$$libinit$$0000001D)
    __rt_lib_init_getenv_1                   0x000001ef   Thumb Code     0  libinit2.o(.ARM.Collect$$libinit$$00000021)
    __rt_lib_init_lc_numeric_1               0x000001ef   Thumb Code     0  libinit2.o(.ARM.Collect$$libinit$$00000015)
    __rt_lib_init_lc_time_1                  0x000001ef   Thumb Code     0  libinit2.o(.ARM.Collect$$libinit$$00000017)
    __rt_lib_init_signal_1                   0x000001ef   Thumb Code     0  libinit2.o(.ARM.Collect$$libinit$$0000001B)
    __rt_lib_init_stdio_2                    0x000001ef   Thumb Code     0  libinit2.o(.ARM.Collect$$libinit$$00000022)
    __rt_lib_init_alloca_1                   0x000001f3   Thumb Code     0  libinit2.o(.ARM.Collect$$libinit$$0000002C)
    __rt_lib_init_argv_1                     0x000001f3   Thumb Code     0  libinit2.o(.ARM.Collect$$libinit$$0000002A)
    __rt_lib_init_cpp_2                      0x000001f3   Thumb Code     0  libinit2.o(.ARM.Collect$$libinit$$0000002F)
    __rt_lib_init_exceptions_1               0x000001f3   Thumb Code     0  libinit2.o(.ARM.Collect$$libinit$$0000002E)
    __rt_lib_init_stdio_1                    0x000001f3   Thumb Code     0  libinit2.o(.ARM.Collect$$libinit$$00000023)
    __rt_lib_init_cpp_1                      0x000001f7   Thumb Code     0  libinit2.o(.ARM.Collect$$libinit$$00000030)
    __rt_lib_init_return                     0x000001f7   Thumb Code     0  libinit2.o(.ARM.Collect$$libinit$$00000031)
    __rt_lib_shutdown_cpp_1                  0x000001f9   Thumb Code     0  libshutdown2.o(.ARM.Collect$$libshutdown$$00000001)
    __rt_entry                               0x000001ff   Thumb Code     0  rtentry.o(.ARM.Collect$$rtentry$$00000000)
    __rt_entry_presh_1                       0x000001ff   Thumb Code     0  rtentry2.o(.ARM.Collect$$rtentry$$00000002)
    __rt_entry_sh                            0x000001ff   Thumb Code     0  rtentry4.o(.ARM.Collect$$rtentry$$00000004)
    __rt_lib_shutdown_stdio_2                0x000001ff   Thumb Code     0  libshutdown2.o(.ARM.Collect$$libshutdown$$00000003)
    __rt_entry_li                            0x00000205   Thumb Code     0  rtentry2.o(.ARM.Collect$$rtentry$$0000000A)
    __rt_entry_postsh_1                      0x00000205   Thumb Code     0  rtentry2.o(.ARM.Collect$$rtentry$$00000009)
    __rt_entry_main                          0x00000209   Thumb Code     0  rtentry2.o(.ARM.Collect$$rtentry$$0000000D)
    __rt_entry_postli_1                      0x00000209   Thumb Code     0  rtentry2.o(.ARM.Collect$$rtentry$$0000000C)
    timerInterrupt()                         0x00000211   Thumb Code     2  main.o(.text)
    _maybe_terminate_alloc                   0x00000211   Thumb Code     0  maybetermalloc1.o(.emb_text)
    $Super$$main                             0x00000213   Thumb Code   106  main.o(.text)
    vfprintf                                 0x000002e9   Thumb Code    10  vfprintf.o(.text)
    __rt_ddtor_pointer_addr                  0x000002f5   Thumb Code     8  rt_ddtor_pointer_addr.o(.text)
    Grove_LCD_RGB_Backlight::setReg(char, char) 0x00000301   Thumb Code    34  grove_lcd_rgb_backlight.o(.text)
    Grove_LCD_RGB_Backlight::sendCommand(char) 0x00000323   Thumb Code    34  grove_lcd_rgb_backlight.o(.text)
    Grove_LCD_RGB_Backlight::clear()         0x00000345   Thumb Code    22  grove_lcd_rgb_backlight.o(.text)
    Grove_LCD_RGB_Backlight::displayOn()     0x0000035b   Thumb Code    32  grove_lcd_rgb_backlight.o(.text)
    Grove_LCD_RGB_Backlight::init()          0x0000037b   Thumb Code    96  grove_lcd_rgb_backlight.o(.text)
    Grove_LCD_RGB_Backlight::Grove_LCD_RGB_Backlight(PinName, PinName) 0x000003db   Thumb Code    30  grove_lcd_rgb_backlight.o(.text)
    Grove_LCD_RGB_Backlight::Grove_LCD_RGB_Backlight__sub_object(PinName, PinName) 0x000003db   Thumb Code     0  grove_lcd_rgb_backlight.o(.text)
    Grove_LCD_RGB_Backlight::setRGB(char, char, char) 0x000003f9   Thumb Code    46  grove_lcd_rgb_backlight.o(.text)
    Grove_LCD_RGB_Backlight::print(char*)    0x00000427   Thumb Code    46  grove_lcd_rgb_backlight.o(.text)
    Grove_LCD_RGB_Backlight::locate(char, char) 0x00000455   Thumb Code    48  grove_lcd_rgb_backlight.o(.text)
    Reset_Handler                            0x00000491   Thumb Code     8  startup_LPC17xx.o(.text)
    NMI_Handler                              0x00000499   Thumb Code     2  startup_LPC17xx.o(.text)
    HardFault_Handler                        0x0000049b   Thumb Code     2  startup_LPC17xx.o(.text)
    MemManage_Handler                        0x0000049d   Thumb Code     2  startup_LPC17xx.o(.text)
    BusFault_Handler                         0x0000049f   Thumb Code     2  startup_LPC17xx.o(.text)
    UsageFault_Handler                       0x000004a1   Thumb Code     2  startup_LPC17xx.o(.text)
    SVC_Handler                              0x000004a3   Thumb Code     2  startup_LPC17xx.o(.text)
    DebugMon_Handler                         0x000004a5   Thumb Code     2  startup_LPC17xx.o(.text)
    PendSV_Handler                           0x000004a7   Thumb Code     2  startup_LPC17xx.o(.text)
    SysTick_Handler                          0x000004a9   Thumb Code     2  startup_LPC17xx.o(.text)
    ADC_IRQHandler                           0x000004ab   Thumb Code     0  startup_LPC17xx.o(.text)
    BOD_IRQHandler                           0x000004ab   Thumb Code     0  startup_LPC17xx.o(.text)
    CAN_IRQHandler                           0x000004ab   Thumb Code     0  startup_LPC17xx.o(.text)
    DMA_IRQHandler                           0x000004ab   Thumb Code     0  startup_LPC17xx.o(.text)
    EINT0_IRQHandler                         0x000004ab   Thumb Code     0  startup_LPC17xx.o(.text)
    EINT1_IRQHandler                         0x000004ab   Thumb Code     0  startup_LPC17xx.o(.text)
    EINT2_IRQHandler                         0x000004ab   Thumb Code     0  startup_LPC17xx.o(.text)
    EINT3_IRQHandler                         0x000004ab   Thumb Code     0  startup_LPC17xx.o(.text)
    ENET_IRQHandler                          0x000004ab   Thumb Code     0  startup_LPC17xx.o(.text)
    I2C0_IRQHandler                          0x000004ab   Thumb Code     0  startup_LPC17xx.o(.text)
    I2C1_IRQHandler                          0x000004ab   Thumb Code     0  startup_LPC17xx.o(.text)
    I2C2_IRQHandler                          0x000004ab   Thumb Code     0  startup_LPC17xx.o(.text)
    I2S_IRQHandler                           0x000004ab   Thumb Code     0  startup_LPC17xx.o(.text)
    MCPWM_IRQHandler                         0x000004ab   Thumb Code     0  startup_LPC17xx.o(.text)
    PLL0_IRQHandler                          0x000004ab   Thumb Code     0  startup_LPC17xx.o(.text)
    PLL1_IRQHandler                          0x000004ab   Thumb Code     0  startup_LPC17xx.o(.text)
    PWM1_IRQHandler                          0x000004ab   Thumb Code     0  startup_LPC17xx.o(.text)
    QEI_IRQHandler                           0x000004ab   Thumb Code     0  startup_LPC17xx.o(.text)
    RIT_IRQHandler                           0x000004ab   Thumb Code     0  startup_LPC17xx.o(.text)
    RTC_IRQHandler                           0x000004ab   Thumb Code     0  startup_LPC17xx.o(.text)
    SPI_IRQHandler                           0x000004ab   Thumb Code     0  startup_LPC17xx.o(.text)
    SSP0_IRQHandler                          0x000004ab   Thumb Code     0  startup_LPC17xx.o(.text)
    SSP1_IRQHandler                          0x000004ab   Thumb Code     0  startup_LPC17xx.o(.text)
    TIMER0_IRQHandler                        0x000004ab   Thumb Code     0  startup_LPC17xx.o(.text)
    TIMER1_IRQHandler                        0x000004ab   Thumb Code     0  startup_LPC17xx.o(.text)
    TIMER2_IRQHandler                        0x000004ab   Thumb Code     0  startup_LPC17xx.o(.text)
    TIMER3_IRQHandler                        0x000004ab   Thumb Code     0  startup_LPC17xx.o(.text)
    UART0_IRQHandler                         0x000004ab   Thumb Code     0  startup_LPC17xx.o(.text)
    UART1_IRQHandler                         0x000004ab   Thumb Code     0  startup_LPC17xx.o(.text)
    UART2_IRQHandler                         0x000004ab   Thumb Code     0  startup_LPC17xx.o(.text)
    UART3_IRQHandler                         0x000004ab   Thumb Code     0  startup_LPC17xx.o(.text)
    USB_IRQHandler                           0x000004ab   Thumb Code     0  startup_LPC17xx.o(.text)
    WDT_IRQHandler                           0x000004ab   Thumb Code     0  startup_LPC17xx.o(.text)
    __2fprintf                               0x000004b5   Thumb Code    20  __2fprintf.o(.text)
    __2sprintf                               0x000004c9   Thumb Code    38  __2sprintf.o(.text)
    _printf_str                              0x000004f5   Thumb Code    82  _printf_str.o(.text)
    _printf_int_dec                          0x00000549   Thumb Code   102  _printf_dec.o(.text)
    __printf                                 0x000005c1   Thumb Code   390  __printf_flags_ss_wp.o(.text)
    __0sscanf                                0x0000074d   Thumb Code    52  __0sscanf.o(.text)
    _scanf_int                               0x00000789   Thumb Code   336  _scanf_int.o(.text)
    _do_fflush                               0x000008d9   Thumb Code    54  fflush.o(.text)
    fflush                                   0x0000090f   Thumb Code    42  fflush.o(.text)
    strlen                                   0x0000093d   Thumb Code    62  strlen.o(.text)
    strncmp                                  0x0000097b   Thumb Code   150  strncmp.o(.text)
    __aeabi_memmove4                         0x00000a11   Thumb Code     0  rt_memmove_w.o(.text)
    __aeabi_memmove8                         0x00000a11   Thumb Code     0  rt_memmove_w.o(.text)
    __rt_memmove_w                           0x00000a11   Thumb Code   122  rt_memmove_w.o(.text)
    __memmove_aligned                        0x00000a37   Thumb Code     0  rt_memmove_w.o(.text)
    __memmove_lastfew_aligned                0x00000a6f   Thumb Code     0  rt_memmove_w.o(.text)
    __aeabi_memclr4                          0x00000a8b   Thumb Code     0  rt_memclr_w.o(.text)
    __aeabi_memclr8                          0x00000a8b   Thumb Code     0  rt_memclr_w.o(.text)
    __rt_memclr_w                            0x00000a8b   Thumb Code    78  rt_memclr_w.o(.text)
    _memset_w                                0x00000a8f   Thumb Code     0  rt_memclr_w.o(.text)
    strcmp                                   0x00000ad9   Thumb Code   128  strcmpv7m.o(.text)
    __cpp_initialize__aeabi_                 0x00000b59   Thumb Code    26  init_aeabi.o(.text)
    malloc                                   0x00000b7d   Thumb Code    94  h1_alloc.o(.text)
    free                                     0x00000bdb   Thumb Code    78  h1_free.o(.text)
    _printf_pre_padding                      0x00000c29   Thumb Code    46  _printf_pad.o(.text)
    _printf_post_padding                     0x00000c57   Thumb Code    36  _printf_pad.o(.text)
    _printf_truncate_signed                  0x00000c7b   Thumb Code    18  _printf_truncate.o(.text)
    _printf_truncate_unsigned                0x00000c8d   Thumb Code    18  _printf_truncate.o(.text)
    _printf_int_common                       0x00000c9f   Thumb Code   184  _printf_intcommon.o(.text)
    _printf_charcount                        0x00000d57   Thumb Code    42  _printf_charcount.o(.text)
    __lib_sel_fp_printf                      0x00000d81   Thumb Code     2  _printf_fp_dec.o(.text)
    _printf_fp_dec_real                      0x00000f2d   Thumb Code   628  _printf_fp_dec.o(.text)
    _printf_char_common                      0x000011ab   Thumb Code    32  _printf_char_common.o(.text)
    _sputc                                   0x000011d1   Thumb Code    10  _sputc.o(.text)
    _printf_cs_common                        0x000011db   Thumb Code    20  _printf_char.o(.text)
    _printf_char                             0x000011ef   Thumb Code    16  _printf_char.o(.text)
    _printf_string                           0x000011ff   Thumb Code     8  _printf_char.o(.text)
    _printf_char_file                        0x00001209   Thumb Code    32  _printf_char_file.o(.text)
    _printf_wctomb                           0x0000122d   Thumb Code   182  _printf_wctomb.o(.text)
    _printf_longlong_dec                     0x000012e9   Thumb Code   104  _printf_longlong_dec.o(.text)
    _printf_longlong_oct                     0x00001361   Thumb Code    76  _printf_oct_int_ll.o(.text)
    _printf_int_oct                          0x000013ad   Thumb Code    24  _printf_oct_int_ll.o(.text)
    _printf_ll_oct                           0x000013c5   Thumb Code    12  _printf_oct_int_ll.o(.text)
    _printf_longlong_hex                     0x000013d9   Thumb Code    92  _printf_hex_int_ll_ptr.o(.text)
    _printf_int_hex                          0x00001435   Thumb Code    28  _printf_hex_int_ll_ptr.o(.text)
    _printf_ll_hex                           0x00001451   Thumb Code    12  _printf_hex_int_ll_ptr.o(.text)
    _printf_hex_ptr                          0x0000145d   Thumb Code    18  _printf_hex_int_ll_ptr.o(.text)
    _chval                                   0x00001475   Thumb Code    28  _chval.o(.text)
    __vfscanf_char                           0x0000149d   Thumb Code    24  scanf_char.o(.text)
    _sgetc                                   0x000014bd   Thumb Code    30  _sgetc.o(.text)
    _sbackspace                              0x000014db   Thumb Code    34  _sgetc.o(.text)
    _fseek                                   0x000014fd   Thumb Code   242  fseek.o(.text)
    fseek                                    0x000014fd   Thumb Code     0  fseek.o(.text)
    _seterr                                  0x000015f5   Thumb Code    20  stdio.o(.text)
    _writebuf                                0x00001609   Thumb Code    84  stdio.o(.text)
    _fflush                                  0x0000165d   Thumb Code    70  stdio.o(.text)
    _deferredlazyseek                        0x000016a3   Thumb Code    60  stdio.o(.text)
    _initio                                  0x000016e5   Thumb Code   210  initio.o(.text)
    _terminateio                             0x000017b7   Thumb Code    56  initio.o(.text)
    __rt_SIGPVFN                             0x0000181d   Thumb Code    14  defsig_pvfn_outer.o(.text)
    __aeabi_memcpy4                          0x0000182b   Thumb Code     0  rt_memcpy_w.o(.text)
    __aeabi_memcpy8                          0x0000182b   Thumb Code     0  rt_memcpy_w.o(.text)
    __rt_memcpy_w                            0x0000182b   Thumb Code   100  rt_memcpy_w.o(.text)
    _memcpy_lastbytes_aligned                0x00001873   Thumb Code     0  rt_memcpy_w.o(.text)
    __rt_heap_descriptor                     0x00001891   Thumb Code     8  rt_heap_descriptor.o(.text)
    __rt_locale                              0x00001899   Thumb Code     8  rt_locale.o(.text)
    __use_no_heap                            0x000018a1   Thumb Code     2  hguard.o(.text)
    __heap$guard                             0x000018a3   Thumb Code     2  hguard.o(.text)
    _terminate_user_alloc                    0x000018a5   Thumb Code     2  init_alloc.o(.text)
    _init_user_alloc                         0x000018a7   Thumb Code     2  init_alloc.o(.text)
    __Heap_Full                              0x000018a9   Thumb Code    34  init_alloc.o(.text)
    __Heap_Broken                            0x000018cb   Thumb Code     6  init_alloc.o(.text)
    _init_alloc                              0x000018d1   Thumb Code    94  init_alloc.o(.text)
    __Heap_Initialize                        0x0000192f   Thumb Code    10  h1_init.o(.text)
    __Heap_DescSize                          0x00001939   Thumb Code     4  h1_init.o(.text)
    _ll_udiv10                               0x0000193d   Thumb Code   138  lludiv10.o(.text)
    isspace                                  0x000019c7   Thumb Code    18  isspace.o(.text)
    _printf_fp_hex_real                      0x000019d9   Thumb Code   760  _printf_fp_hex.o(.text)
    _printf_fp_infnan                        0x00001cd9   Thumb Code   112  _printf_fp_infnan.o(.text)
    _printf_lcs_common                       0x00001d59   Thumb Code    20  _printf_wchar.o(.text)
    _printf_wchar                            0x00001d6d   Thumb Code    16  _printf_wchar.o(.text)
    _printf_wstring                          0x00001d7d   Thumb Code     8  _printf_wchar.o(.text)
    __vfscanf                                0x00001d85   Thumb Code   876  _scanf.o(.text)
    _btod_etento                             0x000020f5   Thumb Code   222  bigflt0.o(.text)
    ferror                                   0x000021d9   Thumb Code     8  ferror.o(.text)
    _ftell_internal                          0x000021e1   Thumb Code    70  ftell.o(.text)
    ftell                                    0x000021e1   Thumb Code     0  ftell.o(.text)
    setvbuf                                  0x00002227   Thumb Code    70  setvbuf.o(.text)
    freopen                                  0x0000226d   Thumb Code   158  fopen.o(.text)
    fopen                                    0x0000230b   Thumb Code    74  fopen.o(.text)
    _fclose_internal                         0x00002359   Thumb Code    76  fclose.o(.text)
    fclose                                   0x00002359   Thumb Code     0  fclose.o(.text)
    _wcrtomb                                 0x000023a5   Thumb Code    64  _wcrtomb.o(.text)
    __sig_exit                               0x000023e5   Thumb Code    10  defsig_exit.o(.text)
    __rt_SIGRTRED                            0x000023ef   Thumb Code    14  defsig_rtred_outer.o(.text)
    __rt_SIGPVFN_inner                       0x000023fd   Thumb Code    14  defsig_pvfn_inner.o(.text)
    _sys_exit                                0x0000242d   Thumb Code     8  sys_exit.o(.text)
    __rt_ctype_table                         0x00002439   Thumb Code    16  rt_ctype_table.o(.text)
    __aeabi_errno_addr                       0x00002449   Thumb Code     8  rt_errno_addr.o(.text)
    __errno                                  0x00002449   Thumb Code     0  rt_errno_addr.o(.text)
    __rt_errno_addr                          0x00002449   Thumb Code     0  rt_errno_addr.o(.text)
    __Heap_ProvideMemory                     0x00002451   Thumb Code    52  h1_extend.o(.text)
    __flsbuf                                 0x00002485   Thumb Code   478  flsbuf.o(.text)
    __flsbuf_byte                            0x00002485   Thumb Code     0  flsbuf.o(.text)
    __flsbuf_wide                            0x00002485   Thumb Code     0  flsbuf.o(.text)
    __default_signal_display                 0x00002663   Thumb Code    50  defsig_general.o(.text)
    __rt_SIGRTRED_inner                      0x00002695   Thumb Code    14  defsig_rtred_inner.o(.text)
    __rt_SIGRTMEM                            0x000026c9   Thumb Code    14  defsig_rtmem_outer.o(.text)
    __rt_heap_escrow                         0x000026d9   Thumb Code    22  heapauxa.o(.text)
    __rt_heap_expand                         0x000026ef   Thumb Code    52  heapauxa.o(.text)
    _ttywrch                                 0x00002729   Thumb Code    14  sys_wrch.o(.text)
    __I$use$semihosting                      0x00002737   Thumb Code     0  use_no_semi.o(.text)
    __use_no_semihosting_swi                 0x00002737   Thumb Code     2  use_no_semi.o(.text)
    __rt_SIGRTMEM_inner                      0x00002739   Thumb Code    22  defsig_rtmem_inner.o(.text)
    __semihosting_library_function           0x00002739   Thumb Code     0  indicate_semi.o(.text)
    _btod_d2e                                0x00002789   Thumb Code    62  btod.o(CL$$btod_d2e)
    _d2e_denorm_low                          0x000027c7   Thumb Code    70  btod.o(CL$$btod_d2e_denorm_low)
    _d2e_norm_op1                            0x0000280d   Thumb Code    96  btod.o(CL$$btod_d2e_norm_op1)
    __btod_div_common                        0x0000286d   Thumb Code   696  btod.o(CL$$btod_div_common)
    _e2e                                     0x00002ba5   Thumb Code   198  btod.o(CL$$btod_e2e)
    _btod_ediv                               0x00002c6b   Thumb Code    40  btod.o(CL$$btod_ediv)
    _btod_emul                               0x00002c93   Thumb Code    40  btod.o(CL$$btod_emul)
    __btod_mult_common                       0x00002cbb   Thumb Code   580  btod.o(CL$$btod_mult_common)
    main                                     0x00002eff   Thumb Code    18  retarget.o(i.$Sub$$main)
    NVIC_SetVector                           0x00002f11   Thumb Code   102  cmsis_nvic.o(i.NVIC_SetVector)
    SystemInit                               0x00002f7d   Thumb Code   150  system_LPC17xx.o(i.SystemInit)
    mbed::TimerEvent::irq(unsigned)          0x0000301d   Thumb Code     6  TimerEvent.o(i._ZN4mbed10TimerEvent3irqEj)
    mbed::TimerEvent::insert(unsigned long long) 0x00003023   Thumb Code    12  TimerEvent.o(i._ZN4mbed10TimerEvent6insertEy)
    mbed::TimerEvent::remove()               0x0000302f   Thumb Code     6  TimerEvent.o(i._ZN4mbed10TimerEvent6removeEv)
    mbed::TimerEvent::TimerEvent__sub_object() 0x00003035   Thumb Code    28  TimerEvent.o(i._ZN4mbed10TimerEventC2Ev)
    mbed::TimerEvent::~TimerEvent()          0x00003059   Thumb Code     0  TimerEvent.o(i._ZN4mbed10TimerEventD2Ev)
    mbed::TimerEvent::~TimerEvent__sub_object() 0x00003059   Thumb Code    20  TimerEvent.o(i._ZN4mbed10TimerEventD2Ev)
    mbed::FunctionPointer::call()            0x00003071   Thumb Code    24  FunctionPointer.o(i._ZN4mbed15FunctionPointer4callEv)
    mbed::FunctionPointer::attach(void(*)()) 0x00003089   Thumb Code     8  FunctionPointer.o(i._ZN4mbed15FunctionPointer6attachEPFvvE)
    mbed::FunctionPointer::FunctionPointer(void(*)()) 0x00003091   Thumb Code    10  FunctionPointer.o(i._ZN4mbed15FunctionPointerC1EPFvvE)
    mbed::FunctionPointer::FunctionPointer__sub_object(void(*)()) 0x00003091   Thumb Code     0  FunctionPointer.o(i._ZN4mbed15FunctionPointerC1EPFvvE)
    mbed::I2C::write(int, const char*, int, bool) 0x0000309d   Thumb Code    68  I2C.o(i._ZN4mbed3I2C5writeEiPKcib)
    mbed::I2C::I2C(PinName, PinName)         0x000030e5   Thumb Code    26  I2C.o(i._ZN4mbed3I2CC1E7PinNameS1_)
    mbed::I2C::I2C__sub_object(PinName, PinName) 0x000030e5   Thumb Code     0  I2C.o(i._ZN4mbed3I2CC1E7PinNameS1_)
    mbed::Ticker::setup(unsigned long long)  0x00003109   Thumb Code    40  Ticker.o(i._ZN4mbed6Ticker5setupEy)
    mbed::Ticker::handler()                  0x00003131   Thumb Code    34  Ticker.o(i._ZN4mbed6Ticker7handlerEv)
    mbed::Ticker::~Ticker()                  0x00003155   Thumb Code    34  Ticker.o(i._ZN4mbed6TickerD1Ev)
    mbed::Ticker::~Ticker__sub_object()      0x00003155   Thumb Code     0  Ticker.o(i._ZN4mbed6TickerD1Ev)
    mbed::FileBase::getPathType()            0x0000317d   Thumb Code     4  FileBase.o(i._ZN4mbed8FileBase11getPathTypeEv)
    mbed::FileBase::lookup(const char*, unsigned) 0x00003181   Thumb Code    50  FileBase.o(i._ZN4mbed8FileBase6lookupEPKcj)
    mbed::FilePath::fileSystem()             0x000031b9   Thumb Code    24  FilePath.o(i._ZN4mbed8FilePath10fileSystemEv)
    mbed::FilePath::file()                   0x000031d1   Thumb Code    28  FilePath.o(i._ZN4mbed8FilePath4fileEv)
    mbed::FilePath::exists()                 0x000031ed   Thumb Code    10  FilePath.o(i._ZN4mbed8FilePath6existsEv)
    mbed::FilePath::isFile()                 0x000031f7   Thumb Code    24  FilePath.o(i._ZN4mbed8FilePath6isFileEv)
    mbed::FilePath::fileName()               0x0000320f   Thumb Code     4  FilePath.o(i._ZN4mbed8FilePath8fileNameEv)
    mbed::FilePath::FilePath(const char*)    0x00003213   Thumb Code    64  FilePath.o(i._ZN4mbed8FilePathC1EPKc)
    mbed::FilePath::FilePath__sub_object(const char*) 0x00003213   Thumb Code     0  FilePath.o(i._ZN4mbed8FilePathC1EPKc)
    __ARM_fpclassify                         0x00003253   Thumb Code    40  fpclassify.o(i.__ARM_fpclassify)
    __aeabi_atexit                           0x0000327b   Thumb Code    50  aeabi_atexit.o(i.__aeabi_atexit)
    __cxa_finalize                           0x000032ad   Thumb Code    66  cxa_finalize.o(i.__cxa_finalize)
    __cxa_pure_virtual                       0x000032ef   Thumb Code     6  pure_virt.o(i.__cxa_pure_virtual)
    __user_setup_stackheap                   0x000032f5   Thumb Code    10  sys.o(i.__user_setup_stackheap)
    _is_digit                                0x00003305   Thumb Code    14  __printf_wp.o(i._is_digit)
    _sys_close                               0x00003315   Thumb Code    40  retarget.o(i._sys_close)
    _sys_flen                                0x00003341   Thumb Code    34  retarget.o(i._sys_flen)
    _sys_istty                               0x00003369   Thumb Code    34  retarget.o(i._sys_istty)
    _sys_open                                0x00003391   Thumb Code   300  retarget.o(i._sys_open)
    _sys_seek                                0x000034dd   Thumb Code    36  retarget.o(i._sys_seek)
    _sys_write                               0x00003505   Thumb Code    82  retarget.o(i._sys_write)
    analogin_init                            0x00003569   Thumb Code   102  analogin_api.o(i.analogin_init)
    analogin_read                            0x00003601   Thumb Code   200  analogin_api.o(i.analogin_read)
    error                                    0x000036d1   Thumb Code    20  error.o(i.error)
    exit                                     0x000036e9   Thumb Code    36  exit.o(i.exit)
    fputc                                    0x00003715   Thumb Code    26  fputc.o(i.fputc)
    gpio_dir                                 0x00003731   Thumb Code    52  gpio_api.o(i.gpio_dir)
    gpio_init                                0x00003781   Thumb Code    56  gpio_api.o(i.gpio_init)
    gpio_init_in                             0x000037b9   Thumb Code    38  gpio.o(i.gpio_init_in)
    gpio_init_out                            0x000037e1   Thumb Code    62  gpio.o(i.gpio_init_out)
    gpio_init_out_ex                         0x00003825   Thumb Code    74  gpio.o(i.gpio_init_out_ex)
    gpio_mode                                0x00003875   Thumb Code     6  gpio_api.o(i.gpio_mode)
    i2c_frequency                            0x0000387d   Thumb Code    22  i2c_api.o(i.i2c_frequency)
    i2c_init                                 0x00003899   Thumb Code   170  i2c_api.o(i.i2c_init)
    i2c_stop                                 0x00003971   Thumb Code    52  i2c_api.o(i.i2c_stop)
    i2c_write                                0x000039a9   Thumb Code   296  i2c_api.o(i.i2c_write)
    mbed_assert_internal                     0x00003ad5   Thumb Code    24  assert.o(i.mbed_assert_internal)
    mbed_die                                 0x00003b25   Thumb Code   242  board.o(i.mbed_die)
    mbed_interface_connected                 0x00003c2d   Thumb Code     4  mbed_interface.o(i.mbed_interface_connected)
    mbed_main                                0x00003c31   Thumb Code     2  retarget.o(i.mbed_main)
    mbed_sdk_init                            0x00003c33   Thumb Code     2  retarget.o(i.mbed_sdk_init)
    pin_function                             0x00003c35   Thumb Code    62  pinmap.o(i.pin_function)
    pin_mode                                 0x00003c91   Thumb Code   104  pinmap.o(i.pin_mode)
    pinmap_find_peripheral                   0x00003d15   Thumb Code    30  pinmap_common.o(i.pinmap_find_peripheral)
    pinmap_merge                             0x00003d35   Thumb Code    34  pinmap_common.o(i.pinmap_merge)
    pinmap_peripheral                        0x00003d6d   Thumb Code    54  pinmap_common.o(i.pinmap_peripheral)
    pinmap_pinout                            0x00003dc5   Thumb Code    60  pinmap_common.o(i.pinmap_pinout)
    semihost_connected                       0x00003e15   Thumb Code    10  semihost_api.o(i.semihost_connected)
    semihost_exit                            0x00003e25   Thumb Code    12  semihost_api.o(i.semihost_exit)
    serial_baud                              0x00003e31   Thumb Code   408  serial_api.o(i.serial_baud)
    serial_format                            0x00003ff5   Thumb Code   154  serial_api.o(i.serial_format)
    serial_init                              0x00004095   Thumb Code   318  serial_api.o(i.serial_init)
    serial_putc                              0x000042d1   Thumb Code   100  serial_api.o(i.serial_putc)
    serial_set_flow_control                  0x00004339   Thumb Code   252  serial_api.o(i.serial_set_flow_control)
    uart0_irq                                0x00004445   Thumb Code    14  serial_api.o(i.uart0_irq)
    uart1_irq                                0x00004459   Thumb Code    14  serial_api.o(i.uart1_irq)
    uart2_irq                                0x0000446d   Thumb Code    14  serial_api.o(i.uart2_irq)
    uart3_irq                                0x00004481   Thumb Code    14  serial_api.o(i.uart3_irq)
    us_ticker_clear_interrupt                0x000044f9   Thumb Code     8  us_ticker.o(i.us_ticker_clear_interrupt)
    us_ticker_disable_interrupt              0x00004505   Thumb Code    12  us_ticker.o(i.us_ticker_disable_interrupt)
    us_ticker_init                           0x00004515   Thumb Code    74  us_ticker.o(i.us_ticker_init)
    us_ticker_insert_event                   0x00004579   Thumb Code    72  us_ticker_api.o(i.us_ticker_insert_event)
    us_ticker_irq_handler                    0x000045c5   Thumb Code    62  us_ticker_api.o(i.us_ticker_irq_handler)
    us_ticker_read                           0x00004609   Thumb Code    72  us_ticker.o(i.us_ticker_read)
    us_ticker_remove_event                   0x00004669   Thumb Code    56  us_ticker_api.o(i.us_ticker_remove_event)
    us_ticker_set_handler                    0x000046a5   Thumb Code    14  us_ticker_api.o(i.us_ticker_set_handler)
    us_ticker_set_interrupt                  0x000046b9   Thumb Code    14  us_ticker.o(i.us_ticker_set_interrupt)
    wait                                     0x000046cd   Thumb Code    32  wait_api.o(i.wait)
    wait_ms                                  0x000046f1   Thumb Code    28  wait_api.o(i.wait_ms)
    wait_us                                  0x0000470d   Thumb Code    24  wait_api.o(i.wait_us)
    _get_lc_numeric                          0x00004725   Thumb Code    44  lc_numeric_c.o(locale$$code)
    _get_lc_ctype                            0x00004751   Thumb Code    44  lc_ctype_c.o(locale$$code)
    __fpl_dretinf                            0x0000477d   Thumb Code    12  dretinf.o(x$fpl$dretinf)
    __aeabi_f2d                              0x00004789   Thumb Code     0  f2d.o(x$fpl$f2d)
    _f2d                                     0x00004789   Thumb Code    86  f2d.o(x$fpl$f2d)
    __aeabi_f2iz                             0x000047e1   Thumb Code     0  ffix.o(x$fpl$ffix)
    _ffix                                    0x000047e1   Thumb Code    54  ffix.o(x$fpl$ffix)
    __aeabi_ui2f                             0x00004819   Thumb Code     0  fflt_clz.o(x$fpl$ffltu)
    _ffltu                                   0x00004819   Thumb Code    38  fflt_clz.o(x$fpl$ffltu)
    __aeabi_fmul                             0x00004841   Thumb Code     0  fmul.o(x$fpl$fmul)
    _fmul                                    0x00004841   Thumb Code   258  fmul.o(x$fpl$fmul)
    __fpl_fnaninf                            0x00004943   Thumb Code   140  fnaninf.o(x$fpl$fnaninf)
    __fpl_fretinf                            0x000049cf   Thumb Code    10  fretinf.o(x$fpl$fretinf)
    _printf_fp_dec                           0x000049d9   Thumb Code     4  printf1.o(x$fpl$printf1)
    _printf_fp_hex                           0x000049dd   Thumb Code     4  printf2.o(x$fpl$printf2)
    __I$use$fp                               0x000049e0   Number         0  usenofp.o(x$fpl$usenofp)
    __stdin_name                             0x00004a47   Data           7  retarget.o(.constdata)
    __stdout_name                            0x00004a4e   Data           8  retarget.o(.constdata)
    __stderr_name                            0x00004a56   Data           8  retarget.o(.constdata)
    vtable for mbed::TimerEvent              0x000050ec   Data          20  TimerEvent.o(.constdata__ZTVN4mbed10TimerEventE)
    vtable for mbed::Ticker                  0x00005100   Data          20  Ticker.o(.constdata__ZTVN4mbed6TickerE)
    Region$$Table$$Base                      0x00005114   Number         0  anon$$obj.o(Region$$Table)
    Region$$Table$$Limit                     0x00005134   Number         0  anon$$obj.o(Region$$Table)
    __ctype                                  0x0000515d   Data           0  lc_ctype_c.o(locale$$data)
    SHT$$INIT_ARRAY$$Base                    0x00005260   Number         0  main.o(.init_array)
    SHT$$INIT_ARRAY$$Limit                   0x00005264   Number         0  main.o(.init_array)
    micro                                    0x100000cc   Data           1  main.o(.data)
    screen                                   0x100000d0   Data           8  main.o(.data)
    _displayfunction                         0x100000d8   Data           1  grove_lcd_rgb_backlight.o(.data)
    _displaycontrol                          0x100000d9   Data           1  grove_lcd_rgb_backlight.o(.data)
    SystemCoreClock                          0x100000dc   Data           4  system_LPC17xx.o(.data)
    stdio_uart_inited                        0x100000e0   Data           4  serial_api.o(.data)
    stdio_uart                               0x100000e8   Data           8  serial_api.o(.data)
    mbed::I2C::_owner                        0x100000f0   Data           4  I2C.o(.data)
    us_ticker_inited                         0x100000f4   Data           4  us_ticker.o(.data)
    mbed::FileBase::_head                    0x100000f8   Data           4  FileBase.o(.data)
    __aeabi_stdin                            0x10000104   Data           4  stdio_streams.o(.data)
    __aeabi_stdout                           0x10000108   Data           4  stdio_streams.o(.data)
    __aeabi_stderr                           0x1000010c   Data           4  stdio_streams.o(.data)
    ticker                                   0x10000118   Data          64  main.o(.bss)
    echantillons                             0x10000158   Data        8192  main.o(.bss)
    __stdin                                  0x10002278   Data          84  stdio_streams.o(.bss)
    __stdout                                 0x100022cc   Data          84  stdio_streams.o(.bss)
    __stderr                                 0x10002320   Data          84  stdio_streams.o(.bss)
    Image$$RW_IRAM1$$ZI$$Limit               0x10002394   Number         0  rt_errno_addr.o(.bss)



==============================================================================

Memory Map of the image

  Image Entry point : 0x000000c5

  Load Region LR_IROM1 (Base: 0x00000000, Size: 0x000052b0, Max: 0x00080000, ABSOLUTE)

    Execution Region ER_IROM1 (Base: 0x00000000, Size: 0x00005264, Max: 0x00080000, ABSOLUTE)

    Base Addr    Size         Type   Attr      Idx    E Section Name        Object

    0x00000000   0x000000c4   Data   RO          483    RESET               startup_LPC17xx.o
    0x000000c4   0x00000008   Code   RO         1015  * !!!main             c_w.l(__main.o)
    0x000000cc   0x00000034   Code   RO         1707    !!!scatter          c_w.l(__scatter.o)
    0x00000100   0x0000001a   Code   RO         1709    !!handler_copy      c_w.l(__scatter_copy.o)
    0x0000011a   0x00000002   PAD
    0x0000011c   0x0000001c   Code   RO         1711    !!handler_zi        c_w.l(__scatter_zi.o)
    0x00000138   0x00000000   Code   RO          985    .ARM.Collect$$_printf_percent$$00000000  c_w.l(_printf_percent.o)
    0x00000138   0x00000006   Code   RO         1280    .ARM.Collect$$_printf_percent$$00000001  c_w.l(_printf_n.o)
    0x0000013e   0x00000006   Code   RO         1282    .ARM.Collect$$_printf_percent$$00000002  c_w.l(_printf_p.o)
    0x00000144   0x00000006   Code   RO          984    .ARM.Collect$$_printf_percent$$00000003  c_w.l(_printf_f.o)
    0x0000014a   0x00000006   Code   RO         1286    .ARM.Collect$$_printf_percent$$00000004  c_w.l(_printf_e.o)
    0x00000150   0x00000006   Code   RO         1287    .ARM.Collect$$_printf_percent$$00000005  c_w.l(_printf_g.o)
    0x00000156   0x00000006   Code   RO         1288    .ARM.Collect$$_printf_percent$$00000006  c_w.l(_printf_a.o)
    0x0000015c   0x0000000a   Code   RO         1293    .ARM.Collect$$_printf_percent$$00000007  c_w.l(_printf_ll.o)
    0x00000166   0x00000006   Code   RO         1284    .ARM.Collect$$_printf_percent$$00000008  c_w.l(_printf_i.o)
    0x0000016c   0x00000006   Code   RO          983    .ARM.Collect$$_printf_percent$$00000009  c_w.l(_printf_d.o)
    0x00000172   0x00000006   Code   RO         1285    .ARM.Collect$$_printf_percent$$0000000A  c_w.l(_printf_u.o)
    0x00000178   0x00000006   Code   RO         1283    .ARM.Collect$$_printf_percent$$0000000B  c_w.l(_printf_o.o)
    0x0000017e   0x00000006   Code   RO         1281    .ARM.Collect$$_printf_percent$$0000000C  c_w.l(_printf_x.o)
    0x00000184   0x00000006   Code   RO         1290    .ARM.Collect$$_printf_percent$$0000000D  c_w.l(_printf_lli.o)
    0x0000018a   0x00000006   Code   RO         1291    .ARM.Collect$$_printf_percent$$0000000E  c_w.l(_printf_lld.o)
    0x00000190   0x00000006   Code   RO         1292    .ARM.Collect$$_printf_percent$$0000000F  c_w.l(_printf_llu.o)
    0x00000196   0x00000006   Code   RO         1297    .ARM.Collect$$_printf_percent$$00000010  c_w.l(_printf_llo.o)
    0x0000019c   0x00000006   Code   RO         1298    .ARM.Collect$$_printf_percent$$00000011  c_w.l(_printf_llx.o)
    0x000001a2   0x0000000a   Code   RO         1294    .ARM.Collect$$_printf_percent$$00000012  c_w.l(_printf_l.o)
    0x000001ac   0x00000006   Code   RO         1279    .ARM.Collect$$_printf_percent$$00000013  c_w.l(_printf_c.o)
    0x000001b2   0x00000006   Code   RO          982    .ARM.Collect$$_printf_percent$$00000014  c_w.l(_printf_s.o)
    0x000001b8   0x00000006   Code   RO         1295    .ARM.Collect$$_printf_percent$$00000015  c_w.l(_printf_lc.o)
    0x000001be   0x00000006   Code   RO         1296    .ARM.Collect$$_printf_percent$$00000016  c_w.l(_printf_ls.o)
    0x000001c4   0x00000004   Code   RO         1289    .ARM.Collect$$_printf_percent$$00000017  c_w.l(_printf_percent_end.o)
    0x000001c8   0x00000002   Code   RO         1633    .ARM.Collect$$libinit$$00000000  c_w.l(libinit.o)
    0x000001ca   0x00000000   Code   RO         1323    .ARM.Collect$$libinit$$00000002  c_w.l(libinit2.o)
    0x000001ca   0x00000008   Code   RO         1324    .ARM.Collect$$libinit$$00000003  c_w.l(libinit2.o)
    0x000001d2   0x00000000   Code   RO         1326    .ARM.Collect$$libinit$$00000008  c_w.l(libinit2.o)
    0x000001d2   0x00000000   Code   RO         1328    .ARM.Collect$$libinit$$0000000A  c_w.l(libinit2.o)
    0x000001d2   0x00000000   Code   RO         1330    .ARM.Collect$$libinit$$0000000C  c_w.l(libinit2.o)
    0x000001d2   0x00000006   Code   RO         1331    .ARM.Collect$$libinit$$0000000D  c_w.l(libinit2.o)
    0x000001d8   0x00000000   Code   RO         1333    .ARM.Collect$$libinit$$0000000F  c_w.l(libinit2.o)
    0x000001d8   0x0000000c   Code   RO         1334    .ARM.Collect$$libinit$$00000010  c_w.l(libinit2.o)
    0x000001e4   0x00000000   Code   RO         1335    .ARM.Collect$$libinit$$00000011  c_w.l(libinit2.o)
    0x000001e4   0x00000000   Code   RO         1337    .ARM.Collect$$libinit$$00000013  c_w.l(libinit2.o)
    0x000001e4   0x0000000a   Code   RO         1338    .ARM.Collect$$libinit$$00000014  c_w.l(libinit2.o)
    0x000001ee   0x00000000   Code   RO         1339    .ARM.Collect$$libinit$$00000015  c_w.l(libinit2.o)
    0x000001ee   0x00000000   Code   RO         1341    .ARM.Collect$$libinit$$00000017  c_w.l(libinit2.o)
    0x000001ee   0x00000000   Code   RO         1343    .ARM.Collect$$libinit$$00000019  c_w.l(libinit2.o)
    0x000001ee   0x00000000   Code   RO         1345    .ARM.Collect$$libinit$$0000001B  c_w.l(libinit2.o)
    0x000001ee   0x00000000   Code   RO         1347    .ARM.Collect$$libinit$$0000001D  c_w.l(libinit2.o)
    0x000001ee   0x00000000   Code   RO         1349    .ARM.Collect$$libinit$$0000001F  c_w.l(libinit2.o)
    0x000001ee   0x00000000   Code   RO         1351    .ARM.Collect$$libinit$$00000021  c_w.l(libinit2.o)
    0x000001ee   0x00000004   Code   RO         1352    .ARM.Collect$$libinit$$00000022  c_w.l(libinit2.o)
    0x000001f2   0x00000000   Code   RO         1353    .ARM.Collect$$libinit$$00000023  c_w.l(libinit2.o)
    0x000001f2   0x00000000   Code   RO         1357    .ARM.Collect$$libinit$$0000002A  c_w.l(libinit2.o)
    0x000001f2   0x00000000   Code   RO         1359    .ARM.Collect$$libinit$$0000002C  c_w.l(libinit2.o)
    0x000001f2   0x00000000   Code   RO         1361    .ARM.Collect$$libinit$$0000002E  c_w.l(libinit2.o)
    0x000001f2   0x00000004   Code   RO         1362    .ARM.Collect$$libinit$$0000002F  c_w.l(libinit2.o)
    0x000001f6   0x00000000   Code   RO         1363    .ARM.Collect$$libinit$$00000030  c_w.l(libinit2.o)
    0x000001f6   0x00000002   Code   RO         1364    .ARM.Collect$$libinit$$00000031  c_w.l(libinit2.o)
    0x000001f8   0x00000006   Code   RO         1365    .ARM.Collect$$libshutdown$$00000001  c_w.l(libshutdown2.o)
    0x000001fe   0x00000000   Code   RO         1367    .ARM.Collect$$libshutdown$$00000003  c_w.l(libshutdown2.o)
    0x000001fe   0x00000000   Code   RO         1152    .ARM.Collect$$rtentry$$00000000  c_w.l(rtentry.o)
    0x000001fe   0x00000000   Code   RO         1433    .ARM.Collect$$rtentry$$00000002  c_w.l(rtentry2.o)
    0x000001fe   0x00000006   Code   RO         1445    .ARM.Collect$$rtentry$$00000004  c_w.l(rtentry4.o)
    0x00000204   0x00000000   Code   RO         1435    .ARM.Collect$$rtentry$$00000009  c_w.l(rtentry2.o)
    0x00000204   0x00000004   Code   RO         1436    .ARM.Collect$$rtentry$$0000000A  c_w.l(rtentry2.o)
    0x00000208   0x00000000   Code   RO         1438    .ARM.Collect$$rtentry$$0000000C  c_w.l(rtentry2.o)
    0x00000208   0x00000008   Code   RO         1439    .ARM.Collect$$rtentry$$0000000D  c_w.l(rtentry2.o)
    0x00000210   0x00000000   Code   RO         1595    .emb_text           c_w.l(maybetermalloc1.o)
    0x00000210   0x000000d8   Code   RO            3    .text               main.o
    0x000002e8   0x0000000a   Code   RO          946    .text               c_w.l(vfprintf.o)
    0x000002f2   0x00000002   PAD
    0x000002f4   0x00000008   Code   RO         1162    .text               c_w.l(rt_ddtor_pointer_addr.o)
    0x000002fc   0x00000004   Code   RO          484    .ARM.__at_0x02FC    startup_LPC17xx.o
    0x00000300   0x00000190   Code   RO          286    .text               grove_lcd_rgb_backlight.o
    0x00000490   0x00000024   Code   RO          485    .text               startup_LPC17xx.o
    0x000004b4   0x00000014   Code   RO          948    .text               c_w.l(__2fprintf.o)
    0x000004c8   0x0000002c   Code   RO          950    .text               c_w.l(__2sprintf.o)
    0x000004f4   0x00000052   Code   RO          958    .text               c_w.l(_printf_str.o)
    0x00000546   0x00000002   PAD
    0x00000548   0x00000078   Code   RO          960    .text               c_w.l(_printf_dec.o)
    0x000005c0   0x0000018c   Code   RO          979    .text               c_w.l(__printf_flags_ss_wp.o)
    0x0000074c   0x0000003c   Code   RO          986    .text               c_w.l(__0sscanf.o)
    0x00000788   0x00000150   Code   RO          988    .text               c_w.l(_scanf_int.o)
    0x000008d8   0x00000064   Code   RO          990    .text               c_w.l(fflush.o)
    0x0000093c   0x0000003e   Code   RO         1003    .text               c_w.l(strlen.o)
    0x0000097a   0x00000096   Code   RO         1005    .text               c_w.l(strncmp.o)
    0x00000a10   0x0000007a   Code   RO         1007    .text               c_w.l(rt_memmove_w.o)
    0x00000a8a   0x0000004e   Code   RO         1009    .text               c_w.l(rt_memclr_w.o)
    0x00000ad8   0x00000080   Code   RO         1013    .text               c_w.l(strcmpv7m.o)
    0x00000b58   0x00000024   Code   RO         1020    .text               c_w.l(init_aeabi.o)
    0x00000b7c   0x0000005e   Code   RO         1171    .text               c_w.l(h1_alloc.o)
    0x00000bda   0x0000004e   Code   RO         1173    .text               c_w.l(h1_free.o)
    0x00000c28   0x00000052   Code   RO         1229    .text               c_w.l(_printf_pad.o)
    0x00000c7a   0x00000024   Code   RO         1231    .text               c_w.l(_printf_truncate.o)
    0x00000c9e   0x000000b8   Code   RO         1233    .text               c_w.l(_printf_intcommon.o)
    0x00000d56   0x0000002a   Code   RO         1235    .text               c_w.l(_printf_charcount.o)
    0x00000d80   0x00000420   Code   RO         1237    .text               c_w.l(_printf_fp_dec.o)
    0x000011a0   0x00000030   Code   RO         1239    .text               c_w.l(_printf_char_common.o)
    0x000011d0   0x0000000a   Code   RO         1241    .text               c_w.l(_sputc.o)
    0x000011da   0x0000002c   Code   RO         1243    .text               c_w.l(_printf_char.o)
    0x00001206   0x00000002   PAD
    0x00001208   0x00000024   Code   RO         1245    .text               c_w.l(_printf_char_file.o)
    0x0000122c   0x000000bc   Code   RO         1247    .text               c_w.l(_printf_wctomb.o)
    0x000012e8   0x00000078   Code   RO         1250    .text               c_w.l(_printf_longlong_dec.o)
    0x00001360   0x00000078   Code   RO         1256    .text               c_w.l(_printf_oct_int_ll.o)
    0x000013d8   0x0000009c   Code   RO         1276    .text               c_w.l(_printf_hex_int_ll_ptr.o)
    0x00001474   0x0000001c   Code   RO         1299    .text               c_w.l(_chval.o)
    0x00001490   0x0000002c   Code   RO         1301    .text               c_w.l(scanf_char.o)
    0x000014bc   0x00000040   Code   RO         1303    .text               c_w.l(_sgetc.o)
    0x000014fc   0x000000f8   Code   RO         1305    .text               c_w.l(fseek.o)
    0x000015f4   0x000000f0   Code   RO         1307    .text               c_w.l(stdio.o)
    0x000016e4   0x00000138   Code   RO         1310    .text               c_w.l(initio.o)
    0x0000181c   0x0000000e   Code   RO         1314    .text               c_w.l(defsig_pvfn_outer.o)
    0x0000182a   0x00000064   Code   RO         1318    .text               c_w.l(rt_memcpy_w.o)
    0x0000188e   0x00000002   PAD
    0x00001890   0x00000008   Code   RO         1451    .text               c_w.l(rt_heap_descriptor.o)
    0x00001898   0x00000008   Code   RO         1456    .text               c_w.l(rt_locale.o)
    0x000018a0   0x00000004   Code   RO         1461    .text               c_w.l(hguard.o)
    0x000018a4   0x0000008a   Code   RO         1463    .text               c_w.l(init_alloc.o)
    0x0000192e   0x0000000e   Code   RO         1467    .text               c_w.l(h1_init.o)
    0x0000193c   0x0000008a   Code   RO         1481    .text               c_w.l(lludiv10.o)
    0x000019c6   0x00000012   Code   RO         1483    .text               c_w.l(isspace.o)
    0x000019d8   0x00000300   Code   RO         1485    .text               c_w.l(_printf_fp_hex.o)
    0x00001cd8   0x00000080   Code   RO         1488    .text               c_w.l(_printf_fp_infnan.o)
    0x00001d58   0x0000002c   Code   RO         1492    .text               c_w.l(_printf_wchar.o)
    0x00001d84   0x00000370   Code   RO         1494    .text               c_w.l(_scanf.o)
    0x000020f4   0x000000e4   Code   RO         1496    .text               c_w.l(bigflt0.o)
    0x000021d8   0x00000008   Code   RO         1521    .text               c_w.l(ferror.o)
    0x000021e0   0x00000046   Code   RO         1527    .text               c_w.l(ftell.o)
    0x00002226   0x00000046   Code   RO         1529    .text               c_w.l(setvbuf.o)
    0x0000226c   0x000000ec   Code   RO         1531    .text               c_w.l(fopen.o)
    0x00002358   0x0000004c   Code   RO         1533    .text               c_w.l(fclose.o)
    0x000023a4   0x00000040   Code   RO         1543    .text               c_w.l(_wcrtomb.o)
    0x000023e4   0x0000000a   Code   RO         1548    .text               c_w.l(defsig_exit.o)
    0x000023ee   0x0000000e   Code   RO         1550    .text               c_w.l(defsig_rtred_outer.o)
    0x000023fc   0x00000030   Code   RO         1554    .text               c_w.l(defsig_pvfn_inner.o)
    0x0000242c   0x0000000c   Code   RO         1584    .text               c_w.l(sys_exit.o)
    0x00002438   0x00000010   Code   RO         1586    .text               c_w.l(rt_ctype_table.o)
    0x00002448   0x00000008   Code   RO         1588    .text               c_w.l(rt_errno_addr.o)
    0x00002450   0x00000034   Code   RO         1597    .text               c_w.l(h1_extend.o)
    0x00002484   0x000001de   Code   RO         1601    .text               c_w.l(flsbuf.o)
    0x00002662   0x00000032   Code   RO         1607    .text               c_w.l(defsig_general.o)
    0x00002694   0x00000034   Code   RO         1613    .text               c_w.l(defsig_rtred_inner.o)
    0x000026c8   0x0000000e   Code   RO         1615    .text               c_w.l(defsig_rtmem_outer.o)
    0x000026d6   0x00000002   PAD
    0x000026d8   0x00000050   Code   RO         1619    .text               c_w.l(heapauxa.o)
    0x00002728   0x0000000e   Code   RO         1648    .text               c_w.l(sys_wrch.o)
    0x00002736   0x00000002   Code   RO         1650    .text               c_w.l(use_no_semi.o)
    0x00002738   0x00000000   Code   RO         1652    .text               c_w.l(indicate_semi.o)
    0x00002738   0x00000050   Code   RO         1677    .text               c_w.l(defsig_rtmem_inner.o)
    0x00002788   0x0000003e   Code   RO         1499    CL$$btod_d2e        c_w.l(btod.o)
    0x000027c6   0x00000046   Code   RO         1501    CL$$btod_d2e_denorm_low  c_w.l(btod.o)
    0x0000280c   0x00000060   Code   RO         1500    CL$$btod_d2e_norm_op1  c_w.l(btod.o)
    0x0000286c   0x00000338   Code   RO         1509    CL$$btod_div_common  c_w.l(btod.o)
    0x00002ba4   0x000000c6   Code   RO         1506    CL$$btod_e2e        c_w.l(btod.o)
    0x00002c6a   0x00000028   Code   RO         1503    CL$$btod_ediv       c_w.l(btod.o)
    0x00002c92   0x00000028   Code   RO         1502    CL$$btod_emul       c_w.l(btod.o)
    0x00002cba   0x00000244   Code   RO         1508    CL$$btod_mult_common  c_w.l(btod.o)
    0x00002efe   0x00000012   Code   RO          379    i.$Sub$$main        retarget.o
    0x00002f10   0x0000006c   Code   RO          353    i.NVIC_SetVector    cmsis_nvic.o
    0x00002f7c   0x000000a0   Code   RO          361    i.SystemInit        system_LPC17xx.o
    0x0000301c   0x00000006   Code   RO          695    i._ZN4mbed10TimerEvent3irqEj  mbed.ar(TimerEvent.o)
    0x00003022   0x0000000c   Code   RO          696    i._ZN4mbed10TimerEvent6insertEy  mbed.ar(TimerEvent.o)
    0x0000302e   0x00000006   Code   RO          697    i._ZN4mbed10TimerEvent6removeEv  mbed.ar(TimerEvent.o)
    0x00003034   0x00000024   Code   RO          698    i._ZN4mbed10TimerEventC2Ev  mbed.ar(TimerEvent.o)
    0x00003058   0x00000018   Code   RO          700    i._ZN4mbed10TimerEventD2Ev  mbed.ar(TimerEvent.o)
    0x00003070   0x00000018   Code   RO          547    i._ZN4mbed15FunctionPointer4callEv  mbed.ar(FunctionPointer.o)
    0x00003088   0x00000008   Code   RO          548    i._ZN4mbed15FunctionPointer6attachEPFvvE  mbed.ar(FunctionPointer.o)
    0x00003090   0x0000000a   Code   RO          549    i._ZN4mbed15FunctionPointerC1EPFvvE  mbed.ar(FunctionPointer.o)
    0x0000309a   0x00000002   PAD
    0x0000309c   0x00000048   Code   RO          648    i._ZN4mbed3I2C5writeEiPKcib  mbed.ar(I2C.o)
    0x000030e4   0x00000024   Code   RO          651    i._ZN4mbed3I2CC1E7PinNameS1_  mbed.ar(I2C.o)
    0x00003108   0x00000028   Code   RO          673    i._ZN4mbed6Ticker5setupEy  mbed.ar(Ticker.o)
    0x00003130   0x00000022   Code   RO          675    i._ZN4mbed6Ticker7handlerEv  mbed.ar(Ticker.o)
    0x00003152   0x00000002   PAD
    0x00003154   0x00000028   Code   RO          685    i._ZN4mbed6TickerD1Ev  mbed.ar(Ticker.o)
    0x0000317c   0x00000004   Code   RO          819    i._ZN4mbed8FileBase11getPathTypeEv  mbed.ar(FileBase.o)
    0x00003180   0x00000038   Code   RO          821    i._ZN4mbed8FileBase6lookupEPKcj  mbed.ar(FileBase.o)
    0x000031b8   0x00000018   Code   RO          558    i._ZN4mbed8FilePath10fileSystemEv  mbed.ar(FilePath.o)
    0x000031d0   0x0000001c   Code   RO          560    i._ZN4mbed8FilePath4fileEv  mbed.ar(FilePath.o)
    0x000031ec   0x0000000a   Code   RO          561    i._ZN4mbed8FilePath6existsEv  mbed.ar(FilePath.o)
    0x000031f6   0x00000018   Code   RO          562    i._ZN4mbed8FilePath6isFileEv  mbed.ar(FilePath.o)
    0x0000320e   0x00000004   Code   RO          563    i._ZN4mbed8FilePath8fileNameEv  mbed.ar(FilePath.o)
    0x00003212   0x00000040   Code   RO          564    i._ZN4mbed8FilePathC1EPKc  mbed.ar(FilePath.o)
    0x00003252   0x00000028   Code   RO         1582    i.__ARM_fpclassify  m_ws.l(fpclassify.o)
    0x0000327a   0x00000032   Code   RO         1033    i.__aeabi_atexit    cpprt_w.l(aeabi_atexit.o)
    0x000032ac   0x00000042   Code   RO         1401    i.__cxa_finalize    cpprt_w.l(cxa_finalize.o)
    0x000032ee   0x00000006   Code   RO         1030    i.__cxa_pure_virtual  cpprt_w.l(pure_virt.o)
    0x000032f4   0x00000010   Code   RO          367    i.__user_setup_stackheap  sys.o
    0x00003304   0x0000000e   Code   RO          972    i._is_digit         c_w.l(__printf_wp.o)
    0x00003312   0x00000002   PAD
    0x00003314   0x0000002c   Code   RO          382    i._sys_close        retarget.o
    0x00003340   0x00000028   Code   RO          385    i._sys_flen         retarget.o
    0x00003368   0x00000028   Code   RO          386    i._sys_istty        retarget.o
    0x00003390   0x0000014c   Code   RO          387    i._sys_open         retarget.o
    0x000034dc   0x00000028   Code   RO          389    i._sys_seek         retarget.o
    0x00003504   0x00000064   Code   RO          390    i._sys_write        retarget.o
    0x00003568   0x00000098   Code   RO          489    i.analogin_init     mbed.ar(analogin_api.o)
    0x00003600   0x000000d0   Code   RO          490    i.analogin_read     mbed.ar(analogin_api.o)
    0x000036d0   0x00000018   Code   RO          874    i.error             mbed.ar(error.o)
    0x000036e8   0x0000002c   Code   RO          880    i.exit              mbed.ar(exit.o)
    0x00003714   0x0000001a   Code   RO         1524    i.fputc             c_w.l(fputc.o)
    0x0000372e   0x00000002   PAD
    0x00003730   0x00000050   Code   RO          749    i.gpio_dir          mbed.ar(gpio_api.o)
    0x00003780   0x00000038   Code   RO          750    i.gpio_init         mbed.ar(gpio_api.o)
    0x000037b8   0x00000026   Code   RO          728    i.gpio_init_in      mbed.ar(gpio.o)
    0x000037de   0x00000002   PAD
    0x000037e0   0x00000044   Code   RO          731    i.gpio_init_out     mbed.ar(gpio.o)
    0x00003824   0x00000050   Code   RO          732    i.gpio_init_out_ex  mbed.ar(gpio.o)
    0x00003874   0x00000006   Code   RO          751    i.gpio_mode         mbed.ar(gpio_api.o)
    0x0000387a   0x00000002   PAD
    0x0000387c   0x0000001c   Code   RO          764    i.i2c_frequency     mbed.ar(i2c_api.o)
    0x00003898   0x000000d8   Code   RO          765    i.i2c_init          mbed.ar(i2c_api.o)
    0x00003970   0x00000038   Code   RO          774    i.i2c_stop          mbed.ar(i2c_api.o)
    0x000039a8   0x0000012c   Code   RO          775    i.i2c_write         mbed.ar(i2c_api.o)
    0x00003ad4   0x00000050   Code   RO          722    i.mbed_assert_internal  mbed.ar(assert.o)
    0x00003b24   0x00000108   Code   RO          372    i.mbed_die          board.o
    0x00003c2c   0x00000004   Code   RO          886    i.mbed_interface_connected  mbed.ar(mbed_interface.o)
    0x00003c30   0x00000002   Code   RO          392    i.mbed_main         retarget.o
    0x00003c32   0x00000002   Code   RO          393    i.mbed_sdk_init     retarget.o
    0x00003c34   0x0000005c   Code   RO          795    i.pin_function      mbed.ar(pinmap.o)
    0x00003c90   0x00000084   Code   RO          796    i.pin_mode          mbed.ar(pinmap.o)
    0x00003d14   0x0000001e   Code   RO          849    i.pinmap_find_peripheral  mbed.ar(pinmap_common.o)
    0x00003d32   0x00000002   PAD
    0x00003d34   0x00000038   Code   RO          850    i.pinmap_merge      mbed.ar(pinmap_common.o)
    0x00003d6c   0x00000058   Code   RO          851    i.pinmap_peripheral  mbed.ar(pinmap_common.o)
    0x00003dc4   0x00000050   Code   RO          852    i.pinmap_pinout     mbed.ar(pinmap_common.o)
    0x00003e14   0x00000010   Code   RO          907    i.semihost_connected  mbed.ar(semihost_api.o)
    0x00003e24   0x0000000c   Code   RO          910    i.semihost_exit     mbed.ar(semihost_api.o)
    0x00003e30   0x000001c4   Code   RO          500    i.serial_baud       mbed.ar(serial_api.o)
    0x00003ff4   0x000000a0   Code   RO          504    i.serial_format     mbed.ar(serial_api.o)
    0x00004094   0x00000168   Code   RO          507    i.serial_init       mbed.ar(serial_api.o)
    0x000041fc   0x000000d4   Code   RO          510    i.serial_irq_set_internal  mbed.ar(serial_api.o)
    0x000042d0   0x00000068   Code   RO          512    i.serial_putc       mbed.ar(serial_api.o)
    0x00004338   0x0000010c   Code   RO          514    i.serial_set_flow_control  mbed.ar(serial_api.o)
    0x00004444   0x00000014   Code   RO          516    i.uart0_irq         mbed.ar(serial_api.o)
    0x00004458   0x00000014   Code   RO          517    i.uart1_irq         mbed.ar(serial_api.o)
    0x0000446c   0x00000014   Code   RO          518    i.uart2_irq         mbed.ar(serial_api.o)
    0x00004480   0x00000014   Code   RO          519    i.uart3_irq         mbed.ar(serial_api.o)
    0x00004494   0x00000064   Code   RO          520    i.uart_irq          mbed.ar(serial_api.o)
    0x000044f8   0x0000000c   Code   RO          804    i.us_ticker_clear_interrupt  mbed.ar(us_ticker.o)
    0x00004504   0x00000010   Code   RO          805    i.us_ticker_disable_interrupt  mbed.ar(us_ticker.o)
    0x00004514   0x00000064   Code   RO          806    i.us_ticker_init    mbed.ar(us_ticker.o)
    0x00004578   0x0000004c   Code   RO          861    i.us_ticker_insert_event  mbed.ar(us_ticker_api.o)
    0x000045c4   0x00000044   Code   RO          862    i.us_ticker_irq_handler  mbed.ar(us_ticker_api.o)
    0x00004608   0x00000060   Code   RO          807    i.us_ticker_read    mbed.ar(us_ticker.o)
    0x00004668   0x0000003c   Code   RO          863    i.us_ticker_remove_event  mbed.ar(us_ticker_api.o)
    0x000046a4   0x00000014   Code   RO          864    i.us_ticker_set_handler  mbed.ar(us_ticker_api.o)
    0x000046b8   0x00000014   Code   RO          808    i.us_ticker_set_interrupt  mbed.ar(us_ticker.o)
    0x000046cc   0x00000024   Code   RO          741    i.wait              mbed.ar(wait_api.o)
    0x000046f0   0x0000001c   Code   RO          742    i.wait_ms           mbed.ar(wait_api.o)
    0x0000470c   0x00000018   Code   RO          743    i.wait_us           mbed.ar(wait_api.o)
    0x00004724   0x0000002c   Code   RO         1546    locale$$code        c_w.l(lc_numeric_c.o)
    0x00004750   0x0000002c   Code   RO         1667    locale$$code        c_w.l(lc_ctype_c.o)
    0x0000477c   0x0000000c   Code   RO         1414    x$fpl$dretinf       fz_ws.l(dretinf.o)
    0x00004788   0x00000056   Code   RO         1136    x$fpl$f2d           fz_ws.l(f2d.o)
    0x000047de   0x00000002   PAD
    0x000047e0   0x00000036   Code   RO         1138    x$fpl$ffix          fz_ws.l(ffix.o)
    0x00004816   0x00000002   PAD
    0x00004818   0x00000026   Code   RO         1142    x$fpl$ffltu         fz_ws.l(fflt_clz.o)
    0x0000483e   0x00000002   PAD
    0x00004840   0x00000102   Code   RO         1148    x$fpl$fmul          fz_ws.l(fmul.o)
    0x00004942   0x0000008c   Code   RO         1416    x$fpl$fnaninf       fz_ws.l(fnaninf.o)
    0x000049ce   0x0000000a   Code   RO         1418    x$fpl$fretinf       fz_ws.l(fretinf.o)
    0x000049d8   0x00000004   Code   RO         1150    x$fpl$printf1       fz_ws.l(printf1.o)
    0x000049dc   0x00000004   Code   RO         1420    x$fpl$printf2       fz_ws.l(printf2.o)
    0x000049e0   0x00000000   Code   RO         1426    x$fpl$usenofp       fz_ws.l(usenofp.o)
    0x000049e0   0x00000067   Data   RO          373    .constdata          board.o
    0x00004a47   0x00000017   Data   RO          430    .constdata          retarget.o
    0x00004a5e   0x00000002   PAD
    0x00004a60   0x000000c4   Data   RO          492    .constdata          mbed.ar(analogin_api.o)
    0x00004b24   0x000002b8   Data   RO          522    .constdata          mbed.ar(serial_api.o)
    0x00004ddc   0x00000067   Data   RO          733    .constdata          mbed.ar(gpio.o)
    0x00004e43   0x00000001   PAD
    0x00004e44   0x00000068   Data   RO          753    .constdata          mbed.ar(gpio_api.o)
    0x00004eac   0x000000eb   Data   RO          776    .constdata          mbed.ar(i2c_api.o)
    0x00004f97   0x00000001   PAD
    0x00004f98   0x00000054   Data   RO          797    .constdata          mbed.ar(pinmap.o)
    0x00004fec   0x00000011   Data   RO          980    .constdata          c_w.l(__printf_flags_ss_wp.o)
    0x00004ffd   0x00000003   PAD
    0x00005000   0x00000008   Data   RO         1248    .constdata          c_w.l(_printf_wctomb.o)
    0x00005008   0x00000028   Data   RO         1277    .constdata          c_w.l(_printf_hex_int_ll_ptr.o)
    0x00005030   0x00000026   Data   RO         1486    .constdata          c_w.l(_printf_fp_hex.o)
    0x00005056   0x00000002   PAD
    0x00005058   0x00000094   Data   RO         1497    .constdata          c_w.l(bigflt0.o)
    0x000050ec   0x00000014   Data   RO          717    .constdata__ZTVN4mbed10TimerEventE  mbed.ar(TimerEvent.o)
    0x00005100   0x00000014   Data   RO          683    .constdata__ZTVN4mbed6TickerE  mbed.ar(Ticker.o)
    0x00005114   0x00000020   Data   RO         1706    Region$$Table       anon$$obj.o
    0x00005134   0x0000001c   Data   RO         1545    locale$$data        c_w.l(lc_numeric_c.o)
    0x00005150   0x00000110   Data   RO         1666    locale$$data        c_w.l(lc_ctype_c.o)
    0x00005260   0x00000004   Data   RO            7    .init_array         main.o


    Execution Region RW_IRAM1 (Base: 0x100000c8, Size: 0x000022cc, Max: 0x00007f38, ABSOLUTE)

    Base Addr    Size         Type   Attr      Idx    E Section Name        Object

    0x100000c8   0x00000010   Data   RW            6    .data               main.o
    0x100000d8   0x00000002   Data   RW          288    .data               grove_lcd_rgb_backlight.o
    0x100000da   0x00000002   PAD
    0x100000dc   0x00000004   Data   RW          362    .data               system_LPC17xx.o
    0x100000e0   0x00000010   Data   RW          523    .data               mbed.ar(serial_api.o)
    0x100000f0   0x00000004   Data   RW          661    .data               mbed.ar(I2C.o)
    0x100000f4   0x00000004   Data   RW          809    .data               mbed.ar(us_ticker.o)
    0x100000f8   0x00000004   Data   RW          833    .data               mbed.ar(FileBase.o)
    0x100000fc   0x00000008   Data   RW          865    .data               mbed.ar(us_ticker_api.o)
    0x10000104   0x00000004   Data   RW          995    .data               c_w.l(stdio_streams.o)
    0x10000108   0x00000004   Data   RW          996    .data               c_w.l(stdio_streams.o)
    0x1000010c   0x00000004   Data   RW          997    .data               c_w.l(stdio_streams.o)
    0x10000110   0x00000004   Data   RW         1620    .data               c_w.l(heapauxa.o)
    0x10000114   0x00000004   PAD
    0x10000118   0x00002040   Zero   RW            5    .bss                main.o
    0x10002158   0x00000040   Zero   RW          429    .bss                retarget.o
    0x10002198   0x000000e0   Zero   RW          521    .bss                mbed.ar(serial_api.o)
    0x10002278   0x00000054   Zero   RW          992    .bss                c_w.l(stdio_streams.o)
    0x100022cc   0x00000054   Zero   RW          993    .bss                c_w.l(stdio_streams.o)
    0x10002320   0x00000054   Zero   RW          994    .bss                c_w.l(stdio_streams.o)
    0x10002374   0x00000004   Zero   RW         1163    .bss                c_w.l(rt_ddtor_pointer_addr.o)
    0x10002378   0x00000004   Zero   RW         1452    .bss                c_w.l(rt_heap_descriptor.o)
    0x1000237c   0x00000014   Zero   RW         1457    .bss                c_w.l(rt_locale.o)
    0x10002390   0x00000004   Zero   RW         1589    .bss                c_w.l(rt_errno_addr.o)


    Execution Region RW_IRAM2 (Base: 0x2007c000, Size: 0x00000000, Max: 0x00004000, ABSOLUTE)

    **** No section assigned to this execution region ****


    Execution Region RW_IRAM3 (Base: 0x20080000, Size: 0x00000000, Max: 0x00004000, ABSOLUTE)

    **** No section assigned to this execution region ****


    Execution Region RW_IRAM4 (Base: 0x40038000, Size: 0x00000000, Max: 0x00000800, ABSOLUTE)

    **** No section assigned to this execution region ****


==============================================================================

Image component sizes


      Code (inc. data)   RO Data    RW Data    ZI Data      Debug   Object Name

       264         22        103          0          0         76   board.o
       108          6          0          0          0         84   cmsis_nvic.o
       400         12          0          2          0       2395   grove_lcd_rgb_backlight.o
       216         42          4         16       8256      34820   main.o
       618         70         23          0         64        688   retarget.o
        40         12        196          0          0        228   startup_LPC17xx.o
        16          6          0          0          0         68   sys.o
       160         10          0          4          0         68   system_LPC17xx.o

    ----------------------------------------------------------------------
      1822        180        360         24       8320      38427   Object Totals
         0          0         32          0          0          0   (incl. Generated)
         0          0          2          2          0          0   (incl. Padding)

    ----------------------------------------------------------------------

      Code (inc. data)   RO Data    RW Data    ZI Data      Debug   Library Member Name

        60          8          0          0          0         84   __0sscanf.o
        20          0          0          0          0         84   __2fprintf.o
        44          6          0          0          0         84   __2sprintf.o
         8          0          0          0          0         68   __main.o
       396          6         17          0          0         92   __printf_flags_ss_wp.o
        14          0          0          0          0         68   __printf_wp.o
        52          8          0          0          0          0   __scatter.o
        26          0          0          0          0          0   __scatter_copy.o
        28          0          0          0          0          0   __scatter_zi.o
        28          0          0          0          0         68   _chval.o
         6          0          0          0          0          0   _printf_a.o
         6          0          0          0          0          0   _printf_c.o
        44          0          0          0          0        108   _printf_char.o
        48          6          0          0          0         96   _printf_char_common.o
        36          4          0          0          0         80   _printf_char_file.o
        42          0          0          0          0         68   _printf_charcount.o
         6          0          0          0          0          0   _printf_d.o
       120         18          0          0          0         92   _printf_dec.o
         6          0          0          0          0          0   _printf_e.o
         6          0          0          0          0          0   _printf_f.o
      1056          0          0          0          0        216   _printf_fp_dec.o
       768          8         38          0          0        100   _printf_fp_hex.o
       128         16          0          0          0         84   _printf_fp_infnan.o
         6          0          0          0          0          0   _printf_g.o
       156          6         40          0          0        160   _printf_hex_int_ll_ptr.o
         6          0          0          0          0          0   _printf_i.o
       184          0          0          0          0         88   _printf_intcommon.o
        10          0          0          0          0          0   _printf_l.o
         6          0          0          0          0          0   _printf_lc.o
        10          0          0          0          0          0   _printf_ll.o
         6          0          0          0          0          0   _printf_lld.o
         6          0          0          0          0          0   _printf_lli.o
         6          0          0          0          0          0   _printf_llo.o
         6          0          0          0          0          0   _printf_llu.o
         6          0          0          0          0          0   _printf_llx.o
       120         16          0          0          0         92   _printf_longlong_dec.o
         6          0          0          0          0          0   _printf_ls.o
         6          0          0          0          0          0   _printf_n.o
         6          0          0          0          0          0   _printf_o.o
       120          8          0          0          0        124   _printf_oct_int_ll.o
         6          0          0          0          0          0   _printf_p.o
        82          0          0          0          0        108   _printf_pad.o
         0          0          0          0          0          0   _printf_percent.o
         4          0          0          0          0          0   _printf_percent_end.o
         6          0          0          0          0          0   _printf_s.o
        82          0          0          0          0         80   _printf_str.o
        36          0          0          0          0         84   _printf_truncate.o
         6          0          0          0          0          0   _printf_u.o
        44          0          0          0          0        108   _printf_wchar.o
       188          6          8          0          0         92   _printf_wctomb.o
         6          0          0          0          0          0   _printf_x.o
       880          4          0          0          0        100   _scanf.o
       336          0          0          0          0         96   _scanf_int.o
        64          0          0          0          0         84   _sgetc.o
        10          0          0          0          0         68   _sputc.o
        64          0          0          0          0         92   _wcrtomb.o
       228          6        148          0          0         96   bigflt0.o
      1910        128          0          0          0        672   btod.o
        10          0          0          0          0         68   defsig_exit.o
        50          0          0          0          0         88   defsig_general.o
        48         34          0          0          0         76   defsig_pvfn_inner.o
        14          0          0          0          0         80   defsig_pvfn_outer.o
        80         58          0          0          0         76   defsig_rtmem_inner.o
        14          0          0          0          0         80   defsig_rtmem_outer.o
        52         38          0          0          0         76   defsig_rtred_inner.o
        14          0          0          0          0         80   defsig_rtred_outer.o
        76          0          0          0          0         88   fclose.o
         8          0          0          0          0         68   ferror.o
       100          4          0          0          0        120   fflush.o
       478          0          0          0          0         88   flsbuf.o
       236          4          0          0          0        128   fopen.o
        26          0          0          0          0         68   fputc.o
       248          6          0          0          0         84   fseek.o
        70          0          0          0          0         76   ftell.o
        94          0          0          0          0         80   h1_alloc.o
        52          0          0          0          0         68   h1_extend.o
        78          0          0          0          0         80   h1_free.o
        14          0          0          0          0         84   h1_init.o
        80          6          0          4          0         96   heapauxa.o
         4          0          0          0          0        136   hguard.o
         0          0          0          0          0          0   indicate_semi.o
        36         10          0          0          0         80   init_aeabi.o
       138          0          0          0          0        168   init_alloc.o
       312         46          0          0          0        112   initio.o
        18          0          0          0          0         76   isspace.o
        44         10        272          0          0         76   lc_ctype_c.o
        44         10         28          0          0         76   lc_numeric_c.o
         2          0          0          0          0          0   libinit.o
        46          0          0          0          0          0   libinit2.o
         6          0          0          0          0          0   libshutdown2.o
       138          0          0          0          0         80   lludiv10.o
         0          0          0          0          0          0   maybetermalloc1.o
        16          4          0          0          0         76   rt_ctype_table.o
         8          4          0          0          4         68   rt_ddtor_pointer_addr.o
         8          4          0          0          4         68   rt_errno_addr.o
         8          4          0          0          4         68   rt_heap_descriptor.o
         8          4          0          0         20         68   rt_locale.o
        78          0          0          0          0         80   rt_memclr_w.o
       100          0          0          0          0         80   rt_memcpy_w.o
       122          0          0          0          0         80   rt_memmove_w.o
         0          0          0          0          0          0   rtentry.o
        12          0          0          0          0          0   rtentry2.o
         6          0          0          0          0          0   rtentry4.o
        44          8          0          0          0         84   scanf_char.o
        70          0          0          0          0         80   setvbuf.o
       240          6          0          0          0        156   stdio.o
         0          0          0         12        252          0   stdio_streams.o
       128          0          0          0          0         68   strcmpv7m.o
        62          0          0          0          0         76   strlen.o
       150          0          0          0          0         80   strncmp.o
        12          4          0          0          0         68   sys_exit.o
        14          0          0          0          0         76   sys_wrch.o
         2          0          0          0          0         68   use_no_semi.o
        10          0          0          0          0         68   vfprintf.o
        50          0          0          0          0         84   aeabi_atexit.o
        66          0          0          0          0         84   cxa_finalize.o
         6          0          0          0          0         68   pure_virt.o
        12          0          0          0          0         68   dretinf.o
        86          4          0          0          0         84   f2d.o
        54          4          0          0          0         84   ffix.o
        38          0          0          0          0         68   fflt_clz.o
       258          4          0          0          0         84   fmul.o
       140          4          0          0          0         84   fnaninf.o
        10          0          0          0          0         68   fretinf.o
         4          0          0          0          0         68   printf1.o
         4          0          0          0          0         68   printf2.o
         0          0          0          0          0          0   usenofp.o
        40          0          0          0          0         68   fpclassify.o
        60          6          0          4          0        148   FileBase.o
       154          0          0          0          0        440   FilePath.o
        42          0          0          0          0        204   FunctionPointer.o
       108         14          0          4          0        164   I2C.o
       114          6         20          0          0        248   Ticker.o
        84         12         20          0          0        364   TimerEvent.o
       360         58        196          0          0        172   analogin_api.o
        80         56          0          0          0         80   assert.o
        24          4          0          0          0         80   error.o
        44          8          0          0          0         72   exit.o
       186         12        103          0          0        268   gpio.o
       142         28        104          0          0        228   gpio_api.o
       600         60        235          0          0        320   i2c_api.o
         4          0          0          0          0         68   mbed_interface.o
       224         58         84          0          0        160   pinmap.o
       254         76          0          0          0        308   pinmap_common.o
        28          6          0          0          0        144   semihost_api.o
      1736        170        696         16        224        928   serial_api.o
       244         64          0          4          0        356   us_ticker.o
       224         20          0          8          0        320   us_ticker_api.o
        88          4          0          0          0        240   wait_api.o

    ----------------------------------------------------------------------
     16894       1196       2016         52        512      13796   Library Totals
        32          0          7          0          4          0   (incl. Padding)

    ----------------------------------------------------------------------

      Code (inc. data)   RO Data    RW Data    ZI Data      Debug   Library Name

     11294        518        551         16        284       7504   c_w.l
       122          0          0          0          0        236   cpprt_w.l
       606         16          0          0          0        676   fz_ws.l
        40          0          0          0          0         68   m_ws.l
      4800        662       1458         36        224       5312   mbed.ar

    ----------------------------------------------------------------------
     16894       1196       2016         52        512      13796   Library Totals

    ----------------------------------------------------------------------

==============================================================================


      Code (inc. data)   RO Data    RW Data    ZI Data      Debug   

     18716       1376       2376         76       8832      43019   Grand Totals
     18716       1376       2376         76       8832      43019   ELF Image Totals
     18716       1376       2376         76          0          0   ROM Totals

==============================================================================

    Total RO  Size (Code + RO Data)                21092 (  20.60kB)
    Total RW  Size (RW Data + ZI Data)              8908 (   8.70kB)
    Total ROM Size (Code + RO Data + RW Data)      21168 (  20.67kB)

==============================================================================

