<html>
<body>
<pre>
<h1>µVision Build Log</h1>
<h2>Project:</h2>
C:\Users\noedu\Desktop\cours\électronique numérique\Semestre 2\Microntroleur\TP4\InterruptIn_HelloWorld.uvproj
Project File Date:  04/15/2022

<h2>Output:</h2>
Rebuild target 'mbed NXP LPC1768'
compiling main.cpp...
compiling Grove_LCD_RGB_Backlight.cpp...
linking...
Program Size: Code=20028 RO-data=2676 RW-data=124 ZI-data=568  
After Build - User command #1: fromelf --bin -o build\InterruptIn_HelloWorld_LPC1768.bin build\InterruptIn_HelloWorld.axf
".\build\InterruptIn_HelloWorld.axf" - 0 Error(s), 0 Warning(s).
Load "C:\\Users\\noedu\\Desktop\\cours\\électronique numérique\\Semestre 2\\Microntroleur\\TP4\\build\\InterruptIn_HelloWorld.axf" 
Erase Done.
Programming Done.
Verify OK.
Application running ...
</pre>
</body>
</html>
rs\noedu\Desktop\cours\électronique numérique\Semestre 2\Microntroleur\TP4\build\InterruptIn_HelloWorld.axf'
ld\InterruptIn_HelloWorld.axf" - 2 Error(s), 1 Warning(s).
Target not created
Load "C:\\Users\\noedu\\Desktop\\cours\\électronique numérique\\Semestre 2\\Microntroleur\\TP4\\build\\InterruptIn_HelloWorld.axf" 
_____^
*** error 56: cannot open file
Error: Flash Download failed  -  Could not load file 'C:\Users\noedu\Desktop\cours\électronique numérique\Semestre 2\Microntroleur\TP4\build\InterruptIn_HelloWorld.axf'
tIn_HelloWorld.axf'
failed  -  Could not load file 'C:\Users\noedu\Desktop\cours\électronique numérique\Semestre 2\Microntroleur\TP4\build\InterruptIn_HelloWorld.axf'
Load "C:\\Users\\noedu\\Desktop\\cours\\électronique numérique\\Semestre 2\\Microntroleur\\TP4\\build\\InterruptIn_HelloWorld.axf" 
_____^
*** error 56: cannot open file
Error: Flash Download failed  -  Could not load file 'C:\Users\noedu\Desktop\cours\électronique numérique\Semestre 2\Microntroleur\TP4\build\InterruptIn_HelloWorld.axf'
